Component: ARM Compiler 5.06 update 7 (build 960) Tool: armlink [4d3601]

==============================================================================

Section Cross References

    main.o(.text) refers to key.o(.text) for KEY_Scan
    main.o(.text) refers to os_tmr.o(.text) for OSTmrStart
    main.o(.text) refers to noretval__2printf.o(.text) for __2printf
    main.o(.text) refers to os_time.o(.text) for OSTimeDlyHMSM
    main.o(.text) refers to lcd.o(.text) for LCD_ShowNum
    main.o(.text) refers to cpu_core.o(.text) for CPU_Init
    main.o(.text) refers to os_stat.o(.text) for OSStatTaskCPUUsageInit
    main.o(.text) refers to os_core.o(.text) for OSSchedRoundRobinCfg
    main.o(.text) refers to cpu_a.o(.text) for CPU_SR_Save
    main.o(.text) refers to os_task.o(.text) for OSTaskCreate
    main.o(.text) refers to delay.o(.text) for delay_init
    main.o(.text) refers to misc.o(.text) for NVIC_PriorityGroupConfig
    main.o(.text) refers to usart.o(.text) for uart_init
    main.o(.text) refers to sys.o(.text) for INTX_DISABLE
    main.o(.text) refers to led.o(.text) for LED_Init
    main.o(.text) refers to main.o(.bss) for tmr1
    main.o(.text) refers to main.o(.data) for tmr2_num
    main.o(.text) refers to os_var.o(.data) for OSSchedLockNestingCtr
    main.o(.text) refers to lcd.o(.data) for POINT_COLOR
    system_stm32f10x.o(.text) refers to system_stm32f10x.o(.data) for SystemCoreClock
    led.o(.text) refers to stm32f10x_rcc.o(.text) for RCC_APB2PeriphClockCmd
    led.o(.text) refers to stm32f10x_gpio.o(.text) for GPIO_Init
    lcd.o(.text) refers to _printf_percent.o(.ARM.Collect$$_printf_percent$$00000000) for _printf_percent
    lcd.o(.text) refers to _printf_x.o(.ARM.Collect$$_printf_percent$$0000000C) for _printf_x
    lcd.o(.text) refers to _printf_hex_int.o(.text) for _printf_longlong_hex
    lcd.o(.text) refers to stm32f10x_gpio.o(.text) for GPIO_ResetBits
    lcd.o(.text) refers to delay.o(.text) for delay_us
    lcd.o(.text) refers to lcd.o(.bss) for lcddev
    lcd.o(.text) refers to lcd.o(.data) for POINT_COLOR
    lcd.o(.text) refers to stm32f10x_rcc.o(.text) for RCC_APB2PeriphClockCmd
    lcd.o(.text) refers to noretval__2printf.o(.text) for __2printf
    lcd.o(.text) refers to lcd.o(.constdata) for asc2_1206
    key.o(.text) refers to stm32f10x_rcc.o(.text) for RCC_APB2PeriphClockCmd
    key.o(.text) refers to stm32f10x_gpio.o(.text) for GPIO_PinRemapConfig
    key.o(.text) refers to delay.o(.text) for delay_ms
    key.o(.text) refers to key.o(.data) for key_up
    delay.o(.text) refers to os_core.o(.text) for OSSchedLock
    delay.o(.text) refers to os_time.o(.text) for OSTimeDly
    delay.o(.text) refers to misc.o(.text) for SysTick_CLKSourceConfig
    delay.o(.text) refers to os_var.o(.data) for OSRunning
    delay.o(.text) refers to system_stm32f10x.o(.data) for SystemCoreClock
    delay.o(.text) refers to delay.o(.data) for fac_us
    delay.o(.text) refers to os_cfg_app.o(.constdata) for OSCfg_TickRate_Hz
    usart.o(.text) refers (Special) to use_no_semi_2.o(.text) for __use_no_semihosting
    usart.o(.text) refers to stm32f10x_rcc.o(.text) for RCC_APB2PeriphClockCmd
    usart.o(.text) refers to stm32f10x_usart.o(.text) for USART_DeInit
    usart.o(.text) refers to stm32f10x_gpio.o(.text) for GPIO_Init
    usart.o(.text) refers to misc.o(.text) for NVIC_Init
    usart.o(.text) refers to os_core.o(.text) for OSIntEnter
    usart.o(.text) refers to usart.o(.data) for USART_RX_STA
    usart.o(.text) refers to usart.o(.bss) for USART_RX_BUF
    usart.o(.bss) refers (Special) to use_no_semi_2.o(.text) for __use_no_semihosting
    usart.o(.data) refers (Special) to use_no_semi_2.o(.text) for __use_no_semihosting
    startup_stm32f10x_hd.o(STACK) refers (Special) to heapauxi.o(.text) for __use_two_region_memory
    startup_stm32f10x_hd.o(HEAP) refers (Special) to heapauxi.o(.text) for __use_two_region_memory
    startup_stm32f10x_hd.o(RESET) refers (Special) to heapauxi.o(.text) for __use_two_region_memory
    startup_stm32f10x_hd.o(RESET) refers to startup_stm32f10x_hd.o(STACK) for __initial_sp
    startup_stm32f10x_hd.o(RESET) refers to startup_stm32f10x_hd.o(.text) for Reset_Handler
    startup_stm32f10x_hd.o(RESET) refers to stm32f10x_it.o(.text) for NMI_Handler
    startup_stm32f10x_hd.o(RESET) refers to os_cpu_a.o(CODE) for PendSV_Handler
    startup_stm32f10x_hd.o(RESET) refers to delay.o(.text) for SysTick_Handler
    startup_stm32f10x_hd.o(RESET) refers to usart.o(.text) for USART1_IRQHandler
    startup_stm32f10x_hd.o(.text) refers (Special) to heapauxi.o(.text) for __use_two_region_memory
    startup_stm32f10x_hd.o(.text) refers to system_stm32f10x.o(.text) for SystemInit
    startup_stm32f10x_hd.o(.text) refers to __main.o(!!!main) for __main
    startup_stm32f10x_hd.o(.text) refers to startup_stm32f10x_hd.o(HEAP) for Heap_Mem
    startup_stm32f10x_hd.o(.text) refers to startup_stm32f10x_hd.o(STACK) for Stack_Mem
[...]
    __rt_lib_init_fp_1                       0x080001f1   Thumb Code     0  libinit2.o(.ARM.Collect$$libinit$$00000002)
    __rt_lib_init_fp_trap_1                  0x080001f1   Thumb Code     0  libinit2.o(.ARM.Collect$$libinit$$0000001F)
    __rt_lib_init_getenv_1                   0x080001f1   Thumb Code     0  libinit2.o(.ARM.Collect$$libinit$$00000023)
    __rt_lib_init_heap_1                     0x080001f1   Thumb Code     0  libinit2.o(.ARM.Collect$$libinit$$0000000A)
    __rt_lib_init_lc_collate_1               0x080001f1   Thumb Code     0  libinit2.o(.ARM.Collect$$libinit$$00000011)
    __rt_lib_init_lc_ctype_1                 0x080001f1   Thumb Code     0  libinit2.o(.ARM.Collect$$libinit$$00000013)
    __rt_lib_init_lc_monetary_1              0x080001f1   Thumb Code     0  libinit2.o(.ARM.Collect$$libinit$$00000015)
    __rt_lib_init_lc_numeric_1               0x080001f1   Thumb Code     0  libinit2.o(.ARM.Collect$$libinit$$00000017)
    __rt_lib_init_lc_time_1                  0x080001f1   Thumb Code     0  libinit2.o(.ARM.Collect$$libinit$$00000019)
    __rt_lib_init_preinit_1                  0x080001f1   Thumb Code     0  libinit2.o(.ARM.Collect$$libinit$$00000004)
    __rt_lib_init_rand_1                     0x080001f1   Thumb Code     0  libinit2.o(.ARM.Collect$$libinit$$0000000E)
    __rt_lib_init_return                     0x080001f1   Thumb Code     0  libinit2.o(.ARM.Collect$$libinit$$00000033)
    __rt_lib_init_signal_1                   0x080001f1   Thumb Code     0  libinit2.o(.ARM.Collect$$libinit$$0000001D)
    __rt_lib_init_stdio_1                    0x080001f1   Thumb Code     0  libinit2.o(.ARM.Collect$$libinit$$00000025)
    __rt_lib_init_user_alloc_1               0x080001f1   Thumb Code     0  libinit2.o(.ARM.Collect$$libinit$$0000000C)
    __rt_lib_shutdown                        0x080001f3   Thumb Code     0  libshutdown.o(.ARM.Collect$$libshutdown$$00000000)
    __rt_lib_shutdown_cpp_1                  0x080001f5   Thumb Code     0  libshutdown2.o(.ARM.Collect$$libshutdown$$00000004)
    __rt_lib_shutdown_fini_1                 0x080001f5   Thumb Code     0  libshutdown2.o(.ARM.Collect$$libshutdown$$00000002)
    __rt_lib_shutdown_fp_trap_1              0x080001f5   Thumb Code     0  libshutdown2.o(.ARM.Collect$$libshutdown$$00000009)
    __rt_lib_shutdown_heap_1                 0x080001f5   Thumb Code     0  libshutdown2.o(.ARM.Collect$$libshutdown$$00000011)
    __rt_lib_shutdown_return                 0x080001f5   Thumb Code     0  libshutdown2.o(.ARM.Collect$$libshutdown$$00000012)
    __rt_lib_shutdown_signal_1               0x080001f5   Thumb Code     0  libshutdown2.o(.ARM.Collect$$libshutdown$$0000000C)
    __rt_lib_shutdown_stdio_1                0x080001f5   Thumb Code     0  libshutdown2.o(.ARM.Collect$$libshutdown$$00000006)
    __rt_lib_shutdown_user_alloc_1           0x080001f5   Thumb Code     0  libshutdown2.o(.ARM.Collect$$libshutdown$$0000000E)
    __rt_entry                               0x080001f7   Thumb Code     0  __rtentry.o(.ARM.Collect$$rtentry$$00000000)
    __rt_entry_presh_1                       0x080001f7   Thumb Code     0  __rtentry2.o(.ARM.Collect$$rtentry$$00000002)
    __rt_entry_sh                            0x080001f7   Thumb Code     0  __rtentry4.o(.ARM.Collect$$rtentry$$00000004)
    __rt_entry_li                            0x080001fd   Thumb Code     0  __rtentry2.o(.ARM.Collect$$rtentry$$0000000A)
    __rt_entry_postsh_1                      0x080001fd   Thumb Code     0  __rtentry2.o(.ARM.Collect$$rtentry$$00000009)
    __rt_entry_main                          0x08000201   Thumb Code     0  __rtentry2.o(.ARM.Collect$$rtentry$$0000000D)
    __rt_entry_postli_1                      0x08000201   Thumb Code     0  __rtentry2.o(.ARM.Collect$$rtentry$$0000000C)
    __rt_exit                                0x08000209   Thumb Code     0  rtexit.o(.ARM.Collect$$rtexit$$00000000)
    __rt_exit_ls                             0x0800020b   Thumb Code     0  rtexit2.o(.ARM.Collect$$rtexit$$00000003)
    __rt_exit_prels_1                        0x0800020b   Thumb Code     0  rtexit2.o(.ARM.Collect$$rtexit$$00000002)
    __rt_exit_exit                           0x0800020f   Thumb Code     0  rtexit2.o(.ARM.Collect$$rtexit$$00000004)
    task1_task                               0x08000215   Thumb Code   138  main.o(.text)
    tmr2_callback                            0x0800029f   Thumb Code    94  main.o(.text)
    tmr1_callback                            0x080002fd   Thumb Code    72  main.o(.text)
    start_task                               0x08000345   Thumb Code   282  main.o(.text)
    main                                     0x0800045f   Thumb Code   380  main.o(.text)
    NMI_Handler                              0x080006b1   Thumb Code     2  stm32f10x_it.o(.text)
    HardFault_Handler                        0x080006b3   Thumb Code     4  stm32f10x_it.o(.text)
    MemManage_Handler                        0x080006b7   Thumb Code     4  stm32f10x_it.o(.text)
    BusFault_Handler                         0x080006bb   Thumb Code     4  stm32f10x_it.o(.text)
    UsageFault_Handler                       0x080006bf   Thumb Code     4  stm32f10x_it.o(.text)
    SVC_Handler                              0x080006c3   Thumb Code     2  stm32f10x_it.o(.text)
    DebugMon_Handler                         0x080006c5   Thumb Code     2  stm32f10x_it.o(.text)
    SystemInit                               0x080007a7   Thumb Code    78  system_stm32f10x.o(.text)
    SystemCoreClockUpdate                    0x080007f5   Thumb Code   142  system_stm32f10x.o(.text)
    LED_Init                                 0x080008a9   Thumb Code    72  led.o(.text)
    LCD_WR_REG                               0x080008f9   Thumb Code    60  lcd.o(.text)
    LCD_WR_DATAX                             0x08000935   Thumb Code    60  lcd.o(.text)
    LCD_RD_DATA                              0x08000971   Thumb Code   118  lcd.o(.text)
    LCD_WriteReg                             0x080009e7   Thumb Code    68  lcd.o(.text)
    LCD_ReadReg                              0x08000a2b   Thumb Code    16  lcd.o(.text)
    LCD_WriteRAM_Prepare                     0x08000a3b   Thumb Code    12  lcd.o(.text)
    LCD_WriteRAM                             0x08000a47   Thumb Code    60  lcd.o(.text)
    LCD_BGR2RGB                              0x08000a83   Thumb Code    26  lcd.o(.text)
    LCD_SetCursor                            0x08000a9d   Thumb Code   860  lcd.o(.text)
    LCD_ReadPoint                            0x08000df9   Thumb Code   464  lcd.o(.text)
    LCD_DisplayOn                            0x08000fc9   Thumb Code    80  lcd.o(.text)
    LCD_DisplayOff                           0x08001019   Thumb Code    78  lcd.o(.text)
    LCD_Scan_Dir                             0x08001067   Thumb Code  1504  lcd.o(.text)
    LCD_DrawPoint                            0x08001647   Thumb Code    76  lcd.o(.text)
    LCD_Fast_DrawPoint                       0x08001693   Thumb Code   980  lcd.o(.text)
    LCD_Display_Dir                          0x08001a67   Thumb Code   420  lcd.o(.text)
    LCD_Set_Window                           0x08001c0b   Thumb Code  1212  lcd.o(.text)
    LCD_Clear                                0x080020c7   Thumb Code   164  lcd.o(.text)
    LCD_Init                                 0x0800216b   Thumb Code 14876  lcd.o(.text)
    LCD_Fill                                 0x08005b87   Thumb Code   226  lcd.o(.text)
    LCD_Color_Fill                           0x08005c69   Thumb Code   140  lcd.o(.text)
    LCD_DrawLine                             0x08005cf5   Thumb Code   176  lcd.o(.text)
    LCD_DrawRectangle                        0x08005da5   Thumb Code    80  lcd.o(.text)
    LCD_Draw_Circle                          0x08005df5   Thumb Code   176  lcd.o(.text)
    LCD_ShowChar                             0x08005ea5   Thumb Code   272  lcd.o(.text)
    LCD_Pow                                  0x08005fb5   Thumb Code    22  lcd.o(.text)
    LCD_ShowNum                              0x08005fcb   Thumb Code   148  lcd.o(.text)
    LCD_ShowxNum                             0x0800605f   Thumb Code   190  lcd.o(.text)
    LCD_ShowString                           0x0800611d   Thumb Code   102  lcd.o(.text)
    KEY_Init                                 0x0800619d   Thumb Code    82  key.o(.text)
    KEY_Scan                                 0x080061ef   Thumb Code   154  key.o(.text)
    delay_osschedlock                        0x08006299   Thumb Code    10  delay.o(.text)
    delay_osschedunlock                      0x080062a3   Thumb Code    10  delay.o(.text)
    delay_ostimedly                          0x080062ad   Thumb Code    16  delay.o(.text)
    SysTick_Handler                          0x080062bd   Thumb Code    24  delay.o(.text)
    delay_init                               0x080062d5   Thumb Code    92  delay.o(.text)
    delay_us                                 0x08006331   Thumb Code    86  delay.o(.text)
    delay_ms                                 0x08006387   Thumb Code    66  delay.o(.text)
    WFI_SET                                  0x080063e5   Thumb Code     4  sys.o(.text)
    INTX_DISABLE                             0x080063e9   Thumb Code     4  sys.o(.text)
    INTX_ENABLE                              0x080063ed   Thumb Code     4  sys.o(.text)
    _sys_exit                                0x080063f1   Thumb Code     4  usart.o(.text)
    fputc                                    0x080063f5   Thumb Code    24  usart.o(.text)
    uart_init                                0x0800640d   Thumb Code   158  usart.o(.text)
    USART1_IRQHandler                        0x080064ab   Thumb Code   130  usart.o(.text)
    Reset_Handler                            0x0800653d   Thumb Code     8  startup_stm32f10x_hd.o(.text)
    ADC1_2_IRQHandler                        0x08006557   Thumb Code     0  startup_stm32f10x_hd.o(.text)
    ADC3_IRQHandler                          0x08006557   Thumb Code     0  startup_stm32f10x_hd.o(.text)
    CAN1_RX1_IRQHandler                      0x08006557   Thumb Code     0  startup_stm32f10x_hd.o(.text)
    CAN1_SCE_IRQHandler                      0x08006557   Thumb Code     0  startup_stm32f10x_hd.o(.text)
    DMA1_Channel1_IRQHandler                 0x08006557   Thumb Code     0  startup_stm32f10x_hd.o(.text)
    DMA1_Channel2_IRQHandler                 0x08006557   Thumb Code     0  startup_stm32f10x_hd.o(.text)
    DMA1_Channel3_IRQHandler                 0x08006557   Thumb Code     0  startup_stm32f10x_hd.o(.text)
    DMA1_Channel4_IRQHandler                 0x08006557   Thumb Code     0  startup_stm32f10x_hd.o(.text)
    DMA1_Channel5_IRQHandler                 0x08006557   Thumb Code     0  startup_stm32f10x_hd.o(.text)
    DMA1_Channel6_IRQHandler                 0x08006557   Thumb Code     0  startup_stm32f10x_hd.o(.text)
    DMA1_Channel7_IRQHandler                 0x08006557   Thumb Code     0  startup_stm32f10x_hd.o(.text)
    DMA2_Channel1_IRQHandler                 0x08006557   Thumb Code     0  startup_stm32f10x_hd.o(.text)
    DMA2_Channel2_IRQHandler                 0x08006557   Thumb Code     0  startup_stm32f10x_hd.o(.text)
    DMA2_Channel3_IRQHandler                 0x08006557   Thumb Code     0  startup_stm32f10x_hd.o(.text)
    DMA2_Channel4_5_IRQHandler               0x08006557   Thumb Code     0  startup_stm32f10x_hd.o(.text)
    EXTI0_IRQHandler                         0x08006557   Thumb Code     0  startup_stm32f10x_hd.o(.text)
    EXTI15_10_IRQHandler                     0x08006557   Thumb Code     0  startup_stm32f10x_hd.o(.text)
    EXTI1_IRQHandler                         0x08006557   Thumb Code     0  startup_stm32f10x_hd.o(.text)
    EXTI2_IRQHandler                         0x08006557   Thumb Code     0  startup_stm32f10x_hd.o(.text)
    EXTI3_IRQHandler                         0x08006557   Thumb Code     0  startup_stm32f10x_hd.o(.text)
    EXTI4_IRQHandler                         0x08006557   Thumb Code     0  startup_stm32f10x_hd.o(.text)
    EXTI9_5_IRQHandler                       0x08006557   Thumb Code     0  startup_stm32f10x_hd.o(.text)
    FLASH_IRQHandler                         0x08006557   Thumb Code     0  startup_stm32f10x_hd.o(.text)
    FSMC_IRQHandler                          0x08006557   Thumb Code     0  startup_stm32f10x_hd.o(.text)
    I2C1_ER_IRQHandler                       0x08006557   Thumb Code     0  startup_stm32f10x_hd.o(.text)
    I2C1_EV_IRQHandler                       0x08006557   Thumb Code     0  startup_stm32f10x_hd.o(.text)
    I2C2_ER_IRQHandler                       0x08006557   Thumb Code     0  startup_stm32f10x_hd.o(.text)
    I2C2_EV_IRQHandler                       0x08006557   Thumb Code     0  startup_stm32f10x_hd.o(.text)
    PVD_IRQHandler                           0x08006557   Thumb Code     0  startup_stm32f10x_hd.o(.text)
    RCC_IRQHandler                           0x08006557   Thumb Code     0  startup_stm32f10x_hd.o(.text)
    RTCAlarm_IRQHandler                      0x08006557   Thumb Code     0  startup_stm32f10x_hd.o(.text)
    RTC_IRQHandler                           0x08006557   Thumb Code     0  startup_stm32f10x_hd.o(.text)
    SDIO_IRQHandler                          0x08006557   Thumb Code     0  startup_stm32f10x_hd.o(.text)
    SPI1_IRQHandler                          0x08006557   Thumb Code     0  startup_stm32f10x_hd.o(.text)
    SPI2_IRQHandler                          0x08006557   Thumb Code     0  startup_stm32f10x_hd.o(.text)
    SPI3_IRQHandler                          0x08006557   Thumb Code     0  startup_stm32f10x_hd.o(.text)
    TAMPER_IRQHandler                        0x08006557   Thumb Code     0  startup_stm32f10x_hd.o(.text)
    TIM1_BRK_IRQHandler                      0x08006557   Thumb Code     0  startup_stm32f10x_hd.o(.text)
    TIM1_CC_IRQHandler                       0x08006557   Thumb Code     0  startup_stm32f10x_hd.o(.text)
    TIM1_TRG_COM_IRQHandler                  0x08006557   Thumb Code     0  startup_stm32f10x_hd.o(.text)
    TIM1_UP_IRQHandler                       0x08006557   Thumb Code     0  startup_stm32f10x_hd.o(.text)
    TIM2_IRQHandler                          0x08006557   Thumb Code     0  startup_stm32f10x_hd.o(.text)
    TIM3_IRQHandler                          0x08006557   Thumb Code     0  startup_stm32f10x_hd.o(.text)
    TIM4_IRQHandler                          0x08006557   Thumb Code     0  startup_stm32f10x_hd.o(.text)
    TIM5_IRQHandler                          0x08006557   Thumb Code     0  startup_stm32f10x_hd.o(.text)
    TIM6_IRQHandler                          0x08006557   Thumb Code     0  startup_stm32f10x_hd.o(.text)
    TIM7_IRQHandler                          0x08006557   Thumb Code     0  startup_stm32f10x_hd.o(.text)
    TIM8_BRK_IRQHandler                      0x08006557   Thumb Code     0  startup_stm32f10x_hd.o(.text)
    TIM8_CC_IRQHandler                       0x08006557   Thumb Code     0  startup_stm32f10x_hd.o(.text)
    TIM8_TRG_COM_IRQHandler                  0x08006557   Thumb Code     0  startup_stm32f10x_hd.o(.text)
    TIM8_UP_IRQHandler                       0x08006557   Thumb Code     0  startup_stm32f10x_hd.o(.text)
    UART4_IRQHandler                         0x08006557   Thumb Code     0  startup_stm32f10x_hd.o(.text)
    UART5_IRQHandler                         0x08006557   Thumb Code     0  startup_stm32f10x_hd.o(.text)
    USART2_IRQHandler                        0x08006557   Thumb Code     0  startup_stm32f10x_hd.o(.text)
    USART3_IRQHandler                        0x08006557   Thumb Code     0  startup_stm32f10x_hd.o(.text)
    USBWakeUp_IRQHandler                     0x08006557   Thumb Code     0  startup_stm32f10x_hd.o(.text)
    USB_HP_CAN1_TX_IRQHandler                0x08006557   Thumb Code     0  startup_stm32f10x_hd.o(.text)
    USB_LP_CAN1_RX0_IRQHandler               0x08006557   Thumb Code     0  startup_stm32f10x_hd.o(.text)
    WWDG_IRQHandler                          0x08006557   Thumb Code     0  startup_stm32f10x_hd.o(.text)
    __user_initial_stackheap                 0x08006559   Thumb Code     0  startup_stm32f10x_hd.o(.text)
    NVIC_PriorityGroupConfig                 0x0800657d   Thumb Code    10  misc.o(.text)
    NVIC_Init                                0x08006587   Thumb Code   100  misc.o(.text)
    NVIC_SetVectorTable                      0x080065eb   Thumb Code    14  misc.o(.text)
    NVIC_SystemLPConfig                      0x080065f9   Thumb Code    34  misc.o(.text)
    SysTick_CLKSourceConfig                  0x0800661b   Thumb Code    40  misc.o(.text)
    GPIO_DeInit                              0x08006659   Thumb Code   172  stm32f10x_gpio.o(.text)
    GPIO_AFIODeInit                          0x08006705   Thumb Code    20  stm32f10x_gpio.o(.text)
    GPIO_Init                                0x08006719   Thumb Code   278  stm32f10x_gpio.o(.text)
    GPIO_StructInit                          0x0800682f   Thumb Code    16  stm32f10x_gpio.o(.text)
    GPIO_ReadInputDataBit                    0x0800683f   Thumb Code    18  stm32f10x_gpio.o(.text)
    GPIO_ReadInputData                       0x08006851   Thumb Code     8  stm32f10x_gpio.o(.text)
    GPIO_ReadOutputDataBit                   0x08006859   Thumb Code    18  stm32f10x_gpio.o(.text)
    GPIO_ReadOutputData                      0x0800686b   Thumb Code     8  stm32f10x_gpio.o(.text)
    GPIO_SetBits                             0x08006873   Thumb Code     4  stm32f10x_gpio.o(.text)
    GPIO_ResetBits                           0x08006877   Thumb Code     4  stm32f10x_gpio.o(.text)
    GPIO_WriteBit                            0x0800687b   Thumb Code    10  stm32f10x_gpio.o(.text)
    GPIO_Write                               0x08006885   Thumb Code     4  stm32f10x_gpio.o(.text)
    GPIO_PinLockConfig                       0x08006889   Thumb Code    18  stm32f10x_gpio.o(.text)
    GPIO_EventOutputConfig                   0x0800689b   Thumb Code    26  stm32f10x_gpio.o(.text)
    GPIO_EventOutputCmd                      0x080068b5   Thumb Code     6  stm32f10x_gpio.o(.text)
    GPIO_PinRemapConfig                      0x080068bb   Thumb Code   138  stm32f10x_gpio.o(.text)
    GPIO_EXTILineConfig                      0x08006945   Thumb Code    66  stm32f10x_gpio.o(.text)
    GPIO_ETH_MediaInterfaceConfig            0x08006987   Thumb Code     8  stm32f10x_gpio.o(.text)
    USART_DeInit                             0x080069b5   Thumb Code   134  stm32f10x_usart.o(.text)
    USART_Init                               0x08006a3b   Thumb Code   210  stm32f10x_usart.o(.text)
    USART_StructInit                         0x08006b0d   Thumb Code    24  stm32f10x_usart.o(.text)
    USART_ClockInit                          0x08006b25   Thumb Code    34  stm32f10x_usart.o(.text)
    USART_ClockStructInit                    0x08006b47   Thumb Code    12  stm32f10x_usart.o(.text)
    USART_Cmd                                0x08006b53   Thumb Code    24  stm32f10x_usart.o(.text)
    USART_ITConfig                           0x08006b6b   Thumb Code    74  stm32f10x_usart.o(.text)
    USART_DMACmd                             0x08006bb5   Thumb Code    18  stm32f10x_usart.o(.text)
    USART_SetAddress                         0x08006bc7   Thumb Code    18  stm32f10x_usart.o(.text)
    USART_WakeUpConfig                       0x08006bd9   Thumb Code    18  stm32f10x_usart.o(.text)
    USART_ReceiverWakeUpCmd                  0x08006beb   Thumb Code    24  stm32f10x_usart.o(.text)
    USART_LINBreakDetectLengthConfig         0x08006c03   Thumb Code    18  stm32f10x_usart.o(.text)
    USART_LINCmd                             0x08006c15   Thumb Code    24  stm32f10x_usart.o(.text)
    USART_SendData                           0x08006c2d   Thumb Code     8  stm32f10x_usart.o(.text)
    USART_ReceiveData                        0x08006c35   Thumb Code    10  stm32f10x_usart.o(.text)
    USART_SendBreak                          0x08006c3f   Thumb Code    10  stm32f10x_usart.o(.text)
    USART_SetGuardTime                       0x08006c49   Thumb Code    16  stm32f10x_usart.o(.text)
    USART_SetPrescaler                       0x08006c59   Thumb Code    16  stm32f10x_usart.o(.text)
    USART_SmartCardCmd                       0x08006c69   Thumb Code    24  stm32f10x_usart.o(.text)
    USART_SmartCardNACKCmd                   0x08006c81   Thumb Code    24  stm32f10x_usart.o(.text)
    USART_HalfDuplexCmd                      0x08006c99   Thumb Code    24  stm32f10x_usart.o(.text)
    USART_OverSampling8Cmd                   0x08006cb1   Thumb Code    22  stm32f10x_usart.o(.text)
    USART_OneBitMethodCmd                    0x08006cc7   Thumb Code    24  stm32f10x_usart.o(.text)
    USART_IrDAConfig                         0x08006cdf   Thumb Code    18  stm32f10x_usart.o(.text)
    USART_IrDACmd                            0x08006cf1   Thumb Code    24  stm32f10x_usart.o(.text)
    USART_GetFlagStatus                      0x08006d09   Thumb Code    26  stm32f10x_usart.o(.text)
    USART_ClearFlag                          0x08006d23   Thumb Code    18  stm32f10x_usart.o(.text)
    USART_GetITStatus                        0x08006d35   Thumb Code    84  stm32f10x_usart.o(.text)
    USART_ClearITPendingBit                  0x08006d89   Thumb Code    52  stm32f10x_usart.o(.text)
    RCC_DeInit                               0x08006dbd   Thumb Code    64  stm32f10x_rcc.o(.text)
    RCC_HSEConfig                            0x08006dfd   Thumb Code    70  stm32f10x_rcc.o(.text)
    RCC_GetFlagStatus                        0x08006e43   Thumb Code    56  stm32f10x_rcc.o(.text)
    RCC_WaitForHSEStartUp                    0x08006e7b   Thumb Code    56  stm32f10x_rcc.o(.text)
    RCC_AdjustHSICalibrationValue            0x08006eb3   Thumb Code    20  stm32f10x_rcc.o(.text)
    RCC_HSICmd                               0x08006ec7   Thumb Code     6  stm32f10x_rcc.o(.text)
    RCC_PLLConfig                            0x08006ecd   Thumb Code    24  stm32f10x_rcc.o(.text)
    RCC_PLLCmd                               0x08006ee5   Thumb Code     6  stm32f10x_rcc.o(.text)
    RCC_SYSCLKConfig                         0x08006eeb   Thumb Code    18  stm32f10x_rcc.o(.text)
    RCC_GetSYSCLKSource                      0x08006efd   Thumb Code    10  stm32f10x_rcc.o(.text)
    RCC_HCLKConfig                           0x08006f07   Thumb Code    18  stm32f10x_rcc.o(.text)
    RCC_PCLK1Config                          0x08006f19   Thumb Code    18  stm32f10x_rcc.o(.text)
    RCC_PCLK2Config                          0x08006f2b   Thumb Code    20  stm32f10x_rcc.o(.text)
    RCC_ITConfig                             0x08006f3f   Thumb Code    26  stm32f10x_rcc.o(.text)
    RCC_USBCLKConfig                         0x08006f59   Thumb Code     8  stm32f10x_rcc.o(.text)
    RCC_ADCCLKConfig                         0x08006f61   Thumb Code    18  stm32f10x_rcc.o(.text)
    RCC_LSEConfig                            0x08006f73   Thumb Code    50  stm32f10x_rcc.o(.text)
    RCC_LSICmd                               0x08006fa5   Thumb Code     6  stm32f10x_rcc.o(.text)
    RCC_RTCCLKConfig                         0x08006fab   Thumb Code    12  stm32f10x_rcc.o(.text)
    RCC_RTCCLKCmd                            0x08006fb7   Thumb Code     8  stm32f10x_rcc.o(.text)
    RCC_GetClocksFreq                        0x08006fbf   Thumb Code   192  stm32f10x_rcc.o(.text)
    RCC_AHBPeriphClockCmd                    0x0800707f   Thumb Code    26  stm32f10x_rcc.o(.text)
    RCC_APB2PeriphClockCmd                   0x08007099   Thumb Code    26  stm32f10x_rcc.o(.text)
    RCC_APB1PeriphClockCmd                   0x080070b3   Thumb Code    26  stm32f10x_rcc.o(.text)
    RCC_APB2PeriphResetCmd                   0x080070cd   Thumb Code    26  stm32f10x_rcc.o(.text)
    RCC_APB1PeriphResetCmd                   0x080070e7   Thumb Code    26  stm32f10x_rcc.o(.text)
    RCC_BackupResetCmd                       0x08007101   Thumb Code     8  stm32f10x_rcc.o(.text)
    RCC_ClockSecuritySystemCmd               0x08007109   Thumb Code     6  stm32f10x_rcc.o(.text)
    RCC_MCOConfig                            0x0800710f   Thumb Code     6  stm32f10x_rcc.o(.text)
    RCC_ClearFlag                            0x08007115   Thumb Code    14  stm32f10x_rcc.o(.text)
    RCC_GetITStatus                          0x08007123   Thumb Code    20  stm32f10x_rcc.o(.text)
    RCC_ClearITPendingBit                    0x08007137   Thumb Code     6  stm32f10x_rcc.o(.text)
    BSP_CPU_ClkFreq                          0x08007161   Thumb Code    16  bsp.o(.text)
    CPU_TS_TmrInit                           0x08007171   Thumb Code    44  bsp.o(.text)
    CPU_TS_TmrRd                             0x0800719d   Thumb Code     6  bsp.o(.text)
    CPU_TS32_to_uSec                         0x080071a3   Thumb Code    54  bsp.o(.text)
    CPU_NameClr                              0x080071e5   Thumb Code    42  cpu_core.o(.text)
    CPU_Init                                 0x08007225   Thumb Code    12  cpu_core.o(.text)
    CPU_SW_Exception                         0x08007231   Thumb Code     4  cpu_core.o(.text)
    CPU_NameGet                              0x08007235   Thumb Code    70  cpu_core.o(.text)
    CPU_NameSet                              0x0800727b   Thumb Code    96  cpu_core.o(.text)
    CPU_TS_Get32                             0x080072db   Thumb Code    12  cpu_core.o(.text)
    CPU_TS_Update                            0x080072e7   Thumb Code     2  cpu_core.o(.text)
    CPU_TS_TmrFreqGet                        0x080072e9   Thumb Code    30  cpu_core.o(.text)
    CPU_TS_TmrFreqSet                        0x08007307   Thumb Code     6  cpu_core.o(.text)
    CPU_CntLeadZeros08                       0x0800730d   Thumb Code    18  cpu_core.o(.text)
    CPU_CntLeadZeros16                       0x0800731f   Thumb Code    18  cpu_core.o(.text)
    CPU_CntLeadZeros32                       0x08007331   Thumb Code    18  cpu_core.o(.text)
    CPU_CntLeadZeros64                       0x08007343   Thumb Code   188  cpu_core.o(.text)
    CPU_CntTrailZeros08                      0x080073ff   Thumb Code    22  cpu_core.o(.text)
    CPU_CntTrailZeros16                      0x08007415   Thumb Code    22  cpu_core.o(.text)
    CPU_CntTrailZeros32                      0x0800742b   Thumb Code    22  cpu_core.o(.text)
    CPU_CntTrailZeros64                      0x08007441   Thumb Code    62  cpu_core.o(.text)
    CPU_IntDis                               0x0800748d   Thumb Code     0  cpu_a.o(.text)
    CPU_IntEn                                0x08007491   Thumb Code     0  cpu_a.o(.text)
    CPU_SR_Save                              0x08007495   Thumb Code     0  cpu_a.o(.text)
    CPU_SR_Restore                           0x0800749d   Thumb Code     0  cpu_a.o(.text)
    CPU_WaitForInt                           0x080074a3   Thumb Code     0  cpu_a.o(.text)
    CPU_WaitForExcept                        0x080074a7   Thumb Code     0  cpu_a.o(.text)
    CPU_CntLeadZeros                         0x080074ab   Thumb Code     0  cpu_a.o(.text)
    CPU_CntTrailZeros                        0x080074b1   Thumb Code     0  cpu_a.o(.text)
    CPU_RevBits                              0x080074bb   Thumb Code     0  cpu_a.o(.text)
    ASCII_IsAlpha                            0x080074c1   Thumb Code    48  lib_ascii.o(.text)
    ASCII_IsAlphaNum                         0x080074f1   Thumb Code    76  lib_ascii.o(.text)
    ASCII_IsLower                            0x0800753d   Thumb Code    20  lib_ascii.o(.text)
    ASCII_IsUpper                            0x08007551   Thumb Code    20  lib_ascii.o(.text)
    ASCII_IsDig                              0x08007565   Thumb Code    20  lib_ascii.o(.text)
    ASCII_IsDigOct                           0x08007579   Thumb Code    20  lib_ascii.o(.text)
    ASCII_IsDigHex                           0x0800758d   Thumb Code    36  lib_ascii.o(.text)
    ASCII_IsBlank                            0x080075b1   Thumb Code    20  lib_ascii.o(.text)
    ASCII_IsSpace                            0x080075c5   Thumb Code    36  lib_ascii.o(.text)
    ASCII_IsPrint                            0x080075e9   Thumb Code    20  lib_ascii.o(.text)
    ASCII_IsGraph                            0x080075fd   Thumb Code    20  lib_ascii.o(.text)
    ASCII_IsPunct                            0x08007611   Thumb Code   134  lib_ascii.o(.text)
    ASCII_IsCtrl                             0x08007697   Thumb Code    26  lib_ascii.o(.text)
    ASCII_ToLower                            0x080076b1   Thumb Code    32  lib_ascii.o(.text)
    ASCII_ToUpper                            0x080076d1   Thumb Code    32  lib_ascii.o(.text)
    ASCII_Cmp                                0x080076f1   Thumb Code    38  lib_ascii.o(.text)
    Mem_Init                                 0x08007719   Thumb Code    54  lib_mem.o(.text)
    Mem_Set                                  0x0800774f   Thumb Code    84  lib_mem.o(.text)
    Mem_Clr                                  0x080077a3   Thumb Code    18  lib_mem.o(.text)
    Mem_Move                                 0x080077b5   Thumb Code   186  lib_mem.o(.text)
    Mem_Cmp                                  0x0800786f   Thumb Code   192  lib_mem.o(.text)
    Mem_HeapAlloc                            0x080079a7   Thumb Code   168  lib_mem.o(.text)
    Mem_SegGetSizeRem                        0x08007a4f   Thumb Code   108  lib_mem.o(.text)
    Mem_HeapGetSizeRem                       0x08007abb   Thumb Code    22  lib_mem.o(.text)
    Mem_PoolClr                              0x08007ad1   Thumb Code    80  lib_mem.o(.text)
    Mem_PoolCreate                           0x08007b21   Thumb Code   838  lib_mem.o(.text)
    Mem_PoolBlkGetNbrAvail                   0x08007e67   Thumb Code    52  lib_mem.o(.text)
    Mem_PoolBlkGet                           0x08007e9b   Thumb Code   126  lib_mem.o(.text)
    Mem_PoolBlkGetUsedAtIx                   0x08007f19   Thumb Code   140  lib_mem.o(.text)
    Mem_PoolBlkFree                          0x08007fa5   Thumb Code   152  lib_mem.o(.text)
    Mem_PoolBlkIxGet                         0x0800803d   Thumb Code   162  lib_mem.o(.text)
    Str_Len_N                                0x080080e1   Thumb Code    28  lib_str.o(.text)
    Str_Len                                  0x080080fd   Thumb Code    20  lib_str.o(.text)
    Str_Copy_N                               0x08008111   Thumb Code    70  lib_str.o(.text)
    Str_Copy                                 0x08008157   Thumb Code    24  lib_str.o(.text)
    Str_Cat_N                                0x0800816f   Thumb Code    90  lib_str.o(.text)
    Str_Cat                                  0x080081c9   Thumb Code    24  lib_str.o(.text)
    Str_Cmp_N                                0x080081e1   Thumb Code   156  lib_str.o(.text)
    Str_Cmp                                  0x0800827d   Thumb Code    24  lib_str.o(.text)
    Str_CmpIgnoreCase_N                      0x08008295   Thumb Code   264  lib_str.o(.text)
    Str_CmpIgnoreCase                        0x0800839d   Thumb Code    24  lib_str.o(.text)
    Str_Char_N                               0x080083b5   Thumb Code    74  lib_str.o(.text)
    Str_Char                                 0x080083ff   Thumb Code    24  lib_str.o(.text)
    Str_Char_Last_N                          0x08008417   Thumb Code    76  lib_str.o(.text)
    Str_Char_Last                            0x08008463   Thumb Code    24  lib_str.o(.text)
    Str_Char_Replace_N                       0x0800847b   Thumb Code    52  lib_str.o(.text)
    Str_Char_Replace                         0x080084af   Thumb Code    28  lib_str.o(.text)
    Str_Str_N                                0x080084cb   Thumb Code   182  lib_str.o(.text)
    Str_Str                                  0x08008581   Thumb Code    24  lib_str.o(.text)
    Str_FmtNbr_Int32U                        0x08008775   Thumb Code    46  lib_str.o(.text)
    Str_FmtNbr_Int32S                        0x080087a3   Thumb Code    62  lib_str.o(.text)
    Str_ParseNbr_Int32U                      0x0800899f   Thumb Code    30  lib_str.o(.text)
    Str_ParseNbr_Int32S                      0x080089bd   Thumb Code    74  lib_str.o(.text)
    Mem_Copy                                 0x08008a0d   Thumb Code     0  lib_mem_a.o(.text)
    OSCfg_Init                               0x08008c2d   Thumb Code    86  os_cfg_app.o(.text)
    OS_IdleTask                              0x08008d29   Thumb Code    60  os_core.o(.text)
    OS_IdleTaskInit                          0x08008d65   Thumb Code    68  os_core.o(.text)
    OS_RdyListInit                           0x08008da9   Thumb Code    32  os_core.o(.text)
    OSInit                                   0x08008dc9   Thumb Code   300  os_core.o(.text)
    OSIntEnter                               0x08008ef5   Thumb Code    34  os_core.o(.text)
    OSIntExit                                0x08008f17   Thumb Code   192  os_core.o(.text)
    OSSched                                  0x08008fd7   Thumb Code   134  os_core.o(.text)
    OS_SchedLockTimeMeasStart                0x0800905d   Thumb Code    20  os_core.o(.text)
    OSSchedLock                              0x08009071   Thumb Code   104  os_core.o(.text)
    OS_SchedLockTimeMeasStop                 0x080090d9   Thumb Code    44  os_core.o(.text)
    OSSchedUnlock                            0x08009105   Thumb Code   290  os_core.o(.text)
    OSSchedRoundRobinCfg                     0x08009227   Thumb Code    88  os_core.o(.text)
    OS_RdyListMoveHeadToTail                 0x0800927f   Thumb Code    68  os_core.o(.text)
    OSSchedRoundRobinYield                   0x080092c3   Thumb Code   164  os_core.o(.text)
    OSStart                                  0x08009367   Thumb Code    78  os_core.o(.text)
    OSVersion                                0x080093b5   Thumb Code    12  os_core.o(.text)
    OS_PendDbgNameAdd                        0x080093c1   Thumb Code    66  os_core.o(.text)
    OS_PendListInsertPrio                    0x08009403   Thumb Code   102  os_core.o(.text)
    OS_PendDataInit                          0x08009469   Thumb Code    38  os_core.o(.text)
    OS_RdyListRemove                         0x0800948f   Thumb Code    86  os_core.o(.text)
    OS_TaskBlock                             0x080094e5   Thumb Code    56  os_core.o(.text)
    OS_Pend                                  0x0800951d   Thumb Code    98  os_core.o(.text)
    OS_PendListRemove1                       0x0800957f   Thumb Code   134  os_core.o(.text)
    OS_PendListRemove                        0x08009605   Thumb Code    48  os_core.o(.text)
    OS_PendAbort1                            0x08009635   Thumb Code    36  os_core.o(.text)
    OS_RdyListInsertHead                     0x08009659   Thumb Code    58  os_core.o(.text)
    OS_RdyListInsertTail                     0x08009693   Thumb Code    56  os_core.o(.text)
    OS_RdyListInsert                         0x080096cb   Thumb Code    40  os_core.o(.text)
    OS_TaskRdy                               0x080096f3   Thumb Code    28  os_core.o(.text)
    OS_PendAbort                             0x0800970f   Thumb Code   166  os_core.o(.text)
    OS_PendDbgNameRemove                     0x080097b5   Thumb Code    34  os_core.o(.text)
    OS_PendListChangePrio                    0x080097d7   Thumb Code    70  os_core.o(.text)
    OS_PendListInit                          0x0800981d   Thumb Code    10  os_core.o(.text)
    OS_PendListInsertHead                    0x08009827   Thumb Code    32  os_core.o(.text)
    OS_PendObjDel1                           0x08009847   Thumb Code    36  os_core.o(.text)
    OS_PendObjDel                            0x0800986b   Thumb Code   162  os_core.o(.text)
    OS_Post1                                 0x0800990d   Thumb Code    42  os_core.o(.text)
    OS_Post                                  0x08009937   Thumb Code   192  os_core.o(.text)
    OS_Sched0                                0x080099f7   Thumb Code   102  os_core.o(.text)
    OS_SchedRoundRobin                       0x08009a5d   Thumb Code   190  os_core.o(.text)
    OS_Dbg_Init                              0x08009b2d   Thumb Code   146  os_dbg.o(.text)
    OS_FlagDbgListAdd                        0x08009cdd   Thumb Code    38  os_flag.o(.text)
    OSFlagCreate                             0x08009d03   Thumb Code   172  os_flag.o(.text)
    OS_FlagClr                               0x08009daf   Thumb Code    28  os_flag.o(.text)
    OS_FlagDbgListRemove                     0x08009dcb   Thumb Code    44  os_flag.o(.text)
    OSFlagDel                                0x08009df7   Thumb Code   594  os_flag.o(.text)
    OS_FlagBlock                             0x0800a049   Thumb Code    58  os_flag.o(.text)
    OSFlagPend                               0x0800a083   Thumb Code  1488  os_flag.o(.text)
    OSFlagPendAbort                          0x0800a653   Thumb Code   292  os_flag.o(.text)
    OSFlagPendGetFlagsRdy                    0x0800a777   Thumb Code    68  os_flag.o(.text)
    OS_FlagTaskRdy                           0x0800a7bb   Thumb Code    86  os_flag.o(.text)
    OS_FlagPost                              0x0800a811   Thumb Code   570  os_flag.o(.text)
    OSFlagPost                               0x0800aa4b   Thumb Code   146  os_flag.o(.text)
    OS_FlagInit                              0x0800aadd   Thumb Code    14  os_flag.o(.text)
    OS_IntQPost                              0x0800ab05   Thumb Code   216  os_int.o(.text)
    OS_IntQRePost                            0x0800abdd   Thumb Code   360  os_int.o(.text)
    OS_IntQTask                              0x0800ad45   Thumb Code   162  os_int.o(.text)
    OS_IntQTaskInit                          0x0800ade7   Thumb Code   208  os_int.o(.text)
    OS_MemDbgListAdd                         0x0800af49   Thumb Code    34  os_mem.o(.text)
    OSMemCreate                              0x0800af6b   Thumb Code   288  os_mem.o(.text)
    OSMemGet                                 0x0800b08b   Thumb Code   100  os_mem.o(.text)
    OSMemPut                                 0x0800b0ef   Thumb Code   112  os_mem.o(.text)
    OS_MemInit                               0x0800b15f   Thumb Code    14  os_mem.o(.text)
    OS_MsgPoolCreate                         0x0800b181   Thumb Code    54  os_msg.o(.text)
    OS_MsgPoolInit                           0x0800b1b7   Thumb Code    70  os_msg.o(.text)
    OS_MsgQFreeAll                           0x0800b1fd   Thumb Code    62  os_msg.o(.text)
    OS_MsgQInit                              0x0800b23b   Thumb Code    14  os_msg.o(.text)
    OS_MsgQGet                               0x0800b249   Thumb Code    98  os_msg.o(.text)
    OS_MsgQPut                               0x0800b2ab   Thumb Code   246  os_msg.o(.text)
    OS_MutexDbgListAdd                       0x0800b3ad   Thumb Code    38  os_mutex.o(.text)
    OSMutexCreate                            0x0800b3d3   Thumb Code   178  os_mutex.o(.text)
    OS_MutexClr                              0x0800b485   Thumb Code    38  os_mutex.o(.text)
    OS_MutexDbgListRemove                    0x0800b4ab   Thumb Code    44  os_mutex.o(.text)
    OSMutexDel                               0x0800b4d7   Thumb Code   842  os_mutex.o(.text)
    OSMutexPend                              0x0800b821   Thumb Code   706  os_mutex.o(.text)
    OSMutexPendAbort                         0x0800bae3   Thumb Code   314  os_mutex.o(.text)
    OSMutexPost                              0x0800bc1d   Thumb Code   564  os_mutex.o(.text)
    OS_MutexInit                             0x0800be51   Thumb Code    14  os_mutex.o(.text)
    OS_PrioInit                              0x0800be81   Thumb Code    20  os_prio.o(.text)
    OS_PrioGetHighest                        0x0800be95   Thumb Code    36  os_prio.o(.text)
    OS_PrioInsert                            0x0800beb9   Thumb Code    32  os_prio.o(.text)
    OS_PrioRemove                            0x0800bed9   Thumb Code    32  os_prio.o(.text)
    OS_QDbgListAdd                           0x0800befd   Thumb Code    38  os_q.o(.text)
    OSQCreate                                0x0800bf23   Thumb Code   186  os_q.o(.text)
    OS_QClr                                  0x0800bfdd   Thumb Code    40  os_q.o(.text)
    OS_QDbgListRemove                        0x0800c005   Thumb Code    44  os_q.o(.text)
    OSQDel                                   0x0800c031   Thumb Code   362  os_q.o(.text)
    OSQFlush                                 0x0800c19b   Thumb Code   210  os_q.o(.text)
    OSQPend                                  0x0800c26d   Thumb Code   538  os_q.o(.text)
    OSQPendAbort                             0x0800c487   Thumb Code   292  os_q.o(.text)
    OS_QPost                                 0x0800c5ab   Thumb Code   324  os_q.o(.text)
    OSQPost                                  0x0800c6ef   Thumb Code   198  os_q.o(.text)
    OS_QInit                                 0x0800c7b5   Thumb Code    14  os_q.o(.text)
    OS_SemDbgListAdd                         0x0800c7d5   Thumb Code    38  os_sem.o(.text)
    OSSemCreate                              0x0800c7fb   Thumb Code   172  os_sem.o(.text)
    OS_SemClr                                0x0800c8a7   Thumb Code    28  os_sem.o(.text)
    OS_SemDbgListRemove                      0x0800c8c3   Thumb Code    44  os_sem.o(.text)
    OSSemDel                                 0x0800c8ef   Thumb Code   362  os_sem.o(.text)
    OSSemPend                                0x0800ca59   Thumb Code   504  os_sem.o(.text)
    OSSemPendAbort                           0x0800cc51   Thumb Code   292  os_sem.o(.text)
    OS_SemPost                               0x0800cd75   Thumb Code   350  os_sem.o(.text)
    OSSemPost                                0x0800ced3   Thumb Code   144  os_sem.o(.text)
    OSSemSet                                 0x0800cf63   Thumb Code   138  os_sem.o(.text)
    OS_SemInit                               0x0800cfed   Thumb Code    14  os_sem.o(.text)
    OSStatReset                              0x0800d005   Thumb Code   270  os_stat.o(.text)
    OSStatTaskCPUUsageInit                   0x0800d113   Thumb Code   212  os_stat.o(.text)
    OS_StatTask                              0x0800d1e7   Thumb Code   888  os_stat.o(.text)
    OS_StatTaskInit                          0x0800d55f   Thumb Code   138  os_stat.o(.text)
    OSTaskChangePrio                         0x0800d63d   Thumb Code   416  os_task.o(.text)
    OS_TaskDbgListAdd                        0x0800d7dd   Thumb Code    42  os_task.o(.text)
    OS_TaskInitTCB                           0x0800d807   Thumb Code   186  os_task.o(.text)
    OSTaskCreate                             0x0800d8c1   Thumb Code   616  os_task.o(.text)
    OS_TaskDbgListRemove                     0x0800db29   Thumb Code    64  os_task.o(.text)
    OSTaskDel                                0x0800db69   Thumb Code   424  os_task.o(.text)
    OSTaskQFlush                             0x0800dd11   Thumb Code   214  os_task.o(.text)
    OSTaskQPend                              0x0800dde7   Thumb Code   554  os_task.o(.text)
    OSTaskQPendAbort                         0x0800e011   Thumb Code   242  os_task.o(.text)
    OS_TaskQPost                             0x0800e103   Thumb Code   526  os_task.o(.text)
    OSTaskQPost                              0x0800e311   Thumb Code   114  os_task.o(.text)
    OSTaskRegGet                             0x0800e383   Thumb Code    78  os_task.o(.text)
    OSTaskRegGetID                           0x0800e3d1   Thumb Code    84  os_task.o(.text)
    OSTaskRegSet                             0x0800e425   Thumb Code    78  os_task.o(.text)
    OS_TaskResume                            0x0800e473   Thumb Code   314  os_task.o(.text)
    OSTaskResume                             0x0800e5ad   Thumb Code   112  os_task.o(.text)
    OSTaskSemPend                            0x0800e61d   Thumb Code   550  os_task.o(.text)
    OSTaskSemPendAbort                       0x0800e843   Thumb Code   270  os_task.o(.text)
    OS_TaskSemPost                           0x0800e951   Thumb Code  1224  os_task.o(.text)
    OSTaskSemPost                            0x0800ee19   Thumb Code    98  os_task.o(.text)
    OSTaskSemSet                             0x0800ee7b   Thumb Code    80  os_task.o(.text)
    OSTaskStkChk                             0x0800eecb   Thumb Code   224  os_task.o(.text)
    OS_TaskSuspend                           0x0800efab   Thumb Code   328  os_task.o(.text)
    OSTaskSuspend                            0x0800f0f3   Thumb Code    78  os_task.o(.text)
    OSTaskTimeQuantaSet                      0x0800f141   Thumb Code    96  os_task.o(.text)
    OS_TaskInit                              0x0800f1a1   Thumb Code    18  os_task.o(.text)
    OS_TaskReturn                            0x0800f1b3   Thumb Code    20  os_task.o(.text)
    OS_TickListRemove                        0x0800f1f1   Thumb Code    56  os_tick.o(.text)
    OS_TickListUpdate                        0x0800f229   Thumb Code   480  os_tick.o(.text)
    OS_TickTask                              0x0800f409   Thumb Code    38  os_tick.o(.text)
    OS_TickListInit                          0x0800f42f   Thumb Code    32  os_tick.o(.text)
    OS_TickTaskInit                          0x0800f44f   Thumb Code   130  os_tick.o(.text)
    OS_TickListInsert                        0x0800f4d1   Thumb Code   502  os_tick.o(.text)
    OS_TickListResetPeak                     0x0800f6c7   Thumb Code    28  os_tick.o(.text)
    OSTimeDly                                0x0800f6ed   Thumb Code   266  os_time.o(.text)
    OSTimeDlyHMSM                            0x0800f7f7   Thumb Code   480  os_time.o(.text)
    OSTimeDlyResume                          0x0800f9d7   Thumb Code   466  os_time.o(.text)
    OSTimeGet                                0x0800fba9   Thumb Code    46  os_time.o(.text)
    OSTimeSet                                0x0800fbd7   Thumb Code    46  os_time.o(.text)
    OSTimeTick                               0x0800fc05   Thumb Code    54  os_time.o(.text)
    OS_TmrDbgListAdd                         0x0800fc51   Thumb Code    34  os_tmr.o(.text)
    OSTmrCreate                              0x0800fc73   Thumb Code   248  os_tmr.o(.text)
    OS_TmrClr                                0x0800fd6b   Thumb Code    36  os_tmr.o(.text)
    OS_TmrUnlink                             0x0800fd8f   Thumb Code    72  os_tmr.o(.text)
    OS_TmrDbgListRemove                      0x0800fdd7   Thumb Code    44  os_tmr.o(.text)
    OSTmrDel                                 0x0800fe03   Thumb Code   176  os_tmr.o(.text)
    OSTmrRemainGet                           0x0800feb3   Thumb Code   184  os_tmr.o(.text)
    OS_TmrLink                               0x0800ff6b   Thumb Code   196  os_tmr.o(.text)
    OSTmrStart                               0x0801002f   Thumb Code   210  os_tmr.o(.text)
    OSTmrStateGet                            0x08010101   Thumb Code   134  os_tmr.o(.text)
    OSTmrStop                                0x08010187   Thumb Code   232  os_tmr.o(.text)
    OS_TmrTask                               0x0801026f   Thumb Code   176  os_tmr.o(.text)
    OS_TmrInit                               0x0801031f   Thumb Code   208  os_tmr.o(.text)
    OS_TmrResetPeak                          0x080103ef   Thumb Code    28  os_tmr.o(.text)
    OSIdleTaskHook                           0x08010469   Thumb Code    16  os_cpu_c.o(.text)
    OSInitHook                               0x08010479   Thumb Code    42  os_cpu_c.o(.text)
    OSStatTaskHook                           0x080104a3   Thumb Code    16  os_cpu_c.o(.text)
    OSTaskCreateHook                         0x080104b3   Thumb Code    20  os_cpu_c.o(.text)
    OSTaskDelHook                            0x080104c7   Thumb Code    20  os_cpu_c.o(.text)
    OSTaskReturnHook                         0x080104db   Thumb Code    20  os_cpu_c.o(.text)
    OSTaskStkInit                            0x080104ef   Thumb Code   188  os_cpu_c.o(.text)
    OSTaskSwHook                             0x080105ab   Thumb Code   120  os_cpu_c.o(.text)
    OSTimeTickHook                           0x08010623   Thumb Code    16  os_cpu_c.o(.text)
    OS_CPU_SysTickHandler                    0x08010633   Thumb Code    52  os_cpu_c.o(.text)
    OS_CPU_SysTickInit                       0x08010667   Thumb Code    44  os_cpu_c.o(.text)
    __use_no_semihosting                     0x080106d5   Thumb Code     2  use_no_semi_2.o(.text)
    __aeabi_uldivmod                         0x080106d7   Thumb Code     0  lludivv7m.o(.text)
    _ll_udiv                                 0x080106d7   Thumb Code   238  lludivv7m.o(.text)
    __2printf                                0x080107c5   Thumb Code    20  noretval__2printf.o(.text)
    __printf                                 0x080107dd   Thumb Code   104  __printf.o(.text)
    _printf_int_hex                          0x08010845   Thumb Code    84  _printf_hex_int.o(.text)
    _printf_longlong_hex                     0x08010845   Thumb Code     0  _printf_hex_int.o(.text)
    __use_two_region_memory                  0x0801089d   Thumb Code     2  heapauxi.o(.text)
    __rt_heap_escrow$2region                 0x0801089f   Thumb Code     2  heapauxi.o(.text)
    __rt_heap_expand$2region                 0x080108a1   Thumb Code     2  heapauxi.o(.text)
    __I$use$semihosting                      0x080108a3   Thumb Code     0  use_no_semi.o(.text)
    __use_no_semihosting_swi                 0x080108a3   Thumb Code     2  use_no_semi.o(.text)
    _printf_int_common                       0x080108a5   Thumb Code   178  _printf_intcommon.o(.text)
    _printf_char_file                        0x08010959   Thumb Code    32  _printf_char_file.o(.text)
    _printf_char_common                      0x08010987   Thumb Code    32  _printf_char_common.o(.text)
    ferror                                   0x080109ad   Thumb Code     8  ferror.o(.text)
    __user_setup_stackheap                   0x080109b5   Thumb Code    74  sys_stackheap_outer.o(.text)
    exit                                     0x080109ff   Thumb Code    18  exit.o(.text)
    __user_libspace                          0x08010a11   Thumb Code     8  libspace.o(.text)
    __user_perproc_libspace                  0x08010a11   Thumb Code     0  libspace.o(.text)
    __user_perthread_libspace                0x08010a11   Thumb Code     0  libspace.o(.text)
    OSStartHighRdy                           0x08010a19   Thumb Code     0  os_cpu_a.o(CODE)
    PendSV_Handler                           0x08010a4f   Thumb Code     0  os_cpu_a.o(CODE)
    asc2_1206                                0x08010ab0   Data        1140  lcd.o(.constdata)
    asc2_1608                                0x08010f24   Data        1520  lcd.o(.constdata)
    asc2_2412                                0x08011514   Data        3420  lcd.o(.constdata)
    CPU_EndiannessTest                       0x08012370   Data           4  cpu_core.o(.constdata)
    OSCfg_IdleTaskStkBasePtr                 0x08012408   Data           4  os_cfg_app.o(.constdata)
    OSCfg_IdleTaskStkLimit                   0x0801240c   Data           4  os_cfg_app.o(.constdata)
    OSCfg_IdleTaskStkSize                    0x08012410   Data           4  os_cfg_app.o(.constdata)
    OSCfg_IdleTaskStkSizeRAM                 0x08012414   Data           4  os_cfg_app.o(.constdata)
    OSCfg_IntQBasePtr                        0x08012418   Data           4  os_cfg_app.o(.constdata)
    OSCfg_IntQSize                           0x0801241c   Data           2  os_cfg_app.o(.constdata)
    OSCfg_IntQSizeRAM                        0x08012420   Data           4  os_cfg_app.o(.constdata)
    OSCfg_IntQTaskStkBasePtr                 0x08012424   Data           4  os_cfg_app.o(.constdata)
    OSCfg_IntQTaskStkLimit                   0x08012428   Data           4  os_cfg_app.o(.constdata)
    OSCfg_IntQTaskStkSize                    0x0801242c   Data           4  os_cfg_app.o(.constdata)
    OSCfg_IntQTaskStkSizeRAM                 0x08012430   Data           4  os_cfg_app.o(.constdata)
    OSCfg_ISRStkBasePtr                      0x08012434   Data           4  os_cfg_app.o(.constdata)
    OSCfg_ISRStkSize                         0x08012438   Data           4  os_cfg_app.o(.constdata)
    OSCfg_ISRStkSizeRAM                      0x0801243c   Data           4  os_cfg_app.o(.constdata)
    OSCfg_MsgPoolSize                        0x08012440   Data           2  os_cfg_app.o(.constdata)
    OSCfg_MsgPoolSizeRAM                     0x08012444   Data           4  os_cfg_app.o(.constdata)
    OSCfg_MsgPoolBasePtr                     0x08012448   Data           4  os_cfg_app.o(.constdata)
    OSCfg_StatTaskPrio                       0x0801244c   Data           1  os_cfg_app.o(.constdata)
    OSCfg_StatTaskRate_Hz                    0x08012450   Data           4  os_cfg_app.o(.constdata)
    OSCfg_StatTaskStkBasePtr                 0x08012454   Data           4  os_cfg_app.o(.constdata)
    OSCfg_StatTaskStkLimit                   0x08012458   Data           4  os_cfg_app.o(.constdata)
    OSCfg_StatTaskStkSize                    0x0801245c   Data           4  os_cfg_app.o(.constdata)
    OSCfg_StatTaskStkSizeRAM                 0x08012460   Data           4  os_cfg_app.o(.constdata)
    OSCfg_StkSizeMin                         0x08012464   Data           4  os_cfg_app.o(.constdata)
    OSCfg_TickRate_Hz                        0x08012468   Data           4  os_cfg_app.o(.constdata)
    OSCfg_TickTaskPrio                       0x0801246c   Data           1  os_cfg_app.o(.constdata)
    OSCfg_TickTaskStkBasePtr                 0x08012470   Data           4  os_cfg_app.o(.constdata)
    OSCfg_TickTaskStkLimit                   0x08012474   Data           4  os_cfg_app.o(.constdata)
    OSCfg_TickTaskStkSize                    0x08012478   Data           4  os_cfg_app.o(.constdata)
    OSCfg_TickTaskStkSizeRAM                 0x0801247c   Data           4  os_cfg_app.o(.constdata)
    OSCfg_TickWheelSize                      0x08012480   Data           2  os_cfg_app.o(.constdata)
    OSCfg_TickWheelSizeRAM                   0x08012484   Data           4  os_cfg_app.o(.constdata)
    OSCfg_TmrTaskPrio                        0x08012488   Data           1  os_cfg_app.o(.constdata)
    OSCfg_TmrTaskRate_Hz                     0x0801248c   Data           4  os_cfg_app.o(.constdata)
    OSCfg_TmrTaskStkBasePtr                  0x08012490   Data           4  os_cfg_app.o(.constdata)
    OSCfg_TmrTaskStkLimit                    0x08012494   Data           4  os_cfg_app.o(.constdata)
    OSCfg_TmrTaskStkSize                     0x08012498   Data           4  os_cfg_app.o(.constdata)
    OSCfg_TmrTaskStkSizeRAM                  0x0801249c   Data           4  os_cfg_app.o(.constdata)
    OSCfg_TmrWheelSize                       0x080124a0   Data           2  os_cfg_app.o(.constdata)
    OSCfg_TmrWheelSizeRAM                    0x080124a4   Data           4  os_cfg_app.o(.constdata)
    OSCfg_DataSizeRAM                        0x080124a8   Data           4  os_cfg_app.o(.constdata)
    OSDbg_DbgEn                              0x080124ac   Data           2  os_dbg.o(.constdata)
    OSDbg_ArgChkEn                           0x080124ae   Data           1  os_dbg.o(.constdata)
    OSDbg_AppHooksEn                         0x080124af   Data           1  os_dbg.o(.constdata)
    OSDbg_EndiannessTest                     0x080124b0   Data           4  os_dbg.o(.constdata)
    OSDbg_CalledFromISRChkEn                 0x080124b4   Data           1  os_dbg.o(.constdata)
    OSDbg_FlagEn                             0x080124b5   Data           1  os_dbg.o(.constdata)
    OSDbg_FlagGrp                            0x080124b8   Data          40  os_dbg.o(.constdata)
    OSDbg_FlagDelEn                          0x080124e0   Data           1  os_dbg.o(.constdata)
    OSDbg_FlagModeClrEn                      0x080124e1   Data           1  os_dbg.o(.constdata)
    OSDbg_FlagPendAbortEn                    0x080124e2   Data           1  os_dbg.o(.constdata)
    OSDbg_FlagGrpSize                        0x080124e4   Data           2  os_dbg.o(.constdata)
    OSDbg_FlagWidth                          0x080124e6   Data           2  os_dbg.o(.constdata)
    OSDbg_IntQ                               0x080124e8   Data           2  os_dbg.o(.constdata)
    OSDbg_ISRPostDeferredEn                  0x080124ea   Data           1  os_dbg.o(.constdata)
    OSDbg_Mem                                0x080124ec   Data          32  os_dbg.o(.constdata)
    OSDbg_MemEn                              0x0801250c   Data           1  os_dbg.o(.constdata)
    OSDbg_MemSize                            0x0801250e   Data           2  os_dbg.o(.constdata)
    OSDbg_MsgEn                              0x08012510   Data           1  os_dbg.o(.constdata)
    OSDbg_MsgSize                            0x08012512   Data           2  os_dbg.o(.constdata)
    OSDbg_MsgPoolSize                        0x08012514   Data           2  os_dbg.o(.constdata)
    OSDbg_MsgQSize                           0x08012516   Data           2  os_dbg.o(.constdata)
    OSDbg_Mutex                              0x08012518   Data          44  os_dbg.o(.constdata)
    OSDbg_MutexEn                            0x08012544   Data           1  os_dbg.o(.constdata)
    OSDbg_MutexDelEn                         0x08012545   Data           1  os_dbg.o(.constdata)
    OSDbg_MutexPendAbortEn                   0x08012546   Data           1  os_dbg.o(.constdata)
    OSDbg_MutexSize                          0x08012548   Data           2  os_dbg.o(.constdata)
    OSDbg_ObjTypeChkEn                       0x0801254a   Data           1  os_dbg.o(.constdata)
    OSDbg_PendMultiEn                        0x0801254b   Data           1  os_dbg.o(.constdata)
    OSDbg_PendDataSize                       0x0801254c   Data           2  os_dbg.o(.constdata)
    OSDbg_PendListSize                       0x0801254e   Data           2  os_dbg.o(.constdata)
    OSDbg_PendObjSize                        0x08012550   Data           2  os_dbg.o(.constdata)
    OSDbg_PrioMax                            0x08012552   Data           2  os_dbg.o(.constdata)
    OSDbg_PrioTblSize                        0x08012554   Data           2  os_dbg.o(.constdata)
    OSDbg_PtrSize                            0x08012556   Data           2  os_dbg.o(.constdata)
    OSDbg_Q                                  0x08012558   Data          48  os_dbg.o(.constdata)
    OSDbg_QEn                                0x08012588   Data           1  os_dbg.o(.constdata)
    OSDbg_QDelEn                             0x08012589   Data           1  os_dbg.o(.constdata)
    OSDbg_QFlushEn                           0x0801258a   Data           1  os_dbg.o(.constdata)
    OSDbg_QPendAbortEn                       0x0801258b   Data           1  os_dbg.o(.constdata)
    OSDbg_QSize                              0x0801258c   Data           2  os_dbg.o(.constdata)
    OSDbg_SchedRoundRobinEn                  0x0801258e   Data           1  os_dbg.o(.constdata)
    OSDbg_Sem                                0x08012590   Data          40  os_dbg.o(.constdata)
    OSDbg_SemEn                              0x080125b8   Data           1  os_dbg.o(.constdata)
    OSDbg_SemDelEn                           0x080125b9   Data           1  os_dbg.o(.constdata)
    OSDbg_SemPendAbortEn                     0x080125ba   Data           1  os_dbg.o(.constdata)
    OSDbg_SemSetEn                           0x080125bb   Data           1  os_dbg.o(.constdata)
    OSDbg_SemSize                            0x080125bc   Data           2  os_dbg.o(.constdata)
    OSDbg_RdyList                            0x080125be   Data           2  os_dbg.o(.constdata)
    OSDbg_RdyListSize                        0x080125c0   Data           4  os_dbg.o(.constdata)
    OSDbg_StkWidth                           0x080125c4   Data           1  os_dbg.o(.constdata)
    OSDbg_StatTaskEn                         0x080125c5   Data           1  os_dbg.o(.constdata)
    OSDbg_StatTaskStkChkEn                   0x080125c6   Data           1  os_dbg.o(.constdata)
    OSDbg_TaskChangePrioEn                   0x080125c7   Data           1  os_dbg.o(.constdata)
    OSDbg_TaskDelEn                          0x080125c8   Data           1  os_dbg.o(.constdata)
    OSDbg_TaskQEn                            0x080125c9   Data           1  os_dbg.o(.constdata)
    OSDbg_TaskQPendAbortEn                   0x080125ca   Data           1  os_dbg.o(.constdata)
    OSDbg_TaskProfileEn                      0x080125cb   Data           1  os_dbg.o(.constdata)
    OSDbg_TaskRegTblSize                     0x080125cc   Data           2  os_dbg.o(.constdata)
    OSDbg_TaskSemPendAbortEn                 0x080125ce   Data           1  os_dbg.o(.constdata)
    OSDbg_TaskSuspendEn                      0x080125cf   Data           1  os_dbg.o(.constdata)
    OSDbg_TCBSize                            0x080125d0   Data           2  os_dbg.o(.constdata)
    OSDbg_TickSpokeSize                      0x080125d2   Data           2  os_dbg.o(.constdata)
    OSDbg_TimeDlyHMSMEn                      0x080125d4   Data           1  os_dbg.o(.constdata)
    OSDbg_TimeDlyResumeEn                    0x080125d5   Data           1  os_dbg.o(.constdata)
    OSDbg_TLS_TblSize                        0x080125d6   Data           2  os_dbg.o(.constdata)
    OSDbg_Tmr                                0x080125d8   Data          52  os_dbg.o(.constdata)
    OSDbg_TmrEn                              0x0801260c   Data           1  os_dbg.o(.constdata)
    OSDbg_TmrDelEn                           0x0801260d   Data           1  os_dbg.o(.constdata)
    OSDbg_TmrSize                            0x0801260e   Data           2  os_dbg.o(.constdata)
    OSDbg_TmrSpokeSize                       0x08012610   Data           2  os_dbg.o(.constdata)
    OSDbg_VersionNbr                         0x08012612   Data           2  os_dbg.o(.constdata)
    OSDbg_DataSize                           0x08012614   Data           4  os_dbg.o(.constdata)
    Region$$Table$$Base                      0x08012640   Number         0  anon$$obj.o(Region$$Table)
    Region$$Table$$Limit                     0x08012660   Number         0  anon$$obj.o(Region$$Table)
    lcd_color                                0x20000000   Data          56  main.o(.data)
    SystemCoreClock                          0x2000003c   Data           4  system_stm32f10x.o(.data)
    AHBPrescTable                            0x20000040   Data          16  system_stm32f10x.o(.data)
    POINT_COLOR                              0x20000050   Data           2  lcd.o(.data)
    BACK_COLOR                               0x20000052   Data           2  lcd.o(.data)
    __stdout                                 0x2000005c   Data           4  usart.o(.data)
    USART_RX_STA                             0x20000060   Data           2  usart.o(.data)
    CPU_TS_TmrFreq_Hz                        0x20000078   Data           4  cpu_core.o(.data)
    Mem_PoolTbl                              0x2000007c   Data           4  lib_mem.o(.data)
    OSPrioTbl                                0x20000080   Data           8  os_prio.o(.data)
    OS_AppTaskCreateHookPtr                  0x20000088   Data           4  os_var.o(.data)
    OS_AppTaskDelHookPtr                     0x2000008c   Data           4  os_var.o(.data)
    OS_AppTaskReturnHookPtr                  0x20000090   Data           4  os_var.o(.data)
    OS_AppIdleTaskHookPtr                    0x20000094   Data           4  os_var.o(.data)
    OS_AppStatTaskHookPtr                    0x20000098   Data           4  os_var.o(.data)
    OS_AppTaskSwHookPtr                      0x2000009c   Data           4  os_var.o(.data)
    OS_AppTimeTickHookPtr                    0x200000a0   Data           4  os_var.o(.data)
    OSIdleTaskCtr                            0x200000a4   Data           4  os_var.o(.data)
    OSIntNestingCtr                          0x200000a8   Data           1  os_var.o(.data)
    OSRunning                                0x200000a9   Data           1  os_var.o(.data)
    OSIntQInPtr                              0x200000ac   Data           4  os_var.o(.data)
    OSIntQOutPtr                             0x200000b0   Data           4  os_var.o(.data)
    OSIntQNbrEntries                         0x200000b4   Data           2  os_var.o(.data)
    OSIntQNbrEntriesMax                      0x200000b6   Data           2  os_var.o(.data)
    OSIntQOvfCtr                             0x200000b8   Data           2  os_var.o(.data)
    OSIntQTaskTimeMax                        0x200000bc   Data           4  os_var.o(.data)
    OSFlagDbgListPtr                         0x200000c0   Data           4  os_var.o(.data)
    OSFlagQty                                0x200000c4   Data           2  os_var.o(.data)
    OSMemDbgListPtr                          0x200000c8   Data           4  os_var.o(.data)
    OSMemQty                                 0x200000cc   Data           2  os_var.o(.data)
    OSMutexDbgListPtr                        0x200000d0   Data           4  os_var.o(.data)
    OSMutexQty                               0x200000d4   Data           2  os_var.o(.data)
    OSPrioCur                                0x200000d6   Data           1  os_var.o(.data)
    OSPrioHighRdy                            0x200000d7   Data           1  os_var.o(.data)
    OSPrioSaved                              0x200000d8   Data           1  os_var.o(.data)
    OSQDbgListPtr                            0x200000dc   Data           4  os_var.o(.data)
    OSQQty                                   0x200000e0   Data           2  os_var.o(.data)
    OSSchedLockTimeBegin                     0x200000e4   Data           4  os_var.o(.data)
    OSSchedLockTimeMax                       0x200000e8   Data           4  os_var.o(.data)
    OSSchedLockTimeMaxCur                    0x200000ec   Data           4  os_var.o(.data)
    OSSchedLockNestingCtr                    0x200000f0   Data           1  os_var.o(.data)
    OSSchedRoundRobinDfltTimeQuanta          0x200000f4   Data           4  os_var.o(.data)
    OSSchedRoundRobinEn                      0x200000f8   Data           1  os_var.o(.data)
    OSSemDbgListPtr                          0x200000fc   Data           4  os_var.o(.data)
    OSSemQty                                 0x20000100   Data           2  os_var.o(.data)
    OSStatResetFlag                          0x20000102   Data           1  os_var.o(.data)
    OSStatTaskCPUUsage                       0x20000104   Data           2  os_var.o(.data)
    OSStatTaskCPUUsageMax                    0x20000106   Data           2  os_var.o(.data)
    OSStatTaskCtr                            0x20000108   Data           4  os_var.o(.data)
    OSStatTaskCtrMax                         0x2000010c   Data           4  os_var.o(.data)
    OSStatTaskCtrRun                         0x20000110   Data           4  os_var.o(.data)
    OSStatTaskRdy                            0x20000114   Data           1  os_var.o(.data)
    OSStatTaskTimeMax                        0x20000118   Data           4  os_var.o(.data)
    OSTaskCtxSwCtr                           0x2000011c   Data           4  os_var.o(.data)
    OSTaskDbgListPtr                         0x20000120   Data           4  os_var.o(.data)
    OSTaskQty                                0x20000124   Data           2  os_var.o(.data)
    OSTaskRegNextAvailID                     0x20000126   Data           1  os_var.o(.data)
    OSTickCtr                                0x20000128   Data           4  os_var.o(.data)
    OSTickTaskTimeMax                        0x2000012c   Data           4  os_var.o(.data)
    OSTmrDbgListPtr                          0x20000130   Data           4  os_var.o(.data)
    OSTmrQty                                 0x20000134   Data           2  os_var.o(.data)
    OSTmrTaskTimeMax                         0x20000138   Data           4  os_var.o(.data)
    OSTmrTickCtr                             0x2000013c   Data           4  os_var.o(.data)
    OSTmrUpdateCnt                           0x20000140   Data           4  os_var.o(.data)
    OSTmrUpdateCtr                           0x20000144   Data           4  os_var.o(.data)
    OSTCBCurPtr                              0x20000148   Data           4  os_var.o(.data)
    OSTCBHighRdyPtr                          0x2000014c   Data           4  os_var.o(.data)
    OS_CPU_ExceptStkBase                     0x20000150   Data           4  os_cpu_c.o(.data)
    StartTaskTCB                             0x20000154   Data         196  main.o(.bss)
    START_TASK_STK                           0x20000218   Data         512  main.o(.bss)
    Task1_TaskTCB                            0x20000418   Data         196  main.o(.bss)
    TASK1_TASK_STK                           0x200004dc   Data         512  main.o(.bss)
    tmr1                                     0x200006dc   Data          52  main.o(.bss)
    tmr2                                     0x20000710   Data          52  main.o(.bss)
    lcddev                                   0x20000744   Data          14  lcd.o(.bss)
    USART_RX_BUF                             0x20000752   Data         200  usart.o(.bss)
    CPU_Name                                 0x2000081a   Data          16  cpu_core.o(.bss)
    Mem_PoolHeap                             0x2000082c   Data          72  lib_mem.o(.bss)
    Mem_Heap                                 0x20000874   Data        1024  lib_mem.o(.bss)
    OSCfg_IdleTaskStk                        0x20000c74   Data         512  os_cfg_app.o(.bss)
    OSCfg_IntQ                               0x20000e74   Data         320  os_cfg_app.o(.bss)
    OSCfg_IntQTaskStk                        0x20000fb4   Data         512  os_cfg_app.o(.bss)
    OSCfg_ISRStk                             0x200011b4   Data         512  os_cfg_app.o(.bss)
    OSCfg_MsgPool                            0x200013b4   Data        1600  os_cfg_app.o(.bss)
    OSCfg_StatTaskStk                        0x200019f4   Data         512  os_cfg_app.o(.bss)
    OSCfg_TickTaskStk                        0x20001bf4   Data         512  os_cfg_app.o(.bss)
    OSCfg_TickWheel                          0x20001df4   Data         136  os_cfg_app.o(.bss)
    OSCfg_TmrTaskStk                         0x20001e7c   Data         512  os_cfg_app.o(.bss)
    OSCfg_TmrWheel                           0x2000207c   Data         136  os_cfg_app.o(.bss)
    OSIdleTaskTCB                            0x20002104   Data         196  os_var.o(.bss)
    OSIntQTaskTCB                            0x200021c8   Data         196  os_var.o(.bss)
    OSMsgPool                                0x2000228c   Data          12  os_var.o(.bss)
    OSRdyList                                0x20002298   Data         768  os_var.o(.bss)
    OSStatTaskTCB                            0x20002598   Data         196  os_var.o(.bss)
    OSTickTaskTCB                            0x2000265c   Data         196  os_var.o(.bss)
    OSTmrTaskTCB                             0x20002720   Data         196  os_var.o(.bss)
    __libspace_start                         0x200027e4   Data          96  libspace.o(.bss)
    __temporary_stack_top$libspace           0x20002844   Data           0  libspace.o(.bss)



==============================================================================

Memory Map of the image

  Image Entry point : 0x08000131

  Load Region LR_IROM1 (Base: 0x08000000, Size: 0x000127b4, Max: 0x00040000, ABSOLUTE, COMPRESSED[0x000126a0])

    Execution Region ER_IROM1 (Exec base: 0x08000000, Load base: 0x08000000, Size: 0x00012660, Max: 0x00040000, ABSOLUTE)

    Exec Addr    Load Addr    Size         Type   Attr      Idx    E Section Name        Object

    0x08000000   0x08000000   0x00000130   Data   RO          323    RESET               startup_stm32f10x_hd.o
    0x08000130   0x08000130   0x00000008   Code   RO          832  * !!!main             c_w.l(__main.o)
    0x08000138   0x08000138   0x00000034   Code   RO         1014    !!!scatter          c_w.l(__scatter.o)
    0x0800016c   0x0800016c   0x0000005a   Code   RO         1012    !!dczerorl2         c_w.l(__dczerorl2.o)
    0x080001c6   0x080001c6   0x00000002   PAD
    0x080001c8   0x080001c8   0x0000001c   Code   RO         1016    !!handler_zi        c_w.l(__scatter_zi.o)
    0x080001e4   0x080001e4   0x00000000   Code   RO          829    .ARM.Collect$$_printf_percent$$00000000  c_w.l(_printf_percent.o)
    0x080001e4   0x080001e4   0x00000006   Code   RO          828    .ARM.Collect$$_printf_percent$$0000000C  c_w.l(_printf_x.o)
    0x080001ea   0x080001ea   0x00000004   Code   RO          845    .ARM.Collect$$_printf_percent$$00000017  c_w.l(_printf_percent_end.o)
    0x080001ee   0x080001ee   0x00000002   Code   RO          884    .ARM.Collect$$libinit$$00000000  c_w.l(libinit.o)
    0x080001f0   0x080001f0   0x00000000   Code   RO          897    .ARM.Collect$$libinit$$00000002  c_w.l(libinit2.o)
    0x080001f0   0x080001f0   0x00000000   Code   RO          899    .ARM.Collect$$libinit$$00000004  c_w.l(libinit2.o)
    0x080001f0   0x080001f0   0x00000000   Code   RO          902    .ARM.Collect$$libinit$$0000000A  c_w.l(libinit2.o)
    0x080001f0   0x080001f0   0x00000000   Code   RO          904    .ARM.Collect$$libinit$$0000000C  c_w.l(libinit2.o)
    0x080001f0   0x080001f0   0x00000000   Code   RO          906    .ARM.Collect$$libinit$$0000000E  c_w.l(libinit2.o)
    0x080001f0   0x080001f0   0x00000000   Code   RO          909    .ARM.Collect$$libinit$$00000011  c_w.l(libinit2.o)
    0x080001f0   0x080001f0   0x00000000   Code   RO          911    .ARM.Collect$$libinit$$00000013  c_w.l(libinit2.o)
    0x080001f0   0x080001f0   0x00000000   Code   RO          913    .ARM.Collect$$libinit$$00000015  c_w.l(libinit2.o)
    0x080001f0   0x080001f0   0x00000000   Code   RO          915    .ARM.Collect$$libinit$$00000017  c_w.l(libinit2.o)
    0x080001f0   0x080001f0   0x00000000   Code   RO          917    .ARM.Collect$$libinit$$00000019  c_w.l(libinit2.o)
    0x080001f0   0x080001f0   0x00000000   Code   RO          919    .ARM.Collect$$libinit$$0000001B  c_w.l(libinit2.o)
    0x080001f0   0x080001f0   0x00000000   Code   RO          921    .ARM.Collect$$libinit$$0000001D  c_w.l(libinit2.o)
    0x080001f0   0x080001f0   0x00000000   Code   RO          923    .ARM.Collect$$libinit$$0000001F  c_w.l(libinit2.o)
    0x080001f0   0x080001f0   0x00000000   Code   RO          925    .ARM.Collect$$libinit$$00000021  c_w.l(libinit2.o)
    0x080001f0   0x080001f0   0x00000000   Code   RO          927    .ARM.Collect$$libinit$$00000023  c_w.l(libinit2.o)
    0x080001f0   0x080001f0   0x00000000   Code   RO          929    .ARM.Collect$$libinit$$00000025  c_w.l(libinit2.o)
    0x080001f0   0x080001f0   0x00000000   Code   RO          933    .ARM.Collect$$libinit$$0000002C  c_w.l(libinit2.o)
    0x080001f0   0x080001f0   0x00000000   Code   RO          935    .ARM.Collect$$libinit$$0000002E  c_w.l(libinit2.o)
    0x080001f0   0x080001f0   0x00000000   Code   RO          937    .ARM.Collect$$libinit$$00000030  c_w.l(libinit2.o)
    0x080001f0   0x080001f0   0x00000000   Code   RO          939    .ARM.Collect$$libinit$$00000032  c_w.l(libinit2.o)
    0x080001f0   0x080001f0   0x00000002   Code   RO          940    .ARM.Collect$$libinit$$00000033  c_w.l(libinit2.o)
    0x080001f2   0x080001f2   0x00000002   Code   RO          966    .ARM.Collect$$libshutdown$$00000000  c_w.l(libshutdown.o)
    0x080001f4   0x080001f4   0x00000000   Code   RO          993    .ARM.Collect$$libshutdown$$00000002  c_w.l(libshutdown2.o)
    0x080001f4   0x080001f4   0x00000000   Code   RO          995    .ARM.Collect$$libshutdown$$00000004  c_w.l(libshutdown2.o)
    0x080001f4   0x080001f4   0x00000000   Code   RO          997    .ARM.Collect$$libshutdown$$00000006  c_w.l(libshutdown2.o)
    0x080001f4   0x080001f4   0x00000000   Code   RO         1000    .ARM.Collect$$libshutdown$$00000009  c_w.l(libshutdown2.o)
    0x080001f4   0x080001f4   0x00000000   Code   RO         1003    .ARM.Collect$$libshutdown$$0000000C  c_w.l(libshutdown2.o)
    0x080001f4   0x080001f4   0x00000000   Code   RO         1005    .ARM.Collect$$libshutdown$$0000000E  c_w.l(libshutdown2.o)
    0x080001f4   0x080001f4   0x00000000   Code   RO         1008    .ARM.Collect$$libshutdown$$00000011  c_w.l(libshutdown2.o)
    0x080001f4   0x080001f4   0x00000002   Code   RO         1009    .ARM.Collect$$libshutdown$$00000012  c_w.l(libshutdown2.o)
    0x080001f6   0x080001f6   0x00000000   Code   RO          836    .ARM.Collect$$rtentry$$00000000  c_w.l(__rtentry.o)
    0x080001f6   0x080001f6   0x00000000   Code   RO          847    .ARM.Collect$$rtentry$$00000002  c_w.l(__rtentry2.o)
    0x080001f6   0x080001f6   0x00000006   Code   RO          859    .ARM.Collect$$rtentry$$00000004  c_w.l(__rtentry4.o)
    0x080001fc   0x080001fc   0x00000000   Code   RO          849    .ARM.Collect$$rtentry$$00000009  c_w.l(__rtentry2.o)
    0x080001fc   0x080001fc   0x00000004   Code   RO          850    .ARM.Collect$$rtentry$$0000000A  c_w.l(__rtentry2.o)
    0x08000200   0x08000200   0x00000000   Code   RO          852    .ARM.Collect$$rtentry$$0000000C  c_w.l(__rtentry2.o)
    0x08000200   0x08000200   0x00000008   Code   RO          853    .ARM.Collect$$rtentry$$0000000D  c_w.l(__rtentry2.o)
    0x08000208   0x08000208   0x00000002   Code   RO          888    .ARM.Collect$$rtexit$$00000000  c_w.l(rtexit.o)
    0x0800020a   0x0800020a   0x00000000   Code   RO          942    .ARM.Collect$$rtexit$$00000002  c_w.l(rtexit2.o)
    0x0800020a   0x0800020a   0x00000004   Code   RO          943    .ARM.Collect$$rtexit$$00000003  c_w.l(rtexit2.o)
    0x0800020e   0x0800020e   0x00000006   Code   RO          944    .ARM.Collect$$rtexit$$00000004  c_w.l(rtexit2.o)
    0x08000214   0x08000214   0x0000049c   Code   RO            1    .text               main.o
    0x080006b0   0x080006b0   0x00000016   Code   RO          152    .text               stm32f10x_it.o
    0x080006c6   0x080006c6   0x00000002   PAD
    0x080006c8   0x080006c8   0x000001e0   Code   RO          184    .text               system_stm32f10x.o
    0x080008a8   0x080008a8   0x00000050   Code   RO          202    .text               led.o
    0x080008f8   0x080008f8   0x000058a4   Code   RO          214    .text               lcd.o
    0x0800619c   0x0800619c   0x000000fc   Code   RO          244    .text               key.o
    0x08006298   0x08006298   0x0000014c   Code   RO          257    .text               delay.o
    0x080063e4   0x080063e4   0x0000000c   Code   RO          272    .text               sys.o
    0x080063f0   0x080063f0   0x0000014c   Code   RO          288    .text               usart.o
    0x0800653c   0x0800653c   0x00000040   Code   RO          324    .text               startup_stm32f10x_hd.o
    0x0800657c   0x0800657c   0x000000dc   Code   RO          328    .text               misc.o
    0x08006658   0x08006658   0x0000035c   Code   RO          340    .text               stm32f10x_gpio.o
    0x080069b4   0x080069b4   0x00000408   Code   RO          352    .text               stm32f10x_usart.o
    0x08006dbc   0x08006dbc   0x000003a4   Code   RO          364    .text               stm32f10x_rcc.o
    0x08007160   0x08007160   0x00000084   Code   RO          378    .text               bsp.o
    0x080071e4   0x080071e4   0x000002a8   Code   RO          393    .text               cpu_core.o
    0x0800748c   0x0800748c   0x00000034   Code   RO          431    .text               cpu_a.o
    0x080074c0   0x080074c0   0x00000256   Code   RO          434    .text               lib_ascii.o
    0x08007716   0x08007716   0x00000002   PAD
    0x08007718   0x08007718   0x000009c6   Code   RO          467    .text               lib_mem.o
    0x080080de   0x080080de   0x00000002   PAD
    0x080080e0   0x080080e0   0x0000092c   Code   RO          486    .text               lib_str.o
    0x08008a0c   0x08008a0c   0x00000220   Code   RO          503    .text               lib_mem_a.o
    0x08008c2c   0x08008c2c   0x000000fc   Code   RO          506    .text               os_cfg_app.o
    0x08008d28   0x08008d28   0x00000e04   Code   RO          529    .text               os_core.o
    0x08009b2c   0x08009b2c   0x000001b0   Code   RO          541    .text               os_dbg.o
    0x08009cdc   0x08009cdc   0x00000e28   Code   RO          556    .text               os_flag.o
    0x0800ab04   0x0800ab04   0x00000444   Code   RO          568    .text               os_int.o
    0x0800af48   0x0800af48   0x00000238   Code   RO          580    .text               os_mem.o
    0x0800b180   0x0800b180   0x0000022c   Code   RO          592    .text               os_msg.o
    0x0800b3ac   0x0800b3ac   0x00000ad4   Code   RO          604    .text               os_mutex.o
    0x0800be80   0x0800be80   0x0000007c   Code   RO          622    .text               os_prio.o
    0x0800befc   0x0800befc   0x000008d8   Code   RO          641    .text               os_q.o
    0x0800c7d4   0x0800c7d4   0x00000830   Code   RO          653    .text               os_sem.o
    0x0800d004   0x0800d004   0x00000638   Code   RO          665    .text               os_stat.o
    0x0800d63c   0x0800d63c   0x00001bb4   Code   RO          677    .text               os_task.o
    0x0800f1f0   0x0800f1f0   0x000004fc   Code   RO          689    .text               os_tick.o
    0x0800f6ec   0x0800f6ec   0x00000564   Code   RO          701    .text               os_time.o
    0x0800fc50   0x0800fc50   0x00000818   Code   RO          713    .text               os_tmr.o
    0x08010468   0x08010468   0x0000026c   Code   RO          742    .text               os_cpu_c.o
    0x080106d4   0x080106d4   0x00000002   Code   RO          777    .text               c_w.l(use_no_semi_2.o)
    0x080106d6   0x080106d6   0x000000ee   Code   RO          779    .text               c_w.l(lludivv7m.o)
    0x080107c4   0x080107c4   0x00000018   Code   RO          783    .text               c_w.l(noretval__2printf.o)
    0x080107dc   0x080107dc   0x00000068   Code   RO          785    .text               c_w.l(__printf.o)
    0x08010844   0x08010844   0x00000058   Code   RO          790    .text               c_w.l(_printf_hex_int.o)
    0x0801089c   0x0801089c   0x00000006   Code   RO          830    .text               c_w.l(heapauxi.o)
    0x080108a2   0x080108a2   0x00000002   Code   RO          834    .text               c_w.l(use_no_semi.o)
    0x080108a4   0x080108a4   0x000000b2   Code   RO          841    .text               c_w.l(_printf_intcommon.o)
    0x08010956   0x08010956   0x00000002   PAD
    0x08010958   0x08010958   0x00000024   Code   RO          843    .text               c_w.l(_printf_char_file.o)
    0x0801097c   0x0801097c   0x00000030   Code   RO          863    .text               c_w.l(_printf_char_common.o)
    0x080109ac   0x080109ac   0x00000008   Code   RO          865    .text               c_w.l(ferror.o)
    0x080109b4   0x080109b4   0x0000004a   Code   RO          869    .text               c_w.l(sys_stackheap_outer.o)
    0x080109fe   0x080109fe   0x00000012   Code   RO          873    .text               c_w.l(exit.o)
    0x08010a10   0x08010a10   0x00000008   Code   RO          885    .text               c_w.l(libspace.o)
    0x08010a18   0x08010a18   0x00000098   Code   RO          739    CODE                os_cpu_a.o
    0x08010ab0   0x08010ab0   0x000017c0   Data   RO          216    .constdata          lcd.o
    0x08012270   0x08012270   0x00000104   Data   RO          395    .constdata          cpu_core.o
    0x08012374   0x08012374   0x00000094   Data   RO          487    .constdata          lib_str.o
    0x08012408   0x08012408   0x000000a4   Data   RO          508    .constdata          os_cfg_app.o
    0x080124ac   0x080124ac   0x0000016c   Data   RO          542    .constdata          os_dbg.o
    0x08012618   0x08012618   0x00000028   Data   RO          791    .constdata          c_w.l(_printf_hex_int.o)
    0x08012640   0x08012640   0x00000020   Data   RO         1010    Region$$Table       anon$$obj.o


    Execution Region RW_IRAM1 (Exec base: 0x20000000, Load base: 0x08012660, Size: 0x00003248, Max: 0x0000c000, ABSOLUTE, COMPRESSED[0x00000040])

    Exec Addr    Load Addr    Size         Type   Attr      Idx    E Section Name        Object

    0x20000000   COMPRESSED   0x0000003a   Data   RW            3    .data               main.o
    0x2000003a   COMPRESSED   0x00000002   PAD
    0x2000003c   COMPRESSED   0x00000014   Data   RW          185    .data               system_stm32f10x.o
    0x20000050   COMPRESSED   0x00000004   Data   RW          217    .data               lcd.o
    0x20000054   COMPRESSED   0x00000001   Data   RW          245    .data               key.o
    0x20000055   COMPRESSED   0x00000001   PAD
    0x20000056   COMPRESSED   0x00000004   Data   RW          258    .data               delay.o
    0x2000005a   COMPRESSED   0x00000002   PAD
    0x2000005c   COMPRESSED   0x00000006   Data   RW          290    .data               usart.o
    0x20000062   COMPRESSED   0x00000014   Data   RW          365    .data               stm32f10x_rcc.o
    0x20000076   COMPRESSED   0x00000002   PAD
    0x20000078   COMPRESSED   0x00000004   Data   RW          396    .data               cpu_core.o
    0x2000007c   COMPRESSED   0x00000004   Data   RW          469    .data               lib_mem.o
    0x20000080   COMPRESSED   0x00000008   Data   RW          623    .data               os_prio.o
    0x20000088   COMPRESSED   0x000000c8   Data   RW          726    .data               os_var.o
    0x20000150   COMPRESSED   0x00000004   Data   RW          743    .data               os_cpu_c.o
    0x20000154        -       0x000005f0   Zero   RW            2    .bss                main.o
    0x20000744        -       0x0000000e   Zero   RW          215    .bss                lcd.o
    0x20000752        -       0x000000c8   Zero   RW          289    .bss                usart.o
    0x2000081a        -       0x00000010   Zero   RW          394    .bss                cpu_core.o
    0x2000082a   COMPRESSED   0x00000002   PAD
    0x2000082c        -       0x00000448   Zero   RW          468    .bss                lib_mem.o
    0x20000c74        -       0x00001490   Zero   RW          507    .bss                os_cfg_app.o
    0x20002104        -       0x000006e0   Zero   RW          725    .bss                os_var.o
    0x200027e4        -       0x00000060   Zero   RW          886    .bss                c_w.l(libspace.o)
    0x20002844   COMPRESSED   0x00000004   PAD
    0x20002848        -       0x00000200   Zero   RW          322    HEAP                startup_stm32f10x_hd.o
    0x20002a48        -       0x00000800   Zero   RW          321    STACK               startup_stm32f10x_hd.o


==============================================================================

Image component sizes


      Code (inc. data)   RO Data    RW Data    ZI Data      Debug   Object Name

       132         12          0          0          0       1167   bsp.o
        52          0          0          0          0        352   cpu_a.o
       680         14        260          4         16      14491   cpu_core.o
       332         28          0          4          0       1849   delay.o
       252         16          0          1          0        856   key.o
     22692        204       6080          4         14      24448   lcd.o
        80          8          0          0          0        515   led.o
       598          0          0          0          0       3904   lib_ascii.o
      2502         32          0          4       1096      22292   lib_mem.o
       544          0          0          0          0        496   lib_mem_a.o
      2348          6        148          0          0      13842   lib_str.o
      1180        214          0         58       1520     275256   main.o
       220         22          0          0          0       1861   misc.o
       252        166        164          0       5264      20978   os_cfg_app.o
      3588        294          0          0          0      12497   os_core.o
       152         32          0          0          0        408   os_cpu_a.o
       620         66          0          4          0       3885   os_cpu_c.o
       432        286        364          0          0       4809   os_dbg.o
      3624        110          0          0          0       8079   os_flag.o
      1092        146          0          0          0       2384   os_int.o
       568         20          0          0          0       2808   os_mem.o
       556         12          0          0          0       2843   os_msg.o
      2772        114          0          0          0       5614   os_mutex.o
       124          4          0          8          0       1804   os_prio.o
      2264         76          0          0          0       6376   os_q.o
      2096         70          0          0          0       6396   os_sem.o
      1592        180          0          0          0       2865   os_stat.o
      7092        270          0          0          0      14222   os_task.o
      1276         90          0          0          0       3333   os_tick.o
      1380         46          0          0          0       3337   os_time.o
      2072        140          0          0          0       6522   os_tmr.o
         0          0          0        200       1760      19397   os_var.o
        64         26        304          0       2560        808   startup_stm32f10x_hd.o
       860         38          0          0          0       5797   stm32f10x_gpio.o
        22          0          0          0          0       1015   stm32f10x_it.o
       932         36          0         20          0       9000   stm32f10x_rcc.o
      1032         22          0          0          0       8520   stm32f10x_usart.o
        12          0          0          0          0        635   sys.o
       480         38          0         20          0       1791   system_stm32f10x.o
       332         16          0          6        200       3214   usart.o

    ----------------------------------------------------------------------
     66904       2854       7352        340      12432     520666   Object Totals
         0          0         32          0          0          0   (incl. Generated)
         6          0          0          7          2          0   (incl. Padding)

    ----------------------------------------------------------------------

      Code (inc. data)   RO Data    RW Data    ZI Data      Debug   Library Member Name

        90          0          0          0          0          0   __dczerorl2.o
         8          0          0          0          0         68   __main.o
       104          0          0          0          0         84   __printf.o
         0          0          0          0          0          0   __rtentry.o
        12          0          0          0          0          0   __rtentry2.o
         6          0          0          0          0          0   __rtentry4.o
        52          8          0          0          0          0   __scatter.o
        28          0          0          0          0          0   __scatter_zi.o
        48          6          0          0          0         96   _printf_char_common.o
        36          4          0          0          0         80   _printf_char_file.o
        88          4         40          0          0         88   _printf_hex_int.o
       178          0          0          0          0         88   _printf_intcommon.o
         0          0          0          0          0          0   _printf_percent.o
         4          0          0          0          0          0   _printf_percent_end.o
         6          0          0          0          0          0   _printf_x.o
        18          0          0          0          0         80   exit.o
         8          0          0          0          0         68   ferror.o
         6          0          0          0          0        152   heapauxi.o
         2          0          0          0          0          0   libinit.o
         2          0          0          0          0          0   libinit2.o
         2          0          0          0          0          0   libshutdown.o
         2          0          0          0          0          0   libshutdown2.o
         8          4          0          0         96         68   libspace.o
       238          0          0          0          0        100   lludivv7m.o
        24          4          0          0          0         84   noretval__2printf.o
         2          0          0          0          0          0   rtexit.o
        10          0          0          0          0          0   rtexit2.o
        74          0          0          0          0         80   sys_stackheap_outer.o
         2          0          0          0          0         68   use_no_semi.o
         2          0          0          0          0         68   use_no_semi_2.o

    ----------------------------------------------------------------------
      1064         30         40          0        100       1272   Library Totals
         4          0          0          0          4          0   (incl. Padding)

    ----------------------------------------------------------------------

      Code (inc. data)   RO Data    RW Data    ZI Data      Debug   Library Name

      1060         30         40          0         96       1272   c_w.l

    ----------------------------------------------------------------------
      1064         30         40          0        100       1272   Library Totals

    ----------------------------------------------------------------------

==============================================================================


      Code (inc. data)   RO Data    RW Data    ZI Data      Debug   

     67968       2884       7392        340      12532     518086   Grand Totals
     67968       2884       7392         64      12532     518086   ELF Image Totals (compressed)
     67968       2884       7392         64          0          0   ROM Totals

==============================================================================

    Total RO  Size (Code + RO Data)                75360 (  73.59kB)
    Total RW  Size (RW Data + ZI Data)             12872 (  12.57kB)
    Total ROM Size (Code + RO Data + RW Data)      75424 (  73.66kB)

==============================================================================

