Component: ARM Compiler 5.06 update 7 (build 960) Tool: armlink [4d3601]

==============================================================================

Section Cross References

    main.o(.text) refers to noretval__2printf.o(.text) for __2printf
    main.o(.text) refers to os_sem.o(.text) for OSSemPend
    main.o(.text) refers to lcd.o(.text) for LCD_Fill
    main.o(.text) refers to os_time.o(.text) for OSTimeDlyHMSM
    main.o(.text) refers to key.o(.text) for KEY_Scan
    main.o(.text) refers to cpu_core.o(.text) for CPU_Init
    main.o(.text) refers to os_stat.o(.text) for OSStatTaskCPUUsageInit
    main.o(.text) refers to os_core.o(.text) for OSSchedRoundRobinCfg
    main.o(.text) refers to cpu_a.o(.text) for CPU_SR_Save
    main.o(.text) refers to os_task.o(.text) for OSTaskCreate
    main.o(.text) refers to delay.o(.text) for delay_init
    main.o(.text) refers to misc.o(.text) for NVIC_PriorityGroupConfig
    main.o(.text) refers to usart.o(.text) for uart_init
    main.o(.text) refers to sys.o(.text) for INTX_DISABLE
    main.o(.text) refers to led.o(.text) for LED_Init
    main.o(.text) refers to main.o(.bss) for SYN_SEM
    main.o(.text) refers to main.o(.data) for lcd_color
    main.o(.text) refers to os_var.o(.data) for OSSchedLockNestingCtr
    main.o(.text) refers to lcd.o(.data) for POINT_COLOR
    system_stm32f10x.o(.text) refers to system_stm32f10x.o(.data) for SystemCoreClock
    led.o(.text) refers to stm32f10x_rcc.o(.text) for RCC_APB2PeriphClockCmd
    led.o(.text) refers to stm32f10x_gpio.o(.text) for GPIO_Init
    lcd.o(.text) refers to _printf_percent.o(.ARM.Collect$$_printf_percent$$00000000) for _printf_percent
    lcd.o(.text) refers to _printf_x.o(.ARM.Collect$$_printf_percent$$0000000C) for _printf_x
    lcd.o(.text) refers to _printf_hex_int.o(.text) for _printf_longlong_hex
    lcd.o(.text) refers to stm32f10x_gpio.o(.text) for GPIO_ResetBits
    lcd.o(.text) refers to delay.o(.text) for delay_us
    lcd.o(.text) refers to lcd.o(.bss) for lcddev
    lcd.o(.text) refers to lcd.o(.data) for POINT_COLOR
    lcd.o(.text) refers to stm32f10x_rcc.o(.text) for RCC_APB2PeriphClockCmd
    lcd.o(.text) refers to noretval__2printf.o(.text) for __2printf
    lcd.o(.text) refers to lcd.o(.constdata) for asc2_1206
    key.o(.text) refers to stm32f10x_rcc.o(.text) for RCC_APB2PeriphClockCmd
    key.o(.text) refers to stm32f10x_gpio.o(.text) for GPIO_PinRemapConfig
    key.o(.text) refers to delay.o(.text) for delay_ms
    key.o(.text) refers to key.o(.data) for key_up
    delay.o(.text) refers to os_core.o(.text) for OSSchedLock
    delay.o(.text) refers to os_time.o(.text) for OSTimeDly
    delay.o(.text) refers to misc.o(.text) for SysTick_CLKSourceConfig
    delay.o(.text) refers to os_var.o(.data) for OSRunning
    delay.o(.text) refers to system_stm32f10x.o(.data) for SystemCoreClock
    delay.o(.text) refers to delay.o(.data) for fac_us
    delay.o(.text) refers to os_cfg_app.o(.constdata) for OSCfg_TickRate_Hz
    usart.o(.text) refers (Special) to use_no_semi_2.o(.text) for __use_no_semihosting
    usart.o(.text) refers to stm32f10x_rcc.o(.text) for RCC_APB2PeriphClockCmd
    usart.o(.text) refers to stm32f10x_usart.o(.text) for USART_DeInit
    usart.o(.text) refers to stm32f10x_gpio.o(.text) for GPIO_Init
    usart.o(.text) refers to misc.o(.text) for NVIC_Init
    usart.o(.text) refers to os_core.o(.text) for OSIntEnter
    usart.o(.text) refers to usart.o(.data) for USART_RX_STA
    usart.o(.text) refers to usart.o(.bss) for USART_RX_BUF
    usart.o(.bss) refers (Special) to use_no_semi_2.o(.text) for __use_no_semihosting
    usart.o(.data) refers (Special) to use_no_semi_2.o(.text) for __use_no_semihosting
    startup_stm32f10x_hd.o(STACK) refers (Special) to heapauxi.o(.text) for __use_two_region_memory
    startup_stm32f10x_hd.o(HEAP) refers (Special) to heapauxi.o(.text) for __use_two_region_memory
    startup_stm32f10x_hd.o(RESET) refers (Special) to heapauxi.o(.text) for __use_two_region_memory
    startup_stm32f10x_hd.o(RESET) refers to startup_stm32f10x_hd.o(STACK) for __initial_sp
    startup_stm32f10x_hd.o(RESET) refers to startup_stm32f10x_hd.o(.text) for Reset_Handler
    startup_stm32f10x_hd.o(RESET) refers to stm32f10x_it.o(.text) for NMI_Handler
    startup_stm32f10x_hd.o(RESET) refers to os_cpu_a.o(CODE) for PendSV_Handler
    startup_stm32f10x_hd.o(RESET) refers to delay.o(.text) for SysTick_Handler
    startup_stm32f10x_hd.o(RESET) refers to usart.o(.text) for USART1_IRQHandler
    startup_stm32f10x_hd.o(.text) refers (Special) to heapauxi.o(.text) for __use_two_region_memory
    startup_stm32f10x_hd.o(.text) refers to system_stm32f10x.o(.text) for SystemInit
    startup_stm32f10x_hd.o(.text) refers to __main.o(!!!main) for __main
    startup_stm32f10x_hd.o(.text) refers to startup_stm32f10x_hd.o(HEAP) for Heap_Mem
    startup_stm32f10x_hd.o(.text) refers to startup_stm32f10x_hd.o(STACK) for Stack_Mem
[...]
    __rt_lib_init_exceptions_1               0x080001f1   Thumb Code     0  libinit2.o(.ARM.Collect$$libinit$$00000030)
    __rt_lib_init_fp_1                       0x080001f1   Thumb Code     0  libinit2.o(.ARM.Collect$$libinit$$00000002)
    __rt_lib_init_fp_trap_1                  0x080001f1   Thumb Code     0  libinit2.o(.ARM.Collect$$libinit$$0000001F)
    __rt_lib_init_getenv_1                   0x080001f1   Thumb Code     0  libinit2.o(.ARM.Collect$$libinit$$00000023)
    __rt_lib_init_heap_1                     0x080001f1   Thumb Code     0  libinit2.o(.ARM.Collect$$libinit$$0000000A)
    __rt_lib_init_lc_collate_1               0x080001f1   Thumb Code     0  libinit2.o(.ARM.Collect$$libinit$$00000011)
    __rt_lib_init_lc_ctype_1                 0x080001f1   Thumb Code     0  libinit2.o(.ARM.Collect$$libinit$$00000013)
    __rt_lib_init_lc_monetary_1              0x080001f1   Thumb Code     0  libinit2.o(.ARM.Collect$$libinit$$00000015)
    __rt_lib_init_lc_numeric_1               0x080001f1   Thumb Code     0  libinit2.o(.ARM.Collect$$libinit$$00000017)
    __rt_lib_init_lc_time_1                  0x080001f1   Thumb Code     0  libinit2.o(.ARM.Collect$$libinit$$00000019)
    __rt_lib_init_preinit_1                  0x080001f1   Thumb Code     0  libinit2.o(.ARM.Collect$$libinit$$00000004)
    __rt_lib_init_rand_1                     0x080001f1   Thumb Code     0  libinit2.o(.ARM.Collect$$libinit$$0000000E)
    __rt_lib_init_return                     0x080001f1   Thumb Code     0  libinit2.o(.ARM.Collect$$libinit$$00000033)
    __rt_lib_init_signal_1                   0x080001f1   Thumb Code     0  libinit2.o(.ARM.Collect$$libinit$$0000001D)
    __rt_lib_init_stdio_1                    0x080001f1   Thumb Code     0  libinit2.o(.ARM.Collect$$libinit$$00000025)
    __rt_lib_init_user_alloc_1               0x080001f1   Thumb Code     0  libinit2.o(.ARM.Collect$$libinit$$0000000C)
    __rt_lib_shutdown                        0x080001f3   Thumb Code     0  libshutdown.o(.ARM.Collect$$libshutdown$$00000000)
    __rt_lib_shutdown_cpp_1                  0x080001f5   Thumb Code     0  libshutdown2.o(.ARM.Collect$$libshutdown$$00000004)
    __rt_lib_shutdown_fini_1                 0x080001f5   Thumb Code     0  libshutdown2.o(.ARM.Collect$$libshutdown$$00000002)
    __rt_lib_shutdown_fp_trap_1              0x080001f5   Thumb Code     0  libshutdown2.o(.ARM.Collect$$libshutdown$$00000009)
    __rt_lib_shutdown_heap_1                 0x080001f5   Thumb Code     0  libshutdown2.o(.ARM.Collect$$libshutdown$$00000011)
    __rt_lib_shutdown_return                 0x080001f5   Thumb Code     0  libshutdown2.o(.ARM.Collect$$libshutdown$$00000012)
    __rt_lib_shutdown_signal_1               0x080001f5   Thumb Code     0  libshutdown2.o(.ARM.Collect$$libshutdown$$0000000C)
    __rt_lib_shutdown_stdio_1                0x080001f5   Thumb Code     0  libshutdown2.o(.ARM.Collect$$libshutdown$$00000006)
    __rt_lib_shutdown_user_alloc_1           0x080001f5   Thumb Code     0  libshutdown2.o(.ARM.Collect$$libshutdown$$0000000E)
    __rt_entry                               0x080001f7   Thumb Code     0  __rtentry.o(.ARM.Collect$$rtentry$$00000000)
    __rt_entry_presh_1                       0x080001f7   Thumb Code     0  __rtentry2.o(.ARM.Collect$$rtentry$$00000002)
    __rt_entry_sh                            0x080001f7   Thumb Code     0  __rtentry4.o(.ARM.Collect$$rtentry$$00000004)
    __rt_entry_li                            0x080001fd   Thumb Code     0  __rtentry2.o(.ARM.Collect$$rtentry$$0000000A)
    __rt_entry_postsh_1                      0x080001fd   Thumb Code     0  __rtentry2.o(.ARM.Collect$$rtentry$$00000009)
    __rt_entry_main                          0x08000201   Thumb Code     0  __rtentry2.o(.ARM.Collect$$rtentry$$0000000D)
    __rt_entry_postli_1                      0x08000201   Thumb Code     0  __rtentry2.o(.ARM.Collect$$rtentry$$0000000C)
    __rt_exit                                0x08000209   Thumb Code     0  rtexit.o(.ARM.Collect$$rtexit$$00000000)
    __rt_exit_ls                             0x0800020b   Thumb Code     0  rtexit2.o(.ARM.Collect$$rtexit$$00000003)
    __rt_exit_prels_1                        0x0800020b   Thumb Code     0  rtexit2.o(.ARM.Collect$$rtexit$$00000002)
    __rt_exit_exit                           0x0800020f   Thumb Code     0  rtexit2.o(.ARM.Collect$$rtexit$$00000004)
    task2_task                               0x08000215   Thumb Code   100  main.o(.text)
    task1_task                               0x08000279   Thumb Code    66  main.o(.text)
    start_task                               0x080002bb   Thumb Code   282  main.o(.text)
    main                                     0x080003d5   Thumb Code   316  main.o(.text)
    NMI_Handler                              0x08000595   Thumb Code     2  stm32f10x_it.o(.text)
    HardFault_Handler                        0x08000597   Thumb Code     4  stm32f10x_it.o(.text)
    MemManage_Handler                        0x0800059b   Thumb Code     4  stm32f10x_it.o(.text)
    BusFault_Handler                         0x0800059f   Thumb Code     4  stm32f10x_it.o(.text)
    UsageFault_Handler                       0x080005a3   Thumb Code     4  stm32f10x_it.o(.text)
    SVC_Handler                              0x080005a7   Thumb Code     2  stm32f10x_it.o(.text)
    DebugMon_Handler                         0x080005a9   Thumb Code     2  stm32f10x_it.o(.text)
    SystemInit                               0x0800068b   Thumb Code    78  system_stm32f10x.o(.text)
    SystemCoreClockUpdate                    0x080006d9   Thumb Code   142  system_stm32f10x.o(.text)
    LED_Init                                 0x0800078d   Thumb Code    72  led.o(.text)
    LCD_WR_REG                               0x080007dd   Thumb Code    60  lcd.o(.text)
    LCD_WR_DATAX                             0x08000819   Thumb Code    60  lcd.o(.text)
    LCD_RD_DATA                              0x08000855   Thumb Code   118  lcd.o(.text)
    LCD_WriteReg                             0x080008cb   Thumb Code    68  lcd.o(.text)
    LCD_ReadReg                              0x0800090f   Thumb Code    16  lcd.o(.text)
    LCD_WriteRAM_Prepare                     0x0800091f   Thumb Code    12  lcd.o(.text)
    LCD_WriteRAM                             0x0800092b   Thumb Code    60  lcd.o(.text)
    LCD_BGR2RGB                              0x08000967   Thumb Code    26  lcd.o(.text)
    LCD_SetCursor                            0x08000981   Thumb Code   860  lcd.o(.text)
    LCD_ReadPoint                            0x08000cdd   Thumb Code   464  lcd.o(.text)
    LCD_DisplayOn                            0x08000ead   Thumb Code    80  lcd.o(.text)
    LCD_DisplayOff                           0x08000efd   Thumb Code    78  lcd.o(.text)
    LCD_Scan_Dir                             0x08000f4b   Thumb Code  1504  lcd.o(.text)
    LCD_DrawPoint                            0x0800152b   Thumb Code    76  lcd.o(.text)
    LCD_Fast_DrawPoint                       0x08001577   Thumb Code   980  lcd.o(.text)
    LCD_Display_Dir                          0x0800194b   Thumb Code   420  lcd.o(.text)
    LCD_Set_Window                           0x08001aef   Thumb Code  1212  lcd.o(.text)
    LCD_Clear                                0x08001fab   Thumb Code   164  lcd.o(.text)
    LCD_Init                                 0x0800204f   Thumb Code 14876  lcd.o(.text)
    LCD_Fill                                 0x08005a6b   Thumb Code   226  lcd.o(.text)
    LCD_Color_Fill                           0x08005b4d   Thumb Code   140  lcd.o(.text)
    LCD_DrawLine                             0x08005bd9   Thumb Code   176  lcd.o(.text)
    LCD_DrawRectangle                        0x08005c89   Thumb Code    80  lcd.o(.text)
    LCD_Draw_Circle                          0x08005cd9   Thumb Code   176  lcd.o(.text)
    LCD_ShowChar                             0x08005d89   Thumb Code   272  lcd.o(.text)
    LCD_Pow                                  0x08005e99   Thumb Code    22  lcd.o(.text)
    LCD_ShowNum                              0x08005eaf   Thumb Code   148  lcd.o(.text)
    LCD_ShowxNum                             0x08005f43   Thumb Code   190  lcd.o(.text)
    LCD_ShowString                           0x08006001   Thumb Code   102  lcd.o(.text)
    KEY_Init                                 0x08006081   Thumb Code    82  key.o(.text)
    KEY_Scan                                 0x080060d3   Thumb Code   154  key.o(.text)
    delay_osschedlock                        0x0800617d   Thumb Code    10  delay.o(.text)
    delay_osschedunlock                      0x08006187   Thumb Code    10  delay.o(.text)
    delay_ostimedly                          0x08006191   Thumb Code    16  delay.o(.text)
    SysTick_Handler                          0x080061a1   Thumb Code    24  delay.o(.text)
    delay_init                               0x080061b9   Thumb Code    92  delay.o(.text)
    delay_us                                 0x08006215   Thumb Code    86  delay.o(.text)
    delay_ms                                 0x0800626b   Thumb Code    66  delay.o(.text)
    WFI_SET                                  0x080062c9   Thumb Code     4  sys.o(.text)
    INTX_DISABLE                             0x080062cd   Thumb Code     4  sys.o(.text)
    INTX_ENABLE                              0x080062d1   Thumb Code     4  sys.o(.text)
    _sys_exit                                0x080062d5   Thumb Code     4  usart.o(.text)
    fputc                                    0x080062d9   Thumb Code    24  usart.o(.text)
    uart_init                                0x080062f1   Thumb Code   158  usart.o(.text)
    USART1_IRQHandler                        0x0800638f   Thumb Code   130  usart.o(.text)
    Reset_Handler                            0x08006421   Thumb Code     8  startup_stm32f10x_hd.o(.text)
    ADC1_2_IRQHandler                        0x0800643b   Thumb Code     0  startup_stm32f10x_hd.o(.text)
    ADC3_IRQHandler                          0x0800643b   Thumb Code     0  startup_stm32f10x_hd.o(.text)
    CAN1_RX1_IRQHandler                      0x0800643b   Thumb Code     0  startup_stm32f10x_hd.o(.text)
    CAN1_SCE_IRQHandler                      0x0800643b   Thumb Code     0  startup_stm32f10x_hd.o(.text)
    DMA1_Channel1_IRQHandler                 0x0800643b   Thumb Code     0  startup_stm32f10x_hd.o(.text)
    DMA1_Channel2_IRQHandler                 0x0800643b   Thumb Code     0  startup_stm32f10x_hd.o(.text)
    DMA1_Channel3_IRQHandler                 0x0800643b   Thumb Code     0  startup_stm32f10x_hd.o(.text)
    DMA1_Channel4_IRQHandler                 0x0800643b   Thumb Code     0  startup_stm32f10x_hd.o(.text)
    DMA1_Channel5_IRQHandler                 0x0800643b   Thumb Code     0  startup_stm32f10x_hd.o(.text)
    DMA1_Channel6_IRQHandler                 0x0800643b   Thumb Code     0  startup_stm32f10x_hd.o(.text)
    DMA1_Channel7_IRQHandler                 0x0800643b   Thumb Code     0  startup_stm32f10x_hd.o(.text)
    DMA2_Channel1_IRQHandler                 0x0800643b   Thumb Code     0  startup_stm32f10x_hd.o(.text)
    DMA2_Channel2_IRQHandler                 0x0800643b   Thumb Code     0  startup_stm32f10x_hd.o(.text)
    DMA2_Channel3_IRQHandler                 0x0800643b   Thumb Code     0  startup_stm32f10x_hd.o(.text)
    DMA2_Channel4_5_IRQHandler               0x0800643b   Thumb Code     0  startup_stm32f10x_hd.o(.text)
    EXTI0_IRQHandler                         0x0800643b   Thumb Code     0  startup_stm32f10x_hd.o(.text)
    EXTI15_10_IRQHandler                     0x0800643b   Thumb Code     0  startup_stm32f10x_hd.o(.text)
    EXTI1_IRQHandler                         0x0800643b   Thumb Code     0  startup_stm32f10x_hd.o(.text)
    EXTI2_IRQHandler                         0x0800643b   Thumb Code     0  startup_stm32f10x_hd.o(.text)
    EXTI3_IRQHandler                         0x0800643b   Thumb Code     0  startup_stm32f10x_hd.o(.text)
    EXTI4_IRQHandler                         0x0800643b   Thumb Code     0  startup_stm32f10x_hd.o(.text)
    EXTI9_5_IRQHandler                       0x0800643b   Thumb Code     0  startup_stm32f10x_hd.o(.text)
    FLASH_IRQHandler                         0x0800643b   Thumb Code     0  startup_stm32f10x_hd.o(.text)
    FSMC_IRQHandler                          0x0800643b   Thumb Code     0  startup_stm32f10x_hd.o(.text)
    I2C1_ER_IRQHandler                       0x0800643b   Thumb Code     0  startup_stm32f10x_hd.o(.text)
    I2C1_EV_IRQHandler                       0x0800643b   Thumb Code     0  startup_stm32f10x_hd.o(.text)
    I2C2_ER_IRQHandler                       0x0800643b   Thumb Code     0  startup_stm32f10x_hd.o(.text)
    I2C2_EV_IRQHandler                       0x0800643b   Thumb Code     0  startup_stm32f10x_hd.o(.text)
    PVD_IRQHandler                           0x0800643b   Thumb Code     0  startup_stm32f10x_hd.o(.text)
    RCC_IRQHandler                           0x0800643b   Thumb Code     0  startup_stm32f10x_hd.o(.text)
    RTCAlarm_IRQHandler                      0x0800643b   Thumb Code     0  startup_stm32f10x_hd.o(.text)
    RTC_IRQHandler                           0x0800643b   Thumb Code     0  startup_stm32f10x_hd.o(.text)
    SDIO_IRQHandler                          0x0800643b   Thumb Code     0  startup_stm32f10x_hd.o(.text)
    SPI1_IRQHandler                          0x0800643b   Thumb Code     0  startup_stm32f10x_hd.o(.text)
    SPI2_IRQHandler                          0x0800643b   Thumb Code     0  startup_stm32f10x_hd.o(.text)
    SPI3_IRQHandler                          0x0800643b   Thumb Code     0  startup_stm32f10x_hd.o(.text)
    TAMPER_IRQHandler                        0x0800643b   Thumb Code     0  startup_stm32f10x_hd.o(.text)
    TIM1_BRK_IRQHandler                      0x0800643b   Thumb Code     0  startup_stm32f10x_hd.o(.text)
    TIM1_CC_IRQHandler                       0x0800643b   Thumb Code     0  startup_stm32f10x_hd.o(.text)
    TIM1_TRG_COM_IRQHandler                  0x0800643b   Thumb Code     0  startup_stm32f10x_hd.o(.text)
    TIM1_UP_IRQHandler                       0x0800643b   Thumb Code     0  startup_stm32f10x_hd.o(.text)
    TIM2_IRQHandler                          0x0800643b   Thumb Code     0  startup_stm32f10x_hd.o(.text)
    TIM3_IRQHandler                          0x0800643b   Thumb Code     0  startup_stm32f10x_hd.o(.text)
    TIM4_IRQHandler                          0x0800643b   Thumb Code     0  startup_stm32f10x_hd.o(.text)
    TIM5_IRQHandler                          0x0800643b   Thumb Code     0  startup_stm32f10x_hd.o(.text)
    TIM6_IRQHandler                          0x0800643b   Thumb Code     0  startup_stm32f10x_hd.o(.text)
    TIM7_IRQHandler                          0x0800643b   Thumb Code     0  startup_stm32f10x_hd.o(.text)
    TIM8_BRK_IRQHandler                      0x0800643b   Thumb Code     0  startup_stm32f10x_hd.o(.text)
    TIM8_CC_IRQHandler                       0x0800643b   Thumb Code     0  startup_stm32f10x_hd.o(.text)
    TIM8_TRG_COM_IRQHandler                  0x0800643b   Thumb Code     0  startup_stm32f10x_hd.o(.text)
    TIM8_UP_IRQHandler                       0x0800643b   Thumb Code     0  startup_stm32f10x_hd.o(.text)
    UART4_IRQHandler                         0x0800643b   Thumb Code     0  startup_stm32f10x_hd.o(.text)
    UART5_IRQHandler                         0x0800643b   Thumb Code     0  startup_stm32f10x_hd.o(.text)
    USART2_IRQHandler                        0x0800643b   Thumb Code     0  startup_stm32f10x_hd.o(.text)
    USART3_IRQHandler                        0x0800643b   Thumb Code     0  startup_stm32f10x_hd.o(.text)
    USBWakeUp_IRQHandler                     0x0800643b   Thumb Code     0  startup_stm32f10x_hd.o(.text)
    USB_HP_CAN1_TX_IRQHandler                0x0800643b   Thumb Code     0  startup_stm32f10x_hd.o(.text)
    USB_LP_CAN1_RX0_IRQHandler               0x0800643b   Thumb Code     0  startup_stm32f10x_hd.o(.text)
    WWDG_IRQHandler                          0x0800643b   Thumb Code     0  startup_stm32f10x_hd.o(.text)
    __user_initial_stackheap                 0x0800643d   Thumb Code     0  startup_stm32f10x_hd.o(.text)
    NVIC_PriorityGroupConfig                 0x08006461   Thumb Code    10  misc.o(.text)
    NVIC_Init                                0x0800646b   Thumb Code   100  misc.o(.text)
    NVIC_SetVectorTable                      0x080064cf   Thumb Code    14  misc.o(.text)
    NVIC_SystemLPConfig                      0x080064dd   Thumb Code    34  misc.o(.text)
    SysTick_CLKSourceConfig                  0x080064ff   Thumb Code    40  misc.o(.text)
    GPIO_DeInit                              0x0800653d   Thumb Code   172  stm32f10x_gpio.o(.text)
    GPIO_AFIODeInit                          0x080065e9   Thumb Code    20  stm32f10x_gpio.o(.text)
    GPIO_Init                                0x080065fd   Thumb Code   278  stm32f10x_gpio.o(.text)
    GPIO_StructInit                          0x08006713   Thumb Code    16  stm32f10x_gpio.o(.text)
    GPIO_ReadInputDataBit                    0x08006723   Thumb Code    18  stm32f10x_gpio.o(.text)
    GPIO_ReadInputData                       0x08006735   Thumb Code     8  stm32f10x_gpio.o(.text)
    GPIO_ReadOutputDataBit                   0x0800673d   Thumb Code    18  stm32f10x_gpio.o(.text)
    GPIO_ReadOutputData                      0x0800674f   Thumb Code     8  stm32f10x_gpio.o(.text)
    GPIO_SetBits                             0x08006757   Thumb Code     4  stm32f10x_gpio.o(.text)
    GPIO_ResetBits                           0x0800675b   Thumb Code     4  stm32f10x_gpio.o(.text)
    GPIO_WriteBit                            0x0800675f   Thumb Code    10  stm32f10x_gpio.o(.text)
    GPIO_Write                               0x08006769   Thumb Code     4  stm32f10x_gpio.o(.text)
    GPIO_PinLockConfig                       0x0800676d   Thumb Code    18  stm32f10x_gpio.o(.text)
    GPIO_EventOutputConfig                   0x0800677f   Thumb Code    26  stm32f10x_gpio.o(.text)
    GPIO_EventOutputCmd                      0x08006799   Thumb Code     6  stm32f10x_gpio.o(.text)
    GPIO_PinRemapConfig                      0x0800679f   Thumb Code   138  stm32f10x_gpio.o(.text)
    GPIO_EXTILineConfig                      0x08006829   Thumb Code    66  stm32f10x_gpio.o(.text)
    GPIO_ETH_MediaInterfaceConfig            0x0800686b   Thumb Code     8  stm32f10x_gpio.o(.text)
    USART_DeInit                             0x08006899   Thumb Code   134  stm32f10x_usart.o(.text)
    USART_Init                               0x0800691f   Thumb Code   210  stm32f10x_usart.o(.text)
    USART_StructInit                         0x080069f1   Thumb Code    24  stm32f10x_usart.o(.text)
    USART_ClockInit                          0x08006a09   Thumb Code    34  stm32f10x_usart.o(.text)
    USART_ClockStructInit                    0x08006a2b   Thumb Code    12  stm32f10x_usart.o(.text)
    USART_Cmd                                0x08006a37   Thumb Code    24  stm32f10x_usart.o(.text)
    USART_ITConfig                           0x08006a4f   Thumb Code    74  stm32f10x_usart.o(.text)
    USART_DMACmd                             0x08006a99   Thumb Code    18  stm32f10x_usart.o(.text)
    USART_SetAddress                         0x08006aab   Thumb Code    18  stm32f10x_usart.o(.text)
    USART_WakeUpConfig                       0x08006abd   Thumb Code    18  stm32f10x_usart.o(.text)
    USART_ReceiverWakeUpCmd                  0x08006acf   Thumb Code    24  stm32f10x_usart.o(.text)
    USART_LINBreakDetectLengthConfig         0x08006ae7   Thumb Code    18  stm32f10x_usart.o(.text)
    USART_LINCmd                             0x08006af9   Thumb Code    24  stm32f10x_usart.o(.text)
    USART_SendData                           0x08006b11   Thumb Code     8  stm32f10x_usart.o(.text)
    USART_ReceiveData                        0x08006b19   Thumb Code    10  stm32f10x_usart.o(.text)
    USART_SendBreak                          0x08006b23   Thumb Code    10  stm32f10x_usart.o(.text)
    USART_SetGuardTime                       0x08006b2d   Thumb Code    16  stm32f10x_usart.o(.text)
    USART_SetPrescaler                       0x08006b3d   Thumb Code    16  stm32f10x_usart.o(.text)
    USART_SmartCardCmd                       0x08006b4d   Thumb Code    24  stm32f10x_usart.o(.text)
    USART_SmartCardNACKCmd                   0x08006b65   Thumb Code    24  stm32f10x_usart.o(.text)
    USART_HalfDuplexCmd                      0x08006b7d   Thumb Code    24  stm32f10x_usart.o(.text)
    USART_OverSampling8Cmd                   0x08006b95   Thumb Code    22  stm32f10x_usart.o(.text)
    USART_OneBitMethodCmd                    0x08006bab   Thumb Code    24  stm32f10x_usart.o(.text)
    USART_IrDAConfig                         0x08006bc3   Thumb Code    18  stm32f10x_usart.o(.text)
    USART_IrDACmd                            0x08006bd5   Thumb Code    24  stm32f10x_usart.o(.text)
    USART_GetFlagStatus                      0x08006bed   Thumb Code    26  stm32f10x_usart.o(.text)
    USART_ClearFlag                          0x08006c07   Thumb Code    18  stm32f10x_usart.o(.text)
    USART_GetITStatus                        0x08006c19   Thumb Code    84  stm32f10x_usart.o(.text)
    USART_ClearITPendingBit                  0x08006c6d   Thumb Code    52  stm32f10x_usart.o(.text)
    RCC_DeInit                               0x08006ca1   Thumb Code    64  stm32f10x_rcc.o(.text)
    RCC_HSEConfig                            0x08006ce1   Thumb Code    70  stm32f10x_rcc.o(.text)
    RCC_GetFlagStatus                        0x08006d27   Thumb Code    56  stm32f10x_rcc.o(.text)
    RCC_WaitForHSEStartUp                    0x08006d5f   Thumb Code    56  stm32f10x_rcc.o(.text)
    RCC_AdjustHSICalibrationValue            0x08006d97   Thumb Code    20  stm32f10x_rcc.o(.text)
    RCC_HSICmd                               0x08006dab   Thumb Code     6  stm32f10x_rcc.o(.text)
    RCC_PLLConfig                            0x08006db1   Thumb Code    24  stm32f10x_rcc.o(.text)
    RCC_PLLCmd                               0x08006dc9   Thumb Code     6  stm32f10x_rcc.o(.text)
    RCC_SYSCLKConfig                         0x08006dcf   Thumb Code    18  stm32f10x_rcc.o(.text)
    RCC_GetSYSCLKSource                      0x08006de1   Thumb Code    10  stm32f10x_rcc.o(.text)
    RCC_HCLKConfig                           0x08006deb   Thumb Code    18  stm32f10x_rcc.o(.text)
    RCC_PCLK1Config                          0x08006dfd   Thumb Code    18  stm32f10x_rcc.o(.text)
    RCC_PCLK2Config                          0x08006e0f   Thumb Code    20  stm32f10x_rcc.o(.text)
    RCC_ITConfig                             0x08006e23   Thumb Code    26  stm32f10x_rcc.o(.text)
    RCC_USBCLKConfig                         0x08006e3d   Thumb Code     8  stm32f10x_rcc.o(.text)
    RCC_ADCCLKConfig                         0x08006e45   Thumb Code    18  stm32f10x_rcc.o(.text)
    RCC_LSEConfig                            0x08006e57   Thumb Code    50  stm32f10x_rcc.o(.text)
    RCC_LSICmd                               0x08006e89   Thumb Code     6  stm32f10x_rcc.o(.text)
    RCC_RTCCLKConfig                         0x08006e8f   Thumb Code    12  stm32f10x_rcc.o(.text)
    RCC_RTCCLKCmd                            0x08006e9b   Thumb Code     8  stm32f10x_rcc.o(.text)
    RCC_GetClocksFreq                        0x08006ea3   Thumb Code   192  stm32f10x_rcc.o(.text)
    RCC_AHBPeriphClockCmd                    0x08006f63   Thumb Code    26  stm32f10x_rcc.o(.text)
    RCC_APB2PeriphClockCmd                   0x08006f7d   Thumb Code    26  stm32f10x_rcc.o(.text)
    RCC_APB1PeriphClockCmd                   0x08006f97   Thumb Code    26  stm32f10x_rcc.o(.text)
    RCC_APB2PeriphResetCmd                   0x08006fb1   Thumb Code    26  stm32f10x_rcc.o(.text)
    RCC_APB1PeriphResetCmd                   0x08006fcb   Thumb Code    26  stm32f10x_rcc.o(.text)
    RCC_BackupResetCmd                       0x08006fe5   Thumb Code     8  stm32f10x_rcc.o(.text)
    RCC_ClockSecuritySystemCmd               0x08006fed   Thumb Code     6  stm32f10x_rcc.o(.text)
    RCC_MCOConfig                            0x08006ff3   Thumb Code     6  stm32f10x_rcc.o(.text)
    RCC_ClearFlag                            0x08006ff9   Thumb Code    14  stm32f10x_rcc.o(.text)
    RCC_GetITStatus                          0x08007007   Thumb Code    20  stm32f10x_rcc.o(.text)
    RCC_ClearITPendingBit                    0x0800701b   Thumb Code     6  stm32f10x_rcc.o(.text)
    BSP_CPU_ClkFreq                          0x08007045   Thumb Code    16  bsp.o(.text)
    CPU_TS_TmrInit                           0x08007055   Thumb Code    44  bsp.o(.text)
    CPU_TS_TmrRd                             0x08007081   Thumb Code     6  bsp.o(.text)
    CPU_TS32_to_uSec                         0x08007087   Thumb Code    54  bsp.o(.text)
    CPU_NameClr                              0x080070c9   Thumb Code    42  cpu_core.o(.text)
    CPU_Init                                 0x08007109   Thumb Code    12  cpu_core.o(.text)
    CPU_SW_Exception                         0x08007115   Thumb Code     4  cpu_core.o(.text)
    CPU_NameGet                              0x08007119   Thumb Code    70  cpu_core.o(.text)
    CPU_NameSet                              0x0800715f   Thumb Code    96  cpu_core.o(.text)
    CPU_TS_Get32                             0x080071bf   Thumb Code    12  cpu_core.o(.text)
    CPU_TS_Update                            0x080071cb   Thumb Code     2  cpu_core.o(.text)
    CPU_TS_TmrFreqGet                        0x080071cd   Thumb Code    30  cpu_core.o(.text)
    CPU_TS_TmrFreqSet                        0x080071eb   Thumb Code     6  cpu_core.o(.text)
    CPU_CntLeadZeros08                       0x080071f1   Thumb Code    18  cpu_core.o(.text)
    CPU_CntLeadZeros16                       0x08007203   Thumb Code    18  cpu_core.o(.text)
    CPU_CntLeadZeros32                       0x08007215   Thumb Code    18  cpu_core.o(.text)
    CPU_CntLeadZeros64                       0x08007227   Thumb Code   188  cpu_core.o(.text)
    CPU_CntTrailZeros08                      0x080072e3   Thumb Code    22  cpu_core.o(.text)
    CPU_CntTrailZeros16                      0x080072f9   Thumb Code    22  cpu_core.o(.text)
    CPU_CntTrailZeros32                      0x0800730f   Thumb Code    22  cpu_core.o(.text)
    CPU_CntTrailZeros64                      0x08007325   Thumb Code    62  cpu_core.o(.text)
    CPU_IntDis                               0x08007371   Thumb Code     0  cpu_a.o(.text)
    CPU_IntEn                                0x08007375   Thumb Code     0  cpu_a.o(.text)
    CPU_SR_Save                              0x08007379   Thumb Code     0  cpu_a.o(.text)
    CPU_SR_Restore                           0x08007381   Thumb Code     0  cpu_a.o(.text)
    CPU_WaitForInt                           0x08007387   Thumb Code     0  cpu_a.o(.text)
    CPU_WaitForExcept                        0x0800738b   Thumb Code     0  cpu_a.o(.text)
    CPU_CntLeadZeros                         0x0800738f   Thumb Code     0  cpu_a.o(.text)
    CPU_CntTrailZeros                        0x08007395   Thumb Code     0  cpu_a.o(.text)
    CPU_RevBits                              0x0800739f   Thumb Code     0  cpu_a.o(.text)
    ASCII_IsAlpha                            0x080073a5   Thumb Code    48  lib_ascii.o(.text)
    ASCII_IsAlphaNum                         0x080073d5   Thumb Code    76  lib_ascii.o(.text)
    ASCII_IsLower                            0x08007421   Thumb Code    20  lib_ascii.o(.text)
    ASCII_IsUpper                            0x08007435   Thumb Code    20  lib_ascii.o(.text)
    ASCII_IsDig                              0x08007449   Thumb Code    20  lib_ascii.o(.text)
    ASCII_IsDigOct                           0x0800745d   Thumb Code    20  lib_ascii.o(.text)
    ASCII_IsDigHex                           0x08007471   Thumb Code    36  lib_ascii.o(.text)
    ASCII_IsBlank                            0x08007495   Thumb Code    20  lib_ascii.o(.text)
    ASCII_IsSpace                            0x080074a9   Thumb Code    36  lib_ascii.o(.text)
    ASCII_IsPrint                            0x080074cd   Thumb Code    20  lib_ascii.o(.text)
    ASCII_IsGraph                            0x080074e1   Thumb Code    20  lib_ascii.o(.text)
    ASCII_IsPunct                            0x080074f5   Thumb Code   134  lib_ascii.o(.text)
    ASCII_IsCtrl                             0x0800757b   Thumb Code    26  lib_ascii.o(.text)
    ASCII_ToLower                            0x08007595   Thumb Code    32  lib_ascii.o(.text)
    ASCII_ToUpper                            0x080075b5   Thumb Code    32  lib_ascii.o(.text)
    ASCII_Cmp                                0x080075d5   Thumb Code    38  lib_ascii.o(.text)
    Mem_Init                                 0x080075fd   Thumb Code    54  lib_mem.o(.text)
    Mem_Set                                  0x08007633   Thumb Code    84  lib_mem.o(.text)
    Mem_Clr                                  0x08007687   Thumb Code    18  lib_mem.o(.text)
    Mem_Move                                 0x08007699   Thumb Code   186  lib_mem.o(.text)
    Mem_Cmp                                  0x08007753   Thumb Code   192  lib_mem.o(.text)
    Mem_HeapAlloc                            0x0800788b   Thumb Code   168  lib_mem.o(.text)
    Mem_SegGetSizeRem                        0x08007933   Thumb Code   108  lib_mem.o(.text)
    Mem_HeapGetSizeRem                       0x0800799f   Thumb Code    22  lib_mem.o(.text)
    Mem_PoolClr                              0x080079b5   Thumb Code    80  lib_mem.o(.text)
    Mem_PoolCreate                           0x08007a05   Thumb Code   838  lib_mem.o(.text)
    Mem_PoolBlkGetNbrAvail                   0x08007d4b   Thumb Code    52  lib_mem.o(.text)
    Mem_PoolBlkGet                           0x08007d7f   Thumb Code   126  lib_mem.o(.text)
    Mem_PoolBlkGetUsedAtIx                   0x08007dfd   Thumb Code   140  lib_mem.o(.text)
    Mem_PoolBlkFree                          0x08007e89   Thumb Code   152  lib_mem.o(.text)
    Mem_PoolBlkIxGet                         0x08007f21   Thumb Code   162  lib_mem.o(.text)
    Str_Len_N                                0x08007fc5   Thumb Code    28  lib_str.o(.text)
    Str_Len                                  0x08007fe1   Thumb Code    20  lib_str.o(.text)
    Str_Copy_N                               0x08007ff5   Thumb Code    70  lib_str.o(.text)
    Str_Copy                                 0x0800803b   Thumb Code    24  lib_str.o(.text)
    Str_Cat_N                                0x08008053   Thumb Code    90  lib_str.o(.text)
    Str_Cat                                  0x080080ad   Thumb Code    24  lib_str.o(.text)
    Str_Cmp_N                                0x080080c5   Thumb Code   156  lib_str.o(.text)
    Str_Cmp                                  0x08008161   Thumb Code    24  lib_str.o(.text)
    Str_CmpIgnoreCase_N                      0x08008179   Thumb Code   264  lib_str.o(.text)
    Str_CmpIgnoreCase                        0x08008281   Thumb Code    24  lib_str.o(.text)
    Str_Char_N                               0x08008299   Thumb Code    74  lib_str.o(.text)
    Str_Char                                 0x080082e3   Thumb Code    24  lib_str.o(.text)
    Str_Char_Last_N                          0x080082fb   Thumb Code    76  lib_str.o(.text)
    Str_Char_Last                            0x08008347   Thumb Code    24  lib_str.o(.text)
    Str_Char_Replace_N                       0x0800835f   Thumb Code    52  lib_str.o(.text)
    Str_Char_Replace                         0x08008393   Thumb Code    28  lib_str.o(.text)
    Str_Str_N                                0x080083af   Thumb Code   182  lib_str.o(.text)
    Str_Str                                  0x08008465   Thumb Code    24  lib_str.o(.text)
    Str_FmtNbr_Int32U                        0x08008659   Thumb Code    46  lib_str.o(.text)
    Str_FmtNbr_Int32S                        0x08008687   Thumb Code    62  lib_str.o(.text)
    Str_ParseNbr_Int32U                      0x08008883   Thumb Code    30  lib_str.o(.text)
    Str_ParseNbr_Int32S                      0x080088a1   Thumb Code    74  lib_str.o(.text)
    Mem_Copy                                 0x080088f1   Thumb Code     0  lib_mem_a.o(.text)
    OSCfg_Init                               0x08008b11   Thumb Code    86  os_cfg_app.o(.text)
    OS_IdleTask                              0x08008c0d   Thumb Code    60  os_core.o(.text)
    OS_IdleTaskInit                          0x08008c49   Thumb Code    68  os_core.o(.text)
    OS_RdyListInit                           0x08008c8d   Thumb Code    32  os_core.o(.text)
    OSInit                                   0x08008cad   Thumb Code   300  os_core.o(.text)
    OSIntEnter                               0x08008dd9   Thumb Code    34  os_core.o(.text)
    OSIntExit                                0x08008dfb   Thumb Code   192  os_core.o(.text)
    OSSched                                  0x08008ebb   Thumb Code   134  os_core.o(.text)
    OS_SchedLockTimeMeasStart                0x08008f41   Thumb Code    20  os_core.o(.text)
    OSSchedLock                              0x08008f55   Thumb Code   104  os_core.o(.text)
    OS_SchedLockTimeMeasStop                 0x08008fbd   Thumb Code    44  os_core.o(.text)
    OSSchedUnlock                            0x08008fe9   Thumb Code   290  os_core.o(.text)
    OSSchedRoundRobinCfg                     0x0800910b   Thumb Code    88  os_core.o(.text)
    OS_RdyListMoveHeadToTail                 0x08009163   Thumb Code    68  os_core.o(.text)
    OSSchedRoundRobinYield                   0x080091a7   Thumb Code   164  os_core.o(.text)
    OSStart                                  0x0800924b   Thumb Code    78  os_core.o(.text)
    OSVersion                                0x08009299   Thumb Code    12  os_core.o(.text)
    OS_PendDbgNameAdd                        0x080092a5   Thumb Code    66  os_core.o(.text)
    OS_PendListInsertPrio                    0x080092e7   Thumb Code   102  os_core.o(.text)
    OS_PendDataInit                          0x0800934d   Thumb Code    38  os_core.o(.text)
    OS_RdyListRemove                         0x08009373   Thumb Code    86  os_core.o(.text)
    OS_TaskBlock                             0x080093c9   Thumb Code    56  os_core.o(.text)
    OS_Pend                                  0x08009401   Thumb Code    98  os_core.o(.text)
    OS_PendListRemove1                       0x08009463   Thumb Code   134  os_core.o(.text)
    OS_PendListRemove                        0x080094e9   Thumb Code    48  os_core.o(.text)
    OS_PendAbort1                            0x08009519   Thumb Code    36  os_core.o(.text)
    OS_RdyListInsertHead                     0x0800953d   Thumb Code    58  os_core.o(.text)
    OS_RdyListInsertTail                     0x08009577   Thumb Code    56  os_core.o(.text)
    OS_RdyListInsert                         0x080095af   Thumb Code    40  os_core.o(.text)
    OS_TaskRdy                               0x080095d7   Thumb Code    28  os_core.o(.text)
    OS_PendAbort                             0x080095f3   Thumb Code   166  os_core.o(.text)
    OS_PendDbgNameRemove                     0x08009699   Thumb Code    34  os_core.o(.text)
    OS_PendListChangePrio                    0x080096bb   Thumb Code    70  os_core.o(.text)
    OS_PendListInit                          0x08009701   Thumb Code    10  os_core.o(.text)
    OS_PendListInsertHead                    0x0800970b   Thumb Code    32  os_core.o(.text)
    OS_PendObjDel1                           0x0800972b   Thumb Code    36  os_core.o(.text)
    OS_PendObjDel                            0x0800974f   Thumb Code   162  os_core.o(.text)
    OS_Post1                                 0x080097f1   Thumb Code    42  os_core.o(.text)
    OS_Post                                  0x0800981b   Thumb Code   192  os_core.o(.text)
    OS_Sched0                                0x080098db   Thumb Code   102  os_core.o(.text)
    OS_SchedRoundRobin                       0x08009941   Thumb Code   190  os_core.o(.text)
    OS_Dbg_Init                              0x08009a11   Thumb Code   146  os_dbg.o(.text)
    OS_FlagDbgListAdd                        0x08009bc1   Thumb Code    38  os_flag.o(.text)
    OSFlagCreate                             0x08009be7   Thumb Code   172  os_flag.o(.text)
    OS_FlagClr                               0x08009c93   Thumb Code    28  os_flag.o(.text)
    OS_FlagDbgListRemove                     0x08009caf   Thumb Code    44  os_flag.o(.text)
    OSFlagDel                                0x08009cdb   Thumb Code   594  os_flag.o(.text)
    OS_FlagBlock                             0x08009f2d   Thumb Code    58  os_flag.o(.text)
    OSFlagPend                               0x08009f67   Thumb Code  1488  os_flag.o(.text)
    OSFlagPendAbort                          0x0800a537   Thumb Code   292  os_flag.o(.text)
    OSFlagPendGetFlagsRdy                    0x0800a65b   Thumb Code    68  os_flag.o(.text)
    OS_FlagTaskRdy                           0x0800a69f   Thumb Code    86  os_flag.o(.text)
    OS_FlagPost                              0x0800a6f5   Thumb Code   570  os_flag.o(.text)
    OSFlagPost                               0x0800a92f   Thumb Code   146  os_flag.o(.text)
    OS_FlagInit                              0x0800a9c1   Thumb Code    14  os_flag.o(.text)
    OS_IntQPost                              0x0800a9e9   Thumb Code   216  os_int.o(.text)
    OS_IntQRePost                            0x0800aac1   Thumb Code   360  os_int.o(.text)
    OS_IntQTask                              0x0800ac29   Thumb Code   162  os_int.o(.text)
    OS_IntQTaskInit                          0x0800accb   Thumb Code   208  os_int.o(.text)
    OS_MemDbgListAdd                         0x0800ae2d   Thumb Code    34  os_mem.o(.text)
    OSMemCreate                              0x0800ae4f   Thumb Code   288  os_mem.o(.text)
    OSMemGet                                 0x0800af6f   Thumb Code   100  os_mem.o(.text)
    OSMemPut                                 0x0800afd3   Thumb Code   112  os_mem.o(.text)
    OS_MemInit                               0x0800b043   Thumb Code    14  os_mem.o(.text)
    OS_MsgPoolCreate                         0x0800b065   Thumb Code    54  os_msg.o(.text)
    OS_MsgPoolInit                           0x0800b09b   Thumb Code    70  os_msg.o(.text)
    OS_MsgQFreeAll                           0x0800b0e1   Thumb Code    62  os_msg.o(.text)
    OS_MsgQInit                              0x0800b11f   Thumb Code    14  os_msg.o(.text)
    OS_MsgQGet                               0x0800b12d   Thumb Code    98  os_msg.o(.text)
    OS_MsgQPut                               0x0800b18f   Thumb Code   246  os_msg.o(.text)
    OS_MutexDbgListAdd                       0x0800b291   Thumb Code    38  os_mutex.o(.text)
    OSMutexCreate                            0x0800b2b7   Thumb Code   178  os_mutex.o(.text)
    OS_MutexClr                              0x0800b369   Thumb Code    38  os_mutex.o(.text)
    OS_MutexDbgListRemove                    0x0800b38f   Thumb Code    44  os_mutex.o(.text)
    OSMutexDel                               0x0800b3bb   Thumb Code   842  os_mutex.o(.text)
    OSMutexPend                              0x0800b705   Thumb Code   706  os_mutex.o(.text)
    OSMutexPendAbort                         0x0800b9c7   Thumb Code   314  os_mutex.o(.text)
    OSMutexPost                              0x0800bb01   Thumb Code   564  os_mutex.o(.text)
    OS_MutexInit                             0x0800bd35   Thumb Code    14  os_mutex.o(.text)
    OS_PrioInit                              0x0800bd65   Thumb Code    20  os_prio.o(.text)
    OS_PrioGetHighest                        0x0800bd79   Thumb Code    36  os_prio.o(.text)
    OS_PrioInsert                            0x0800bd9d   Thumb Code    32  os_prio.o(.text)
    OS_PrioRemove                            0x0800bdbd   Thumb Code    32  os_prio.o(.text)
    OS_QDbgListAdd                           0x0800bde1   Thumb Code    38  os_q.o(.text)
    OSQCreate                                0x0800be07   Thumb Code   186  os_q.o(.text)
    OS_QClr                                  0x0800bec1   Thumb Code    40  os_q.o(.text)
    OS_QDbgListRemove                        0x0800bee9   Thumb Code    44  os_q.o(.text)
    OSQDel                                   0x0800bf15   Thumb Code   362  os_q.o(.text)
    OSQFlush                                 0x0800c07f   Thumb Code   210  os_q.o(.text)
    OSQPend                                  0x0800c151   Thumb Code   538  os_q.o(.text)
    OSQPendAbort                             0x0800c36b   Thumb Code   292  os_q.o(.text)
    OS_QPost                                 0x0800c48f   Thumb Code   324  os_q.o(.text)
    OSQPost                                  0x0800c5d3   Thumb Code   198  os_q.o(.text)
    OS_QInit                                 0x0800c699   Thumb Code    14  os_q.o(.text)
    OS_SemDbgListAdd                         0x0800c6b9   Thumb Code    38  os_sem.o(.text)
    OSSemCreate                              0x0800c6df   Thumb Code   172  os_sem.o(.text)
    OS_SemClr                                0x0800c78b   Thumb Code    28  os_sem.o(.text)
    OS_SemDbgListRemove                      0x0800c7a7   Thumb Code    44  os_sem.o(.text)
    OSSemDel                                 0x0800c7d3   Thumb Code   362  os_sem.o(.text)
    OSSemPend                                0x0800c93d   Thumb Code   504  os_sem.o(.text)
    OSSemPendAbort                           0x0800cb35   Thumb Code   292  os_sem.o(.text)
    OS_SemPost                               0x0800cc59   Thumb Code   350  os_sem.o(.text)
    OSSemPost                                0x0800cdb7   Thumb Code   144  os_sem.o(.text)
    OSSemSet                                 0x0800ce47   Thumb Code   138  os_sem.o(.text)
    OS_SemInit                               0x0800ced1   Thumb Code    14  os_sem.o(.text)
    OSStatReset                              0x0800cee9   Thumb Code   270  os_stat.o(.text)
    OSStatTaskCPUUsageInit                   0x0800cff7   Thumb Code   212  os_stat.o(.text)
    OS_StatTask                              0x0800d0cb   Thumb Code   888  os_stat.o(.text)
    OS_StatTaskInit                          0x0800d443   Thumb Code   138  os_stat.o(.text)
    OSTaskChangePrio                         0x0800d521   Thumb Code   416  os_task.o(.text)
    OS_TaskDbgListAdd                        0x0800d6c1   Thumb Code    42  os_task.o(.text)
    OS_TaskInitTCB                           0x0800d6eb   Thumb Code   186  os_task.o(.text)
    OSTaskCreate                             0x0800d7a5   Thumb Code   616  os_task.o(.text)
    OS_TaskDbgListRemove                     0x0800da0d   Thumb Code    64  os_task.o(.text)
    OSTaskDel                                0x0800da4d   Thumb Code   424  os_task.o(.text)
    OSTaskQFlush                             0x0800dbf5   Thumb Code   214  os_task.o(.text)
    OSTaskQPend                              0x0800dccb   Thumb Code   554  os_task.o(.text)
    OSTaskQPendAbort                         0x0800def5   Thumb Code   242  os_task.o(.text)
    OS_TaskQPost                             0x0800dfe7   Thumb Code   526  os_task.o(.text)
    OSTaskQPost                              0x0800e1f5   Thumb Code   114  os_task.o(.text)
    OSTaskRegGet                             0x0800e267   Thumb Code    78  os_task.o(.text)
    OSTaskRegGetID                           0x0800e2b5   Thumb Code    84  os_task.o(.text)
    OSTaskRegSet                             0x0800e309   Thumb Code    78  os_task.o(.text)
    OS_TaskResume                            0x0800e357   Thumb Code   314  os_task.o(.text)
    OSTaskResume                             0x0800e491   Thumb Code   112  os_task.o(.text)
    OSTaskSemPend                            0x0800e501   Thumb Code   550  os_task.o(.text)
    OSTaskSemPendAbort                       0x0800e727   Thumb Code   270  os_task.o(.text)
    OS_TaskSemPost                           0x0800e835   Thumb Code  1224  os_task.o(.text)
    OSTaskSemPost                            0x0800ecfd   Thumb Code    98  os_task.o(.text)
    OSTaskSemSet                             0x0800ed5f   Thumb Code    80  os_task.o(.text)
    OSTaskStkChk                             0x0800edaf   Thumb Code   224  os_task.o(.text)
    OS_TaskSuspend                           0x0800ee8f   Thumb Code   328  os_task.o(.text)
    OSTaskSuspend                            0x0800efd7   Thumb Code    78  os_task.o(.text)
    OSTaskTimeQuantaSet                      0x0800f025   Thumb Code    96  os_task.o(.text)
    OS_TaskInit                              0x0800f085   Thumb Code    18  os_task.o(.text)
    OS_TaskReturn                            0x0800f097   Thumb Code    20  os_task.o(.text)
    OS_TickListRemove                        0x0800f0d5   Thumb Code    56  os_tick.o(.text)
    OS_TickListUpdate                        0x0800f10d   Thumb Code   480  os_tick.o(.text)
    OS_TickTask                              0x0800f2ed   Thumb Code    38  os_tick.o(.text)
    OS_TickListInit                          0x0800f313   Thumb Code    32  os_tick.o(.text)
    OS_TickTaskInit                          0x0800f333   Thumb Code   130  os_tick.o(.text)
    OS_TickListInsert                        0x0800f3b5   Thumb Code   502  os_tick.o(.text)
    OS_TickListResetPeak                     0x0800f5ab   Thumb Code    28  os_tick.o(.text)
    OSTimeDly                                0x0800f5d1   Thumb Code   266  os_time.o(.text)
    OSTimeDlyHMSM                            0x0800f6db   Thumb Code   480  os_time.o(.text)
    OSTimeDlyResume                          0x0800f8bb   Thumb Code   466  os_time.o(.text)
    OSTimeGet                                0x0800fa8d   Thumb Code    46  os_time.o(.text)
    OSTimeSet                                0x0800fabb   Thumb Code    46  os_time.o(.text)
    OSTimeTick                               0x0800fae9   Thumb Code    54  os_time.o(.text)
    OS_TmrDbgListAdd                         0x0800fb35   Thumb Code    34  os_tmr.o(.text)
    OSTmrCreate                              0x0800fb57   Thumb Code   248  os_tmr.o(.text)
    OS_TmrClr                                0x0800fc4f   Thumb Code    36  os_tmr.o(.text)
    OS_TmrUnlink                             0x0800fc73   Thumb Code    72  os_tmr.o(.text)
    OS_TmrDbgListRemove                      0x0800fcbb   Thumb Code    44  os_tmr.o(.text)
    OSTmrDel                                 0x0800fce7   Thumb Code   176  os_tmr.o(.text)
    OSTmrRemainGet                           0x0800fd97   Thumb Code   184  os_tmr.o(.text)
    OS_TmrLink                               0x0800fe4f   Thumb Code   196  os_tmr.o(.text)
    OSTmrStart                               0x0800ff13   Thumb Code   210  os_tmr.o(.text)
    OSTmrStateGet                            0x0800ffe5   Thumb Code   134  os_tmr.o(.text)
    OSTmrStop                                0x0801006b   Thumb Code   232  os_tmr.o(.text)
    OS_TmrTask                               0x08010153   Thumb Code   176  os_tmr.o(.text)
    OS_TmrInit                               0x08010203   Thumb Code   208  os_tmr.o(.text)
    OS_TmrResetPeak                          0x080102d3   Thumb Code    28  os_tmr.o(.text)
    OSIdleTaskHook                           0x0801034d   Thumb Code    16  os_cpu_c.o(.text)
    OSInitHook                               0x0801035d   Thumb Code    42  os_cpu_c.o(.text)
    OSStatTaskHook                           0x08010387   Thumb Code    16  os_cpu_c.o(.text)
    OSTaskCreateHook                         0x08010397   Thumb Code    20  os_cpu_c.o(.text)
    OSTaskDelHook                            0x080103ab   Thumb Code    20  os_cpu_c.o(.text)
    OSTaskReturnHook                         0x080103bf   Thumb Code    20  os_cpu_c.o(.text)
    OSTaskStkInit                            0x080103d3   Thumb Code   188  os_cpu_c.o(.text)
    OSTaskSwHook                             0x0801048f   Thumb Code   120  os_cpu_c.o(.text)
    OSTimeTickHook                           0x08010507   Thumb Code    16  os_cpu_c.o(.text)
    OS_CPU_SysTickHandler                    0x08010517   Thumb Code    52  os_cpu_c.o(.text)
    OS_CPU_SysTickInit                       0x0801054b   Thumb Code    44  os_cpu_c.o(.text)
    __use_no_semihosting                     0x080105b9   Thumb Code     2  use_no_semi_2.o(.text)
    __aeabi_uldivmod                         0x080105bb   Thumb Code     0  lludivv7m.o(.text)
    _ll_udiv                                 0x080105bb   Thumb Code   238  lludivv7m.o(.text)
    __2printf                                0x080106a9   Thumb Code    20  noretval__2printf.o(.text)
    __printf                                 0x080106c1   Thumb Code   104  __printf.o(.text)
    _printf_int_hex                          0x08010729   Thumb Code    84  _printf_hex_int.o(.text)
    _printf_longlong_hex                     0x08010729   Thumb Code     0  _printf_hex_int.o(.text)
    __use_two_region_memory                  0x08010781   Thumb Code     2  heapauxi.o(.text)
    __rt_heap_escrow$2region                 0x08010783   Thumb Code     2  heapauxi.o(.text)
    __rt_heap_expand$2region                 0x08010785   Thumb Code     2  heapauxi.o(.text)
    __I$use$semihosting                      0x08010787   Thumb Code     0  use_no_semi.o(.text)
    __use_no_semihosting_swi                 0x08010787   Thumb Code     2  use_no_semi.o(.text)
    _printf_int_common                       0x08010789   Thumb Code   178  _printf_intcommon.o(.text)
    _printf_char_file                        0x0801083d   Thumb Code    32  _printf_char_file.o(.text)
    _printf_char_common                      0x0801086b   Thumb Code    32  _printf_char_common.o(.text)
    ferror                                   0x08010891   Thumb Code     8  ferror.o(.text)
    __user_setup_stackheap                   0x08010899   Thumb Code    74  sys_stackheap_outer.o(.text)
    exit                                     0x080108e3   Thumb Code    18  exit.o(.text)
    __user_libspace                          0x080108f5   Thumb Code     8  libspace.o(.text)
    __user_perproc_libspace                  0x080108f5   Thumb Code     0  libspace.o(.text)
    __user_perthread_libspace                0x080108f5   Thumb Code     0  libspace.o(.text)
    OSStartHighRdy                           0x080108fd   Thumb Code     0  os_cpu_a.o(CODE)
    PendSV_Handler                           0x08010933   Thumb Code     0  os_cpu_a.o(CODE)
    asc2_1206                                0x08010994   Data        1140  lcd.o(.constdata)
    asc2_1608                                0x08010e08   Data        1520  lcd.o(.constdata)
    asc2_2412                                0x080113f8   Data        3420  lcd.o(.constdata)
    CPU_EndiannessTest                       0x08012254   Data           4  cpu_core.o(.constdata)
    OSCfg_IdleTaskStkBasePtr                 0x080122ec   Data           4  os_cfg_app.o(.constdata)
    OSCfg_IdleTaskStkLimit                   0x080122f0   Data           4  os_cfg_app.o(.constdata)
    OSCfg_IdleTaskStkSize                    0x080122f4   Data           4  os_cfg_app.o(.constdata)
    OSCfg_IdleTaskStkSizeRAM                 0x080122f8   Data           4  os_cfg_app.o(.constdata)
    OSCfg_IntQBasePtr                        0x080122fc   Data           4  os_cfg_app.o(.constdata)
    OSCfg_IntQSize                           0x08012300   Data           2  os_cfg_app.o(.constdata)
    OSCfg_IntQSizeRAM                        0x08012304   Data           4  os_cfg_app.o(.constdata)
    OSCfg_IntQTaskStkBasePtr                 0x08012308   Data           4  os_cfg_app.o(.constdata)
    OSCfg_IntQTaskStkLimit                   0x0801230c   Data           4  os_cfg_app.o(.constdata)
    OSCfg_IntQTaskStkSize                    0x08012310   Data           4  os_cfg_app.o(.constdata)
    OSCfg_IntQTaskStkSizeRAM                 0x08012314   Data           4  os_cfg_app.o(.constdata)
    OSCfg_ISRStkBasePtr                      0x08012318   Data           4  os_cfg_app.o(.constdata)
    OSCfg_ISRStkSize                         0x0801231c   Data           4  os_cfg_app.o(.constdata)
    OSCfg_ISRStkSizeRAM                      0x08012320   Data           4  os_cfg_app.o(.constdata)
    OSCfg_MsgPoolSize                        0x08012324   Data           2  os_cfg_app.o(.constdata)
    OSCfg_MsgPoolSizeRAM                     0x08012328   Data           4  os_cfg_app.o(.constdata)
    OSCfg_MsgPoolBasePtr                     0x0801232c   Data           4  os_cfg_app.o(.constdata)
    OSCfg_StatTaskPrio                       0x08012330   Data           1  os_cfg_app.o(.constdata)
    OSCfg_StatTaskRate_Hz                    0x08012334   Data           4  os_cfg_app.o(.constdata)
    OSCfg_StatTaskStkBasePtr                 0x08012338   Data           4  os_cfg_app.o(.constdata)
    OSCfg_StatTaskStkLimit                   0x0801233c   Data           4  os_cfg_app.o(.constdata)
    OSCfg_StatTaskStkSize                    0x08012340   Data           4  os_cfg_app.o(.constdata)
    OSCfg_StatTaskStkSizeRAM                 0x08012344   Data           4  os_cfg_app.o(.constdata)
    OSCfg_StkSizeMin                         0x08012348   Data           4  os_cfg_app.o(.constdata)
    OSCfg_TickRate_Hz                        0x0801234c   Data           4  os_cfg_app.o(.constdata)
    OSCfg_TickTaskPrio                       0x08012350   Data           1  os_cfg_app.o(.constdata)
    OSCfg_TickTaskStkBasePtr                 0x08012354   Data           4  os_cfg_app.o(.constdata)
    OSCfg_TickTaskStkLimit                   0x08012358   Data           4  os_cfg_app.o(.constdata)
    OSCfg_TickTaskStkSize                    0x0801235c   Data           4  os_cfg_app.o(.constdata)
    OSCfg_TickTaskStkSizeRAM                 0x08012360   Data           4  os_cfg_app.o(.constdata)
    OSCfg_TickWheelSize                      0x08012364   Data           2  os_cfg_app.o(.constdata)
    OSCfg_TickWheelSizeRAM                   0x08012368   Data           4  os_cfg_app.o(.constdata)
    OSCfg_TmrTaskPrio                        0x0801236c   Data           1  os_cfg_app.o(.constdata)
    OSCfg_TmrTaskRate_Hz                     0x08012370   Data           4  os_cfg_app.o(.constdata)
    OSCfg_TmrTaskStkBasePtr                  0x08012374   Data           4  os_cfg_app.o(.constdata)
    OSCfg_TmrTaskStkLimit                    0x08012378   Data           4  os_cfg_app.o(.constdata)
    OSCfg_TmrTaskStkSize                     0x0801237c   Data           4  os_cfg_app.o(.constdata)
    OSCfg_TmrTaskStkSizeRAM                  0x08012380   Data           4  os_cfg_app.o(.constdata)
    OSCfg_TmrWheelSize                       0x08012384   Data           2  os_cfg_app.o(.constdata)
    OSCfg_TmrWheelSizeRAM                    0x08012388   Data           4  os_cfg_app.o(.constdata)
    OSCfg_DataSizeRAM                        0x0801238c   Data           4  os_cfg_app.o(.constdata)
    OSDbg_DbgEn                              0x08012390   Data           2  os_dbg.o(.constdata)
    OSDbg_ArgChkEn                           0x08012392   Data           1  os_dbg.o(.constdata)
    OSDbg_AppHooksEn                         0x08012393   Data           1  os_dbg.o(.constdata)
    OSDbg_EndiannessTest                     0x08012394   Data           4  os_dbg.o(.constdata)
    OSDbg_CalledFromISRChkEn                 0x08012398   Data           1  os_dbg.o(.constdata)
    OSDbg_FlagEn                             0x08012399   Data           1  os_dbg.o(.constdata)
    OSDbg_FlagGrp                            0x0801239c   Data          40  os_dbg.o(.constdata)
    OSDbg_FlagDelEn                          0x080123c4   Data           1  os_dbg.o(.constdata)
    OSDbg_FlagModeClrEn                      0x080123c5   Data           1  os_dbg.o(.constdata)
    OSDbg_FlagPendAbortEn                    0x080123c6   Data           1  os_dbg.o(.constdata)
    OSDbg_FlagGrpSize                        0x080123c8   Data           2  os_dbg.o(.constdata)
    OSDbg_FlagWidth                          0x080123ca   Data           2  os_dbg.o(.constdata)
    OSDbg_IntQ                               0x080123cc   Data           2  os_dbg.o(.constdata)
    OSDbg_ISRPostDeferredEn                  0x080123ce   Data           1  os_dbg.o(.constdata)
    OSDbg_Mem                                0x080123d0   Data          32  os_dbg.o(.constdata)
    OSDbg_MemEn                              0x080123f0   Data           1  os_dbg.o(.constdata)
    OSDbg_MemSize                            0x080123f2   Data           2  os_dbg.o(.constdata)
    OSDbg_MsgEn                              0x080123f4   Data           1  os_dbg.o(.constdata)
    OSDbg_MsgSize                            0x080123f6   Data           2  os_dbg.o(.constdata)
    OSDbg_MsgPoolSize                        0x080123f8   Data           2  os_dbg.o(.constdata)
    OSDbg_MsgQSize                           0x080123fa   Data           2  os_dbg.o(.constdata)
    OSDbg_Mutex                              0x080123fc   Data          44  os_dbg.o(.constdata)
    OSDbg_MutexEn                            0x08012428   Data           1  os_dbg.o(.constdata)
    OSDbg_MutexDelEn                         0x08012429   Data           1  os_dbg.o(.constdata)
    OSDbg_MutexPendAbortEn                   0x0801242a   Data           1  os_dbg.o(.constdata)
    OSDbg_MutexSize                          0x0801242c   Data           2  os_dbg.o(.constdata)
    OSDbg_ObjTypeChkEn                       0x0801242e   Data           1  os_dbg.o(.constdata)
    OSDbg_PendMultiEn                        0x0801242f   Data           1  os_dbg.o(.constdata)
    OSDbg_PendDataSize                       0x08012430   Data           2  os_dbg.o(.constdata)
    OSDbg_PendListSize                       0x08012432   Data           2  os_dbg.o(.constdata)
    OSDbg_PendObjSize                        0x08012434   Data           2  os_dbg.o(.constdata)
    OSDbg_PrioMax                            0x08012436   Data           2  os_dbg.o(.constdata)
    OSDbg_PrioTblSize                        0x08012438   Data           2  os_dbg.o(.constdata)
    OSDbg_PtrSize                            0x0801243a   Data           2  os_dbg.o(.constdata)
    OSDbg_Q                                  0x0801243c   Data          48  os_dbg.o(.constdata)
    OSDbg_QEn                                0x0801246c   Data           1  os_dbg.o(.constdata)
    OSDbg_QDelEn                             0x0801246d   Data           1  os_dbg.o(.constdata)
    OSDbg_QFlushEn                           0x0801246e   Data           1  os_dbg.o(.constdata)
    OSDbg_QPendAbortEn                       0x0801246f   Data           1  os_dbg.o(.constdata)
    OSDbg_QSize                              0x08012470   Data           2  os_dbg.o(.constdata)
    OSDbg_SchedRoundRobinEn                  0x08012472   Data           1  os_dbg.o(.constdata)
    OSDbg_Sem                                0x08012474   Data          40  os_dbg.o(.constdata)
    OSDbg_SemEn                              0x0801249c   Data           1  os_dbg.o(.constdata)
    OSDbg_SemDelEn                           0x0801249d   Data           1  os_dbg.o(.constdata)
    OSDbg_SemPendAbortEn                     0x0801249e   Data           1  os_dbg.o(.constdata)
    OSDbg_SemSetEn                           0x0801249f   Data           1  os_dbg.o(.constdata)
    OSDbg_SemSize                            0x080124a0   Data           2  os_dbg.o(.constdata)
    OSDbg_RdyList                            0x080124a2   Data           2  os_dbg.o(.constdata)
    OSDbg_RdyListSize                        0x080124a4   Data           4  os_dbg.o(.constdata)
    OSDbg_StkWidth                           0x080124a8   Data           1  os_dbg.o(.constdata)
    OSDbg_StatTaskEn                         0x080124a9   Data           1  os_dbg.o(.constdata)
    OSDbg_StatTaskStkChkEn                   0x080124aa   Data           1  os_dbg.o(.constdata)
    OSDbg_TaskChangePrioEn                   0x080124ab   Data           1  os_dbg.o(.constdata)
    OSDbg_TaskDelEn                          0x080124ac   Data           1  os_dbg.o(.constdata)
    OSDbg_TaskQEn                            0x080124ad   Data           1  os_dbg.o(.constdata)
    OSDbg_TaskQPendAbortEn                   0x080124ae   Data           1  os_dbg.o(.constdata)
    OSDbg_TaskProfileEn                      0x080124af   Data           1  os_dbg.o(.constdata)
    OSDbg_TaskRegTblSize                     0x080124b0   Data           2  os_dbg.o(.constdata)
    OSDbg_TaskSemPendAbortEn                 0x080124b2   Data           1  os_dbg.o(.constdata)
    OSDbg_TaskSuspendEn                      0x080124b3   Data           1  os_dbg.o(.constdata)
    OSDbg_TCBSize                            0x080124b4   Data           2  os_dbg.o(.constdata)
    OSDbg_TickSpokeSize                      0x080124b6   Data           2  os_dbg.o(.constdata)
    OSDbg_TimeDlyHMSMEn                      0x080124b8   Data           1  os_dbg.o(.constdata)
    OSDbg_TimeDlyResumeEn                    0x080124b9   Data           1  os_dbg.o(.constdata)
    OSDbg_TLS_TblSize                        0x080124ba   Data           2  os_dbg.o(.constdata)
    OSDbg_Tmr                                0x080124bc   Data          52  os_dbg.o(.constdata)
    OSDbg_TmrEn                              0x080124f0   Data           1  os_dbg.o(.constdata)
    OSDbg_TmrDelEn                           0x080124f1   Data           1  os_dbg.o(.constdata)
    OSDbg_TmrSize                            0x080124f2   Data           2  os_dbg.o(.constdata)
    OSDbg_TmrSpokeSize                       0x080124f4   Data           2  os_dbg.o(.constdata)
    OSDbg_VersionNbr                         0x080124f6   Data           2  os_dbg.o(.constdata)
    OSDbg_DataSize                           0x080124f8   Data           4  os_dbg.o(.constdata)
    Region$$Table$$Base                      0x08012524   Number         0  anon$$obj.o(Region$$Table)
    Region$$Table$$Limit                     0x08012544   Number         0  anon$$obj.o(Region$$Table)
    lcd_color                                0x20000000   Data          56  main.o(.data)
    SystemCoreClock                          0x20000038   Data           4  system_stm32f10x.o(.data)
    AHBPrescTable                            0x2000003c   Data          16  system_stm32f10x.o(.data)
    POINT_COLOR                              0x2000004c   Data           2  lcd.o(.data)
    BACK_COLOR                               0x2000004e   Data           2  lcd.o(.data)
    __stdout                                 0x20000058   Data           4  usart.o(.data)
    USART_RX_STA                             0x2000005c   Data           2  usart.o(.data)
    CPU_TS_TmrFreq_Hz                        0x20000074   Data           4  cpu_core.o(.data)
    Mem_PoolTbl                              0x20000078   Data           4  lib_mem.o(.data)
    OSPrioTbl                                0x2000007c   Data           8  os_prio.o(.data)
    OS_AppTaskCreateHookPtr                  0x20000084   Data           4  os_var.o(.data)
    OS_AppTaskDelHookPtr                     0x20000088   Data           4  os_var.o(.data)
    OS_AppTaskReturnHookPtr                  0x2000008c   Data           4  os_var.o(.data)
    OS_AppIdleTaskHookPtr                    0x20000090   Data           4  os_var.o(.data)
    OS_AppStatTaskHookPtr                    0x20000094   Data           4  os_var.o(.data)
    OS_AppTaskSwHookPtr                      0x20000098   Data           4  os_var.o(.data)
    OS_AppTimeTickHookPtr                    0x2000009c   Data           4  os_var.o(.data)
    OSIdleTaskCtr                            0x200000a0   Data           4  os_var.o(.data)
    OSIntNestingCtr                          0x200000a4   Data           1  os_var.o(.data)
    OSRunning                                0x200000a5   Data           1  os_var.o(.data)
    OSIntQInPtr                              0x200000a8   Data           4  os_var.o(.data)
    OSIntQOutPtr                             0x200000ac   Data           4  os_var.o(.data)
    OSIntQNbrEntries                         0x200000b0   Data           2  os_var.o(.data)
    OSIntQNbrEntriesMax                      0x200000b2   Data           2  os_var.o(.data)
    OSIntQOvfCtr                             0x200000b4   Data           2  os_var.o(.data)
    OSIntQTaskTimeMax                        0x200000b8   Data           4  os_var.o(.data)
    OSFlagDbgListPtr                         0x200000bc   Data           4  os_var.o(.data)
    OSFlagQty                                0x200000c0   Data           2  os_var.o(.data)
    OSMemDbgListPtr                          0x200000c4   Data           4  os_var.o(.data)
    OSMemQty                                 0x200000c8   Data           2  os_var.o(.data)
    OSMutexDbgListPtr                        0x200000cc   Data           4  os_var.o(.data)
    OSMutexQty                               0x200000d0   Data           2  os_var.o(.data)
    OSPrioCur                                0x200000d2   Data           1  os_var.o(.data)
    OSPrioHighRdy                            0x200000d3   Data           1  os_var.o(.data)
    OSPrioSaved                              0x200000d4   Data           1  os_var.o(.data)
    OSQDbgListPtr                            0x200000d8   Data           4  os_var.o(.data)
    OSQQty                                   0x200000dc   Data           2  os_var.o(.data)
    OSSchedLockTimeBegin                     0x200000e0   Data           4  os_var.o(.data)
    OSSchedLockTimeMax                       0x200000e4   Data           4  os_var.o(.data)
    OSSchedLockTimeMaxCur                    0x200000e8   Data           4  os_var.o(.data)
    OSSchedLockNestingCtr                    0x200000ec   Data           1  os_var.o(.data)
    OSSchedRoundRobinDfltTimeQuanta          0x200000f0   Data           4  os_var.o(.data)
    OSSchedRoundRobinEn                      0x200000f4   Data           1  os_var.o(.data)
    OSSemDbgListPtr                          0x200000f8   Data           4  os_var.o(.data)
    OSSemQty                                 0x200000fc   Data           2  os_var.o(.data)
    OSStatResetFlag                          0x200000fe   Data           1  os_var.o(.data)
    OSStatTaskCPUUsage                       0x20000100   Data           2  os_var.o(.data)
    OSStatTaskCPUUsageMax                    0x20000102   Data           2  os_var.o(.data)
    OSStatTaskCtr                            0x20000104   Data           4  os_var.o(.data)
    OSStatTaskCtrMax                         0x20000108   Data           4  os_var.o(.data)
    OSStatTaskCtrRun                         0x2000010c   Data           4  os_var.o(.data)
    OSStatTaskRdy                            0x20000110   Data           1  os_var.o(.data)
    OSStatTaskTimeMax                        0x20000114   Data           4  os_var.o(.data)
    OSTaskCtxSwCtr                           0x20000118   Data           4  os_var.o(.data)
    OSTaskDbgListPtr                         0x2000011c   Data           4  os_var.o(.data)
    OSTaskQty                                0x20000120   Data           2  os_var.o(.data)
    OSTaskRegNextAvailID                     0x20000122   Data           1  os_var.o(.data)
    OSTickCtr                                0x20000124   Data           4  os_var.o(.data)
    OSTickTaskTimeMax                        0x20000128   Data           4  os_var.o(.data)
    OSTmrDbgListPtr                          0x2000012c   Data           4  os_var.o(.data)
    OSTmrQty                                 0x20000130   Data           2  os_var.o(.data)
    OSTmrTaskTimeMax                         0x20000134   Data           4  os_var.o(.data)
    OSTmrTickCtr                             0x20000138   Data           4  os_var.o(.data)
    OSTmrUpdateCnt                           0x2000013c   Data           4  os_var.o(.data)
    OSTmrUpdateCtr                           0x20000140   Data           4  os_var.o(.data)
    OSTCBCurPtr                              0x20000144   Data           4  os_var.o(.data)
    OSTCBHighRdyPtr                          0x20000148   Data           4  os_var.o(.data)
    OS_CPU_ExceptStkBase                     0x2000014c   Data           4  os_cpu_c.o(.data)
    StartTaskTCB                             0x20000150   Data         196  main.o(.bss)
    START_TASK_STK                           0x20000214   Data         512  main.o(.bss)
    Task1_TaskTCB                            0x20000414   Data         196  main.o(.bss)
    TASK1_TASK_STK                           0x200004d8   Data         512  main.o(.bss)
    Task2_TaskTCB                            0x200006d8   Data         196  main.o(.bss)
    TASK2_TASK_STK                           0x2000079c   Data         512  main.o(.bss)
    SYN_SEM                                  0x2000099c   Data          40  main.o(.bss)
    lcddev                                   0x200009c4   Data          14  lcd.o(.bss)
    USART_RX_BUF                             0x200009d2   Data         200  usart.o(.bss)
    CPU_Name                                 0x20000a9a   Data          16  cpu_core.o(.bss)
    Mem_PoolHeap                             0x20000aac   Data          72  lib_mem.o(.bss)
    Mem_Heap                                 0x20000af4   Data        1024  lib_mem.o(.bss)
    OSCfg_IdleTaskStk                        0x20000ef4   Data         512  os_cfg_app.o(.bss)
    OSCfg_IntQ                               0x200010f4   Data         320  os_cfg_app.o(.bss)
    OSCfg_IntQTaskStk                        0x20001234   Data         512  os_cfg_app.o(.bss)
    OSCfg_ISRStk                             0x20001434   Data         512  os_cfg_app.o(.bss)
    OSCfg_MsgPool                            0x20001634   Data        1600  os_cfg_app.o(.bss)
    OSCfg_StatTaskStk                        0x20001c74   Data         512  os_cfg_app.o(.bss)
    OSCfg_TickTaskStk                        0x20001e74   Data         512  os_cfg_app.o(.bss)
    OSCfg_TickWheel                          0x20002074   Data         136  os_cfg_app.o(.bss)
    OSCfg_TmrTaskStk                         0x200020fc   Data         512  os_cfg_app.o(.bss)
    OSCfg_TmrWheel                           0x200022fc   Data         136  os_cfg_app.o(.bss)
    OSIdleTaskTCB                            0x20002384   Data         196  os_var.o(.bss)
    OSIntQTaskTCB                            0x20002448   Data         196  os_var.o(.bss)
    OSMsgPool                                0x2000250c   Data          12  os_var.o(.bss)
    OSRdyList                                0x20002518   Data         768  os_var.o(.bss)
    OSStatTaskTCB                            0x20002818   Data         196  os_var.o(.bss)
    OSTickTaskTCB                            0x200028dc   Data         196  os_var.o(.bss)
    OSTmrTaskTCB                             0x200029a0   Data         196  os_var.o(.bss)
    __libspace_start                         0x20002a64   Data          96  libspace.o(.bss)
    __temporary_stack_top$libspace           0x20002ac4   Data           0  libspace.o(.bss)



==============================================================================

Memory Map of the image

  Image Entry point : 0x08000131

  Load Region LR_IROM1 (Base: 0x08000000, Size: 0x00012694, Max: 0x00040000, ABSOLUTE, COMPRESSED[0x00012584])

    Execution Region ER_IROM1 (Exec base: 0x08000000, Load base: 0x08000000, Size: 0x00012544, Max: 0x00040000, ABSOLUTE)

    Exec Addr    Load Addr    Size         Type   Attr      Idx    E Section Name        Object

    0x08000000   0x08000000   0x00000130   Data   RO          428    RESET               startup_stm32f10x_hd.o
    0x08000130   0x08000130   0x00000008   Code   RO          937  * !!!main             c_w.l(__main.o)
    0x08000138   0x08000138   0x00000034   Code   RO         1119    !!!scatter          c_w.l(__scatter.o)
    0x0800016c   0x0800016c   0x0000005a   Code   RO         1117    !!dczerorl2         c_w.l(__dczerorl2.o)
    0x080001c6   0x080001c6   0x00000002   PAD
    0x080001c8   0x080001c8   0x0000001c   Code   RO         1121    !!handler_zi        c_w.l(__scatter_zi.o)
    0x080001e4   0x080001e4   0x00000000   Code   RO          934    .ARM.Collect$$_printf_percent$$00000000  c_w.l(_printf_percent.o)
    0x080001e4   0x080001e4   0x00000006   Code   RO          933    .ARM.Collect$$_printf_percent$$0000000C  c_w.l(_printf_x.o)
    0x080001ea   0x080001ea   0x00000004   Code   RO          950    .ARM.Collect$$_printf_percent$$00000017  c_w.l(_printf_percent_end.o)
    0x080001ee   0x080001ee   0x00000002   Code   RO          989    .ARM.Collect$$libinit$$00000000  c_w.l(libinit.o)
    0x080001f0   0x080001f0   0x00000000   Code   RO         1002    .ARM.Collect$$libinit$$00000002  c_w.l(libinit2.o)
    0x080001f0   0x080001f0   0x00000000   Code   RO         1004    .ARM.Collect$$libinit$$00000004  c_w.l(libinit2.o)
    0x080001f0   0x080001f0   0x00000000   Code   RO         1007    .ARM.Collect$$libinit$$0000000A  c_w.l(libinit2.o)
    0x080001f0   0x080001f0   0x00000000   Code   RO         1009    .ARM.Collect$$libinit$$0000000C  c_w.l(libinit2.o)
    0x080001f0   0x080001f0   0x00000000   Code   RO         1011    .ARM.Collect$$libinit$$0000000E  c_w.l(libinit2.o)
    0x080001f0   0x080001f0   0x00000000   Code   RO         1014    .ARM.Collect$$libinit$$00000011  c_w.l(libinit2.o)
    0x080001f0   0x080001f0   0x00000000   Code   RO         1016    .ARM.Collect$$libinit$$00000013  c_w.l(libinit2.o)
    0x080001f0   0x080001f0   0x00000000   Code   RO         1018    .ARM.Collect$$libinit$$00000015  c_w.l(libinit2.o)
    0x080001f0   0x080001f0   0x00000000   Code   RO         1020    .ARM.Collect$$libinit$$00000017  c_w.l(libinit2.o)
    0x080001f0   0x080001f0   0x00000000   Code   RO         1022    .ARM.Collect$$libinit$$00000019  c_w.l(libinit2.o)
    0x080001f0   0x080001f0   0x00000000   Code   RO         1024    .ARM.Collect$$libinit$$0000001B  c_w.l(libinit2.o)
    0x080001f0   0x080001f0   0x00000000   Code   RO         1026    .ARM.Collect$$libinit$$0000001D  c_w.l(libinit2.o)
    0x080001f0   0x080001f0   0x00000000   Code   RO         1028    .ARM.Collect$$libinit$$0000001F  c_w.l(libinit2.o)
    0x080001f0   0x080001f0   0x00000000   Code   RO         1030    .ARM.Collect$$libinit$$00000021  c_w.l(libinit2.o)
    0x080001f0   0x080001f0   0x00000000   Code   RO         1032    .ARM.Collect$$libinit$$00000023  c_w.l(libinit2.o)
    0x080001f0   0x080001f0   0x00000000   Code   RO         1034    .ARM.Collect$$libinit$$00000025  c_w.l(libinit2.o)
    0x080001f0   0x080001f0   0x00000000   Code   RO         1038    .ARM.Collect$$libinit$$0000002C  c_w.l(libinit2.o)
    0x080001f0   0x080001f0   0x00000000   Code   RO         1040    .ARM.Collect$$libinit$$0000002E  c_w.l(libinit2.o)
    0x080001f0   0x080001f0   0x00000000   Code   RO         1042    .ARM.Collect$$libinit$$00000030  c_w.l(libinit2.o)
    0x080001f0   0x080001f0   0x00000000   Code   RO         1044    .ARM.Collect$$libinit$$00000032  c_w.l(libinit2.o)
    0x080001f0   0x080001f0   0x00000002   Code   RO         1045    .ARM.Collect$$libinit$$00000033  c_w.l(libinit2.o)
    0x080001f2   0x080001f2   0x00000002   Code   RO         1071    .ARM.Collect$$libshutdown$$00000000  c_w.l(libshutdown.o)
    0x080001f4   0x080001f4   0x00000000   Code   RO         1098    .ARM.Collect$$libshutdown$$00000002  c_w.l(libshutdown2.o)
    0x080001f4   0x080001f4   0x00000000   Code   RO         1100    .ARM.Collect$$libshutdown$$00000004  c_w.l(libshutdown2.o)
    0x080001f4   0x080001f4   0x00000000   Code   RO         1102    .ARM.Collect$$libshutdown$$00000006  c_w.l(libshutdown2.o)
    0x080001f4   0x080001f4   0x00000000   Code   RO         1105    .ARM.Collect$$libshutdown$$00000009  c_w.l(libshutdown2.o)
    0x080001f4   0x080001f4   0x00000000   Code   RO         1108    .ARM.Collect$$libshutdown$$0000000C  c_w.l(libshutdown2.o)
    0x080001f4   0x080001f4   0x00000000   Code   RO         1110    .ARM.Collect$$libshutdown$$0000000E  c_w.l(libshutdown2.o)
    0x080001f4   0x080001f4   0x00000000   Code   RO         1113    .ARM.Collect$$libshutdown$$00000011  c_w.l(libshutdown2.o)
    0x080001f4   0x080001f4   0x00000002   Code   RO         1114    .ARM.Collect$$libshutdown$$00000012  c_w.l(libshutdown2.o)
    0x080001f6   0x080001f6   0x00000000   Code   RO          941    .ARM.Collect$$rtentry$$00000000  c_w.l(__rtentry.o)
    0x080001f6   0x080001f6   0x00000000   Code   RO          952    .ARM.Collect$$rtentry$$00000002  c_w.l(__rtentry2.o)
    0x080001f6   0x080001f6   0x00000006   Code   RO          964    .ARM.Collect$$rtentry$$00000004  c_w.l(__rtentry4.o)
    0x080001fc   0x080001fc   0x00000000   Code   RO          954    .ARM.Collect$$rtentry$$00000009  c_w.l(__rtentry2.o)
    0x080001fc   0x080001fc   0x00000004   Code   RO          955    .ARM.Collect$$rtentry$$0000000A  c_w.l(__rtentry2.o)
    0x08000200   0x08000200   0x00000000   Code   RO          957    .ARM.Collect$$rtentry$$0000000C  c_w.l(__rtentry2.o)
    0x08000200   0x08000200   0x00000008   Code   RO          958    .ARM.Collect$$rtentry$$0000000D  c_w.l(__rtentry2.o)
    0x08000208   0x08000208   0x00000002   Code   RO          993    .ARM.Collect$$rtexit$$00000000  c_w.l(rtexit.o)
    0x0800020a   0x0800020a   0x00000000   Code   RO         1047    .ARM.Collect$$rtexit$$00000002  c_w.l(rtexit2.o)
    0x0800020a   0x0800020a   0x00000004   Code   RO         1048    .ARM.Collect$$rtexit$$00000003  c_w.l(rtexit2.o)
    0x0800020e   0x0800020e   0x00000006   Code   RO         1049    .ARM.Collect$$rtexit$$00000004  c_w.l(rtexit2.o)
    0x08000214   0x08000214   0x00000380   Code   RO            1    .text               main.o
    0x08000594   0x08000594   0x00000016   Code   RO          152    .text               stm32f10x_it.o
    0x080005aa   0x080005aa   0x00000002   PAD
    0x080005ac   0x080005ac   0x000001e0   Code   RO          202    .text               system_stm32f10x.o
    0x0800078c   0x0800078c   0x00000050   Code   RO          220    .text               led.o
    0x080007dc   0x080007dc   0x000058a4   Code   RO          255    .text               lcd.o
    0x08006080   0x08006080   0x000000fc   Code   RO          292    .text               key.o
    0x0800617c   0x0800617c   0x0000014c   Code   RO          308    .text               delay.o
    0x080062c8   0x080062c8   0x0000000c   Code   RO          377    .text               sys.o
    0x080062d4   0x080062d4   0x0000014c   Code   RO          393    .text               usart.o
    0x08006420   0x08006420   0x00000040   Code   RO          429    .text               startup_stm32f10x_hd.o
    0x08006460   0x08006460   0x000000dc   Code   RO          433    .text               misc.o
    0x0800653c   0x0800653c   0x0000035c   Code   RO          445    .text               stm32f10x_gpio.o
    0x08006898   0x08006898   0x00000408   Code   RO          457    .text               stm32f10x_usart.o
    0x08006ca0   0x08006ca0   0x000003a4   Code   RO          469    .text               stm32f10x_rcc.o
    0x08007044   0x08007044   0x00000084   Code   RO          483    .text               bsp.o
    0x080070c8   0x080070c8   0x000002a8   Code   RO          498    .text               cpu_core.o
    0x08007370   0x08007370   0x00000034   Code   RO          536    .text               cpu_a.o
    0x080073a4   0x080073a4   0x00000256   Code   RO          539    .text               lib_ascii.o
    0x080075fa   0x080075fa   0x00000002   PAD
    0x080075fc   0x080075fc   0x000009c6   Code   RO          572    .text               lib_mem.o
    0x08007fc2   0x08007fc2   0x00000002   PAD
    0x08007fc4   0x08007fc4   0x0000092c   Code   RO          591    .text               lib_str.o
    0x080088f0   0x080088f0   0x00000220   Code   RO          608    .text               lib_mem_a.o
    0x08008b10   0x08008b10   0x000000fc   Code   RO          611    .text               os_cfg_app.o
    0x08008c0c   0x08008c0c   0x00000e04   Code   RO          634    .text               os_core.o
    0x08009a10   0x08009a10   0x000001b0   Code   RO          646    .text               os_dbg.o
    0x08009bc0   0x08009bc0   0x00000e28   Code   RO          661    .text               os_flag.o
    0x0800a9e8   0x0800a9e8   0x00000444   Code   RO          673    .text               os_int.o
    0x0800ae2c   0x0800ae2c   0x00000238   Code   RO          685    .text               os_mem.o
    0x0800b064   0x0800b064   0x0000022c   Code   RO          697    .text               os_msg.o
    0x0800b290   0x0800b290   0x00000ad4   Code   RO          709    .text               os_mutex.o
    0x0800bd64   0x0800bd64   0x0000007c   Code   RO          727    .text               os_prio.o
    0x0800bde0   0x0800bde0   0x000008d8   Code   RO          746    .text               os_q.o
    0x0800c6b8   0x0800c6b8   0x00000830   Code   RO          758    .text               os_sem.o
    0x0800cee8   0x0800cee8   0x00000638   Code   RO          770    .text               os_stat.o
    0x0800d520   0x0800d520   0x00001bb4   Code   RO          782    .text               os_task.o
    0x0800f0d4   0x0800f0d4   0x000004fc   Code   RO          794    .text               os_tick.o
    0x0800f5d0   0x0800f5d0   0x00000564   Code   RO          806    .text               os_time.o
    0x0800fb34   0x0800fb34   0x00000818   Code   RO          818    .text               os_tmr.o
    0x0801034c   0x0801034c   0x0000026c   Code   RO          847    .text               os_cpu_c.o
    0x080105b8   0x080105b8   0x00000002   Code   RO          882    .text               c_w.l(use_no_semi_2.o)
    0x080105ba   0x080105ba   0x000000ee   Code   RO          884    .text               c_w.l(lludivv7m.o)
    0x080106a8   0x080106a8   0x00000018   Code   RO          888    .text               c_w.l(noretval__2printf.o)
    0x080106c0   0x080106c0   0x00000068   Code   RO          890    .text               c_w.l(__printf.o)
    0x08010728   0x08010728   0x00000058   Code   RO          895    .text               c_w.l(_printf_hex_int.o)
    0x08010780   0x08010780   0x00000006   Code   RO          935    .text               c_w.l(heapauxi.o)
    0x08010786   0x08010786   0x00000002   Code   RO          939    .text               c_w.l(use_no_semi.o)
    0x08010788   0x08010788   0x000000b2   Code   RO          946    .text               c_w.l(_printf_intcommon.o)
    0x0801083a   0x0801083a   0x00000002   PAD
    0x0801083c   0x0801083c   0x00000024   Code   RO          948    .text               c_w.l(_printf_char_file.o)
    0x08010860   0x08010860   0x00000030   Code   RO          968    .text               c_w.l(_printf_char_common.o)
    0x08010890   0x08010890   0x00000008   Code   RO          970    .text               c_w.l(ferror.o)
    0x08010898   0x08010898   0x0000004a   Code   RO          974    .text               c_w.l(sys_stackheap_outer.o)
    0x080108e2   0x080108e2   0x00000012   Code   RO          978    .text               c_w.l(exit.o)
    0x080108f4   0x080108f4   0x00000008   Code   RO          990    .text               c_w.l(libspace.o)
    0x080108fc   0x080108fc   0x00000098   Code   RO          844    CODE                os_cpu_a.o
    0x08010994   0x08010994   0x000017c0   Data   RO          257    .constdata          lcd.o
    0x08012154   0x08012154   0x00000104   Data   RO          500    .constdata          cpu_core.o
    0x08012258   0x08012258   0x00000094   Data   RO          592    .constdata          lib_str.o
    0x080122ec   0x080122ec   0x000000a4   Data   RO          613    .constdata          os_cfg_app.o
    0x08012390   0x08012390   0x0000016c   Data   RO          647    .constdata          os_dbg.o
    0x080124fc   0x080124fc   0x00000028   Data   RO          896    .constdata          c_w.l(_printf_hex_int.o)
    0x08012524   0x08012524   0x00000020   Data   RO         1115    Region$$Table       anon$$obj.o


    Execution Region RW_IRAM1 (Exec base: 0x20000000, Load base: 0x08012544, Size: 0x000034c8, Max: 0x0000c000, ABSOLUTE, COMPRESSED[0x00000040])

    Exec Addr    Load Addr    Size         Type   Attr      Idx    E Section Name        Object

    0x20000000   COMPRESSED   0x00000038   Data   RW            3    .data               main.o
    0x20000038   COMPRESSED   0x00000014   Data   RW          203    .data               system_stm32f10x.o
    0x2000004c   COMPRESSED   0x00000004   Data   RW          258    .data               lcd.o
    0x20000050   COMPRESSED   0x00000001   Data   RW          293    .data               key.o
    0x20000051   COMPRESSED   0x00000001   PAD
    0x20000052   COMPRESSED   0x00000004   Data   RW          309    .data               delay.o
    0x20000056   COMPRESSED   0x00000002   PAD
    0x20000058   COMPRESSED   0x00000006   Data   RW          395    .data               usart.o
    0x2000005e   COMPRESSED   0x00000014   Data   RW          470    .data               stm32f10x_rcc.o
    0x20000072   COMPRESSED   0x00000002   PAD
    0x20000074   COMPRESSED   0x00000004   Data   RW          501    .data               cpu_core.o
    0x20000078   COMPRESSED   0x00000004   Data   RW          574    .data               lib_mem.o
    0x2000007c   COMPRESSED   0x00000008   Data   RW          728    .data               os_prio.o
    0x20000084   COMPRESSED   0x000000c8   Data   RW          831    .data               os_var.o
    0x2000014c   COMPRESSED   0x00000004   Data   RW          848    .data               os_cpu_c.o
    0x20000150        -       0x00000874   Zero   RW            2    .bss                main.o
    0x200009c4        -       0x0000000e   Zero   RW          256    .bss                lcd.o
    0x200009d2        -       0x000000c8   Zero   RW          394    .bss                usart.o
    0x20000a9a        -       0x00000010   Zero   RW          499    .bss                cpu_core.o
    0x20000aaa   COMPRESSED   0x00000002   PAD
    0x20000aac        -       0x00000448   Zero   RW          573    .bss                lib_mem.o
    0x20000ef4        -       0x00001490   Zero   RW          612    .bss                os_cfg_app.o
    0x20002384        -       0x000006e0   Zero   RW          830    .bss                os_var.o
    0x20002a64        -       0x00000060   Zero   RW          991    .bss                c_w.l(libspace.o)
    0x20002ac4   COMPRESSED   0x00000004   PAD
    0x20002ac8        -       0x00000200   Zero   RW          427    HEAP                startup_stm32f10x_hd.o
    0x20002cc8        -       0x00000800   Zero   RW          426    STACK               startup_stm32f10x_hd.o


==============================================================================

Image component sizes


      Code (inc. data)   RO Data    RW Data    ZI Data      Debug   Object Name

       132         12          0          0          0       1167   bsp.o
        52          0          0          0          0        352   cpu_a.o
       680         14        260          4         16      14491   cpu_core.o
       332         28          0          4          0      41197   delay.o
       252         16          0          1          0        856   key.o
     22692        204       6080          4         14      24448   lcd.o
        80          8          0          0          0     205327   led.o
       598          0          0          0          0       3904   lib_ascii.o
      2502         32          0          4       1096      22292   lib_mem.o
       544          0          0          0          0        496   lib_mem_a.o
      2348          6        148          0          0      13842   lib_str.o
       896        132          0         56       2164     239430   main.o
       220         22          0          0          0       1861   misc.o
       252        166        164          0       5264      20978   os_cfg_app.o
      3588        294          0          0          0      12497   os_core.o
       152         32          0          0          0        408   os_cpu_a.o
       620         66          0          4          0       3885   os_cpu_c.o
       432        286        364          0          0       4809   os_dbg.o
      3624        110          0          0          0       8079   os_flag.o
      1092        146          0          0          0       2384   os_int.o
       568         20          0          0          0       2808   os_mem.o
       556         12          0          0          0       2843   os_msg.o
      2772        114          0          0          0       5614   os_mutex.o
       124          4          0          8          0       1804   os_prio.o
      2264         76          0          0          0       6376   os_q.o
      2096         70          0          0          0       6396   os_sem.o
      1592        180          0          0          0       2865   os_stat.o
      7092        270          0          0          0      14222   os_task.o
      1276         90          0          0          0       3333   os_tick.o
      1380         46          0          0          0       3337   os_time.o
      2072        140          0          0          0       6522   os_tmr.o
         0          0          0        200       1760      19397   os_var.o
        64         26        304          0       2560        808   startup_stm32f10x_hd.o
       860         38          0          0          0       5797   stm32f10x_gpio.o
        22          0          0          0          0      24259   stm32f10x_it.o
       932         36          0         20          0       9000   stm32f10x_rcc.o
      1032         22          0          0          0       8520   stm32f10x_usart.o
        12          0          0          0          0        635   sys.o
       480         38          0         20          0       1791   system_stm32f10x.o
       332         16          0          6        200       3214   usart.o

    ----------------------------------------------------------------------
     66620       2772       7352        336      13076     752244   Object Totals
         0          0         32          0          0          0   (incl. Generated)
         6          0          0          5          2          0   (incl. Padding)

    ----------------------------------------------------------------------

      Code (inc. data)   RO Data    RW Data    ZI Data      Debug   Library Member Name

        90          0          0          0          0          0   __dczerorl2.o
         8          0          0          0          0         68   __main.o
       104          0          0          0          0         84   __printf.o
         0          0          0          0          0          0   __rtentry.o
        12          0          0          0          0          0   __rtentry2.o
         6          0          0          0          0          0   __rtentry4.o
        52          8          0          0          0          0   __scatter.o
        28          0          0          0          0          0   __scatter_zi.o
        48          6          0          0          0         96   _printf_char_common.o
        36          4          0          0          0         80   _printf_char_file.o
        88          4         40          0          0         88   _printf_hex_int.o
       178          0          0          0          0         88   _printf_intcommon.o
         0          0          0          0          0          0   _printf_percent.o
         4          0          0          0          0          0   _printf_percent_end.o
         6          0          0          0          0          0   _printf_x.o
        18          0          0          0          0         80   exit.o
         8          0          0          0          0         68   ferror.o
         6          0          0          0          0        152   heapauxi.o
         2          0          0          0          0          0   libinit.o
         2          0          0          0          0          0   libinit2.o
         2          0          0          0          0          0   libshutdown.o
         2          0          0          0          0          0   libshutdown2.o
         8          4          0          0         96         68   libspace.o
       238          0          0          0          0        100   lludivv7m.o
        24          4          0          0          0         84   noretval__2printf.o
         2          0          0          0          0          0   rtexit.o
        10          0          0          0          0          0   rtexit2.o
        74          0          0          0          0         80   sys_stackheap_outer.o
         2          0          0          0          0         68   use_no_semi.o
         2          0          0          0          0         68   use_no_semi_2.o

    ----------------------------------------------------------------------
      1064         30         40          0        100       1272   Library Totals
         4          0          0          0          4          0   (incl. Padding)

    ----------------------------------------------------------------------

      Code (inc. data)   RO Data    RW Data    ZI Data      Debug   Library Name

      1060         30         40          0         96       1272   c_w.l

    ----------------------------------------------------------------------
      1064         30         40          0        100       1272   Library Totals

    ----------------------------------------------------------------------

==============================================================================


      Code (inc. data)   RO Data    RW Data    ZI Data      Debug   

     67684       2802       7392        336      13176     749664   Grand Totals
     67684       2802       7392         64      13176     749664   ELF Image Totals (compressed)
     67684       2802       7392         64          0          0   ROM Totals

==============================================================================

    Total RO  Size (Code + RO Data)                75076 (  73.32kB)
    Total RW  Size (RW Data + ZI Data)             13512 (  13.20kB)
    Total ROM Size (Code + RO Data + RW Data)      75140 (  73.38kB)

==============================================================================

