Component: ARM Compiler 5.06 update 7 (build 960) Tool: armlink [4d3601]

==============================================================================

Section Cross References

    main.o(.text) refers to _printf_percent.o(.ARM.Collect$$_printf_percent$$00000000) for _printf_percent
    main.o(.text) refers to _printf_d.o(.ARM.Collect$$_printf_percent$$00000009) for _printf_d
    main.o(.text) refers to _printf_dec.o(.text) for _printf_int_dec
    main.o(.text) refers to cpu_a.o(.text) for CPU_SR_Save
    main.o(.text) refers to lcd.o(.text) for LCD_DrawRectangle
    main.o(.text) refers to os_core.o(.text) for OS_Sched0
    main.o(.text) refers to noretval__2printf.o(.text) for __2printf
    main.o(.text) refers to os_time.o(.text) for OSTimeDlyHMSM
    main.o(.text) refers to os_task.o(.text) for OSTaskSuspend
    main.o(.text) refers to cpu_core.o(.text) for CPU_Init
    main.o(.text) refers to os_stat.o(.text) for OSStatTaskCPUUsageInit
    main.o(.text) refers to delay.o(.text) for delay_init
    main.o(.text) refers to misc.o(.text) for NVIC_PriorityGroupConfig
    main.o(.text) refers to usart.o(.text) for uart_init
    main.o(.text) refers to led.o(.text) for LED_Init
    main.o(.text) refers to lcd.o(.data) for POINT_COLOR
    main.o(.text) refers to os_var.o(.data) for OSSchedLockNestingCtr
    main.o(.text) refers to main.o(.data) for lcd_discolor
    main.o(.text) refers to main.o(.bss) for Task2_TaskTCB
    system_stm32f10x.o(.text) refers to system_stm32f10x.o(.data) for SystemCoreClock
    led.o(.text) refers to stm32f10x_rcc.o(.text) for RCC_APB2PeriphClockCmd
    led.o(.text) refers to stm32f10x_gpio.o(.text) for GPIO_Init
    lcd.o(.text) refers to _printf_percent.o(.ARM.Collect$$_printf_percent$$00000000) for _printf_percent
    lcd.o(.text) refers to _printf_x.o(.ARM.Collect$$_printf_percent$$0000000C) for _printf_x
    lcd.o(.text) refers to _printf_hex_int.o(.text) for _printf_longlong_hex
    lcd.o(.text) refers to stm32f10x_gpio.o(.text) for GPIO_ResetBits
    lcd.o(.text) refers to delay.o(.text) for delay_us
    lcd.o(.text) refers to lcd.o(.bss) for lcddev
    lcd.o(.text) refers to lcd.o(.data) for POINT_COLOR
    lcd.o(.text) refers to stm32f10x_rcc.o(.text) for RCC_APB2PeriphClockCmd
    lcd.o(.text) refers to noretval__2printf.o(.text) for __2printf
    lcd.o(.text) refers to lcd.o(.constdata) for asc2_1206
    delay.o(.text) refers to os_core.o(.text) for OSSchedLock
    delay.o(.text) refers to os_time.o(.text) for OSTimeDly
    delay.o(.text) refers to misc.o(.text) for SysTick_CLKSourceConfig
    delay.o(.text) refers to os_var.o(.data) for OSRunning
    delay.o(.text) refers to system_stm32f10x.o(.data) for SystemCoreClock
    delay.o(.text) refers to delay.o(.data) for fac_us
    delay.o(.text) refers to os_cfg_app.o(.constdata) for OSCfg_TickRate_Hz
    usart.o(.text) refers (Special) to use_no_semi_2.o(.text) for __use_no_semihosting
    usart.o(.text) refers to stm32f10x_rcc.o(.text) for RCC_APB2PeriphClockCmd
    usart.o(.text) refers to stm32f10x_usart.o(.text) for USART_DeInit
    usart.o(.text) refers to stm32f10x_gpio.o(.text) for GPIO_Init
    usart.o(.text) refers to misc.o(.text) for NVIC_Init
    usart.o(.text) refers to os_core.o(.text) for OSIntEnter
    usart.o(.text) refers to usart.o(.data) for USART_RX_STA
    usart.o(.text) refers to usart.o(.bss) for USART_RX_BUF
    usart.o(.bss) refers (Special) to use_no_semi_2.o(.text) for __use_no_semihosting
    usart.o(.data) refers (Special) to use_no_semi_2.o(.text) for __use_no_semihosting
    startup_stm32f10x_hd.o(STACK) refers (Special) to heapauxi.o(.text) for __use_two_region_memory
    startup_stm32f10x_hd.o(HEAP) refers (Special) to heapauxi.o(.text) for __use_two_region_memory
    startup_stm32f10x_hd.o(RESET) refers (Special) to heapauxi.o(.text) for __use_two_region_memory
    startup_stm32f10x_hd.o(RESET) refers to startup_stm32f10x_hd.o(STACK) for __initial_sp
    startup_stm32f10x_hd.o(RESET) refers to startup_stm32f10x_hd.o(.text) for Reset_Handler
    startup_stm32f10x_hd.o(RESET) refers to stm32f10x_it.o(.text) for NMI_Handler
    startup_stm32f10x_hd.o(RESET) refers to os_cpu_a.o(CODE) for PendSV_Handler
    startup_stm32f10x_hd.o(RESET) refers to delay.o(.text) for SysTick_Handler
    startup_stm32f10x_hd.o(RESET) refers to usart.o(.text) for USART1_IRQHandler
    startup_stm32f10x_hd.o(.text) refers (Special) to heapauxi.o(.text) for __use_two_region_memory
    startup_stm32f10x_hd.o(.text) refers to system_stm32f10x.o(.text) for SystemInit
    startup_stm32f10x_hd.o(.text) refers to __main.o(!!!main) for __main
    startup_stm32f10x_hd.o(.text) refers to startup_stm32f10x_hd.o(HEAP) for Heap_Mem
    startup_stm32f10x_hd.o(.text) refers to startup_stm32f10x_hd.o(STACK) for Stack_Mem
    stm32f10x_gpio.o(.text) refers to stm32f10x_rcc.o(.text) for RCC_APB2PeriphResetCmd
    stm32f10x_usart.o(.text) refers to stm32f10x_rcc.o(.text) for RCC_APB2PeriphResetCmd
[...]
    __rt_lib_init_argv_1                     0x080001f7   Thumb Code     0  libinit2.o(.ARM.Collect$$libinit$$0000002C)
    __rt_lib_init_atexit_1                   0x080001f7   Thumb Code     0  libinit2.o(.ARM.Collect$$libinit$$0000001B)
    __rt_lib_init_clock_1                    0x080001f7   Thumb Code     0  libinit2.o(.ARM.Collect$$libinit$$00000021)
    __rt_lib_init_cpp_1                      0x080001f7   Thumb Code     0  libinit2.o(.ARM.Collect$$libinit$$00000032)
    __rt_lib_init_exceptions_1               0x080001f7   Thumb Code     0  libinit2.o(.ARM.Collect$$libinit$$00000030)
    __rt_lib_init_fp_1                       0x080001f7   Thumb Code     0  libinit2.o(.ARM.Collect$$libinit$$00000002)
    __rt_lib_init_fp_trap_1                  0x080001f7   Thumb Code     0  libinit2.o(.ARM.Collect$$libinit$$0000001F)
    __rt_lib_init_getenv_1                   0x080001f7   Thumb Code     0  libinit2.o(.ARM.Collect$$libinit$$00000023)
    __rt_lib_init_heap_1                     0x080001f7   Thumb Code     0  libinit2.o(.ARM.Collect$$libinit$$0000000A)
    __rt_lib_init_lc_collate_1               0x080001f7   Thumb Code     0  libinit2.o(.ARM.Collect$$libinit$$00000011)
    __rt_lib_init_lc_ctype_1                 0x080001f7   Thumb Code     0  libinit2.o(.ARM.Collect$$libinit$$00000013)
    __rt_lib_init_lc_monetary_1              0x080001f7   Thumb Code     0  libinit2.o(.ARM.Collect$$libinit$$00000015)
    __rt_lib_init_lc_numeric_1               0x080001f7   Thumb Code     0  libinit2.o(.ARM.Collect$$libinit$$00000017)
    __rt_lib_init_lc_time_1                  0x080001f7   Thumb Code     0  libinit2.o(.ARM.Collect$$libinit$$00000019)
    __rt_lib_init_preinit_1                  0x080001f7   Thumb Code     0  libinit2.o(.ARM.Collect$$libinit$$00000004)
    __rt_lib_init_rand_1                     0x080001f7   Thumb Code     0  libinit2.o(.ARM.Collect$$libinit$$0000000E)
    __rt_lib_init_return                     0x080001f7   Thumb Code     0  libinit2.o(.ARM.Collect$$libinit$$00000033)
    __rt_lib_init_signal_1                   0x080001f7   Thumb Code     0  libinit2.o(.ARM.Collect$$libinit$$0000001D)
    __rt_lib_init_stdio_1                    0x080001f7   Thumb Code     0  libinit2.o(.ARM.Collect$$libinit$$00000025)
    __rt_lib_init_user_alloc_1               0x080001f7   Thumb Code     0  libinit2.o(.ARM.Collect$$libinit$$0000000C)
    __rt_lib_shutdown                        0x080001f9   Thumb Code     0  libshutdown.o(.ARM.Collect$$libshutdown$$00000000)
    __rt_lib_shutdown_cpp_1                  0x080001fb   Thumb Code     0  libshutdown2.o(.ARM.Collect$$libshutdown$$00000004)
    __rt_lib_shutdown_fini_1                 0x080001fb   Thumb Code     0  libshutdown2.o(.ARM.Collect$$libshutdown$$00000002)
    __rt_lib_shutdown_fp_trap_1              0x080001fb   Thumb Code     0  libshutdown2.o(.ARM.Collect$$libshutdown$$00000009)
    __rt_lib_shutdown_heap_1                 0x080001fb   Thumb Code     0  libshutdown2.o(.ARM.Collect$$libshutdown$$00000011)
    __rt_lib_shutdown_return                 0x080001fb   Thumb Code     0  libshutdown2.o(.ARM.Collect$$libshutdown$$00000012)
    __rt_lib_shutdown_signal_1               0x080001fb   Thumb Code     0  libshutdown2.o(.ARM.Collect$$libshutdown$$0000000C)
    __rt_lib_shutdown_stdio_1                0x080001fb   Thumb Code     0  libshutdown2.o(.ARM.Collect$$libshutdown$$00000006)
    __rt_lib_shutdown_user_alloc_1           0x080001fb   Thumb Code     0  libshutdown2.o(.ARM.Collect$$libshutdown$$0000000E)
    __rt_entry                               0x080001fd   Thumb Code     0  __rtentry.o(.ARM.Collect$$rtentry$$00000000)
    __rt_entry_presh_1                       0x080001fd   Thumb Code     0  __rtentry2.o(.ARM.Collect$$rtentry$$00000002)
    __rt_entry_sh                            0x080001fd   Thumb Code     0  __rtentry4.o(.ARM.Collect$$rtentry$$00000004)
    __rt_entry_li                            0x08000203   Thumb Code     0  __rtentry2.o(.ARM.Collect$$rtentry$$0000000A)
    __rt_entry_postsh_1                      0x08000203   Thumb Code     0  __rtentry2.o(.ARM.Collect$$rtentry$$00000009)
    __rt_entry_main                          0x08000207   Thumb Code     0  __rtentry2.o(.ARM.Collect$$rtentry$$0000000D)
    __rt_entry_postli_1                      0x08000207   Thumb Code     0  __rtentry2.o(.ARM.Collect$$rtentry$$0000000C)
    __rt_exit                                0x0800020f   Thumb Code     0  rtexit.o(.ARM.Collect$$rtexit$$00000000)
    __rt_exit_ls                             0x08000211   Thumb Code     0  rtexit2.o(.ARM.Collect$$rtexit$$00000003)
    __rt_exit_prels_1                        0x08000211   Thumb Code     0  rtexit2.o(.ARM.Collect$$rtexit$$00000002)
    __rt_exit_exit                           0x08000215   Thumb Code     0  rtexit2.o(.ARM.Collect$$rtexit$$00000004)
    task2_task                               0x0800021d   Thumb Code   302  main.o(.text)
    task1_task                               0x0800034b   Thumb Code   334  main.o(.text)
    start_task                               0x08000499   Thumb Code   270  main.o(.text)
    main                                     0x080005a7   Thumb Code   612  main.o(.text)
    NMI_Handler                              0x08000835   Thumb Code     2  stm32f10x_it.o(.text)
    HardFault_Handler                        0x08000837   Thumb Code     4  stm32f10x_it.o(.text)
    MemManage_Handler                        0x0800083b   Thumb Code     4  stm32f10x_it.o(.text)
    BusFault_Handler                         0x0800083f   Thumb Code     4  stm32f10x_it.o(.text)
    UsageFault_Handler                       0x08000843   Thumb Code     4  stm32f10x_it.o(.text)
    SVC_Handler                              0x08000847   Thumb Code     2  stm32f10x_it.o(.text)
    DebugMon_Handler                         0x08000849   Thumb Code     2  stm32f10x_it.o(.text)
    SystemInit                               0x0800092b   Thumb Code    78  system_stm32f10x.o(.text)
    SystemCoreClockUpdate                    0x08000979   Thumb Code   142  system_stm32f10x.o(.text)
    LED_Init                                 0x08000a2d   Thumb Code    72  led.o(.text)
    LCD_WR_REG                               0x08000a7d   Thumb Code    60  lcd.o(.text)
    LCD_WR_DATAX                             0x08000ab9   Thumb Code    60  lcd.o(.text)
    LCD_RD_DATA                              0x08000af5   Thumb Code   118  lcd.o(.text)
    LCD_WriteReg                             0x08000b6b   Thumb Code    68  lcd.o(.text)
    LCD_ReadReg                              0x08000baf   Thumb Code    16  lcd.o(.text)
    LCD_WriteRAM_Prepare                     0x08000bbf   Thumb Code    12  lcd.o(.text)
    LCD_WriteRAM                             0x08000bcb   Thumb Code    60  lcd.o(.text)
    LCD_BGR2RGB                              0x08000c07   Thumb Code    26  lcd.o(.text)
    LCD_SetCursor                            0x08000c21   Thumb Code   860  lcd.o(.text)
    LCD_ReadPoint                            0x08000f7d   Thumb Code   464  lcd.o(.text)
    LCD_DisplayOn                            0x0800114d   Thumb Code    80  lcd.o(.text)
    LCD_DisplayOff                           0x0800119d   Thumb Code    78  lcd.o(.text)
    LCD_Scan_Dir                             0x080011eb   Thumb Code  1504  lcd.o(.text)
    LCD_DrawPoint                            0x080017cb   Thumb Code    76  lcd.o(.text)
    LCD_Fast_DrawPoint                       0x08001817   Thumb Code   980  lcd.o(.text)
    LCD_Display_Dir                          0x08001beb   Thumb Code   420  lcd.o(.text)
    LCD_Set_Window                           0x08001d8f   Thumb Code  1212  lcd.o(.text)
    LCD_Clear                                0x0800224b   Thumb Code   164  lcd.o(.text)
    LCD_Init                                 0x080022ef   Thumb Code 14876  lcd.o(.text)
    LCD_Fill                                 0x08005d0b   Thumb Code   226  lcd.o(.text)
    LCD_Color_Fill                           0x08005ded   Thumb Code   140  lcd.o(.text)
    LCD_DrawLine                             0x08005e79   Thumb Code   176  lcd.o(.text)
    LCD_DrawRectangle                        0x08005f29   Thumb Code    80  lcd.o(.text)
    LCD_Draw_Circle                          0x08005f79   Thumb Code   176  lcd.o(.text)
    LCD_ShowChar                             0x08006029   Thumb Code   272  lcd.o(.text)
    LCD_Pow                                  0x08006139   Thumb Code    22  lcd.o(.text)
    LCD_ShowNum                              0x0800614f   Thumb Code   148  lcd.o(.text)
    LCD_ShowxNum                             0x080061e3   Thumb Code   190  lcd.o(.text)
    LCD_ShowString                           0x080062a1   Thumb Code   102  lcd.o(.text)
    delay_osschedlock                        0x08006321   Thumb Code    10  delay.o(.text)
    delay_osschedunlock                      0x0800632b   Thumb Code    10  delay.o(.text)
    delay_ostimedly                          0x08006335   Thumb Code    16  delay.o(.text)
    SysTick_Handler                          0x08006345   Thumb Code    24  delay.o(.text)
    delay_init                               0x0800635d   Thumb Code    92  delay.o(.text)
    delay_us                                 0x080063b9   Thumb Code    86  delay.o(.text)
    delay_ms                                 0x0800640f   Thumb Code    66  delay.o(.text)
    _sys_exit                                0x0800646d   Thumb Code     4  usart.o(.text)
    fputc                                    0x08006471   Thumb Code    24  usart.o(.text)
    uart_init                                0x08006489   Thumb Code   158  usart.o(.text)
    USART1_IRQHandler                        0x08006527   Thumb Code   130  usart.o(.text)
    Reset_Handler                            0x080065b9   Thumb Code     8  startup_stm32f10x_hd.o(.text)
    ADC1_2_IRQHandler                        0x080065d3   Thumb Code     0  startup_stm32f10x_hd.o(.text)
    ADC3_IRQHandler                          0x080065d3   Thumb Code     0  startup_stm32f10x_hd.o(.text)
    CAN1_RX1_IRQHandler                      0x080065d3   Thumb Code     0  startup_stm32f10x_hd.o(.text)
    CAN1_SCE_IRQHandler                      0x080065d3   Thumb Code     0  startup_stm32f10x_hd.o(.text)
    DMA1_Channel1_IRQHandler                 0x080065d3   Thumb Code     0  startup_stm32f10x_hd.o(.text)
    DMA1_Channel2_IRQHandler                 0x080065d3   Thumb Code     0  startup_stm32f10x_hd.o(.text)
    DMA1_Channel3_IRQHandler                 0x080065d3   Thumb Code     0  startup_stm32f10x_hd.o(.text)
    DMA1_Channel4_IRQHandler                 0x080065d3   Thumb Code     0  startup_stm32f10x_hd.o(.text)
    DMA1_Channel5_IRQHandler                 0x080065d3   Thumb Code     0  startup_stm32f10x_hd.o(.text)
    DMA1_Channel6_IRQHandler                 0x080065d3   Thumb Code     0  startup_stm32f10x_hd.o(.text)
    DMA1_Channel7_IRQHandler                 0x080065d3   Thumb Code     0  startup_stm32f10x_hd.o(.text)
    DMA2_Channel1_IRQHandler                 0x080065d3   Thumb Code     0  startup_stm32f10x_hd.o(.text)
    DMA2_Channel2_IRQHandler                 0x080065d3   Thumb Code     0  startup_stm32f10x_hd.o(.text)
    DMA2_Channel3_IRQHandler                 0x080065d3   Thumb Code     0  startup_stm32f10x_hd.o(.text)
    DMA2_Channel4_5_IRQHandler               0x080065d3   Thumb Code     0  startup_stm32f10x_hd.o(.text)
    EXTI0_IRQHandler                         0x080065d3   Thumb Code     0  startup_stm32f10x_hd.o(.text)
    EXTI15_10_IRQHandler                     0x080065d3   Thumb Code     0  startup_stm32f10x_hd.o(.text)
    EXTI1_IRQHandler                         0x080065d3   Thumb Code     0  startup_stm32f10x_hd.o(.text)
    EXTI2_IRQHandler                         0x080065d3   Thumb Code     0  startup_stm32f10x_hd.o(.text)
    EXTI3_IRQHandler                         0x080065d3   Thumb Code     0  startup_stm32f10x_hd.o(.text)
    EXTI4_IRQHandler                         0x080065d3   Thumb Code     0  startup_stm32f10x_hd.o(.text)
    EXTI9_5_IRQHandler                       0x080065d3   Thumb Code     0  startup_stm32f10x_hd.o(.text)
    FLASH_IRQHandler                         0x080065d3   Thumb Code     0  startup_stm32f10x_hd.o(.text)
    FSMC_IRQHandler                          0x080065d3   Thumb Code     0  startup_stm32f10x_hd.o(.text)
    I2C1_ER_IRQHandler                       0x080065d3   Thumb Code     0  startup_stm32f10x_hd.o(.text)
    I2C1_EV_IRQHandler                       0x080065d3   Thumb Code     0  startup_stm32f10x_hd.o(.text)
    I2C2_ER_IRQHandler                       0x080065d3   Thumb Code     0  startup_stm32f10x_hd.o(.text)
    I2C2_EV_IRQHandler                       0x080065d3   Thumb Code     0  startup_stm32f10x_hd.o(.text)
    PVD_IRQHandler                           0x080065d3   Thumb Code     0  startup_stm32f10x_hd.o(.text)
    RCC_IRQHandler                           0x080065d3   Thumb Code     0  startup_stm32f10x_hd.o(.text)
    RTCAlarm_IRQHandler                      0x080065d3   Thumb Code     0  startup_stm32f10x_hd.o(.text)
    RTC_IRQHandler                           0x080065d3   Thumb Code     0  startup_stm32f10x_hd.o(.text)
    SDIO_IRQHandler                          0x080065d3   Thumb Code     0  startup_stm32f10x_hd.o(.text)
    SPI1_IRQHandler                          0x080065d3   Thumb Code     0  startup_stm32f10x_hd.o(.text)
    SPI2_IRQHandler                          0x080065d3   Thumb Code     0  startup_stm32f10x_hd.o(.text)
    SPI3_IRQHandler                          0x080065d3   Thumb Code     0  startup_stm32f10x_hd.o(.text)
    TAMPER_IRQHandler                        0x080065d3   Thumb Code     0  startup_stm32f10x_hd.o(.text)
    TIM1_BRK_IRQHandler                      0x080065d3   Thumb Code     0  startup_stm32f10x_hd.o(.text)
    TIM1_CC_IRQHandler                       0x080065d3   Thumb Code     0  startup_stm32f10x_hd.o(.text)
    TIM1_TRG_COM_IRQHandler                  0x080065d3   Thumb Code     0  startup_stm32f10x_hd.o(.text)
    TIM1_UP_IRQHandler                       0x080065d3   Thumb Code     0  startup_stm32f10x_hd.o(.text)
    TIM2_IRQHandler                          0x080065d3   Thumb Code     0  startup_stm32f10x_hd.o(.text)
    TIM3_IRQHandler                          0x080065d3   Thumb Code     0  startup_stm32f10x_hd.o(.text)
    TIM4_IRQHandler                          0x080065d3   Thumb Code     0  startup_stm32f10x_hd.o(.text)
    TIM5_IRQHandler                          0x080065d3   Thumb Code     0  startup_stm32f10x_hd.o(.text)
    TIM6_IRQHandler                          0x080065d3   Thumb Code     0  startup_stm32f10x_hd.o(.text)
    TIM7_IRQHandler                          0x080065d3   Thumb Code     0  startup_stm32f10x_hd.o(.text)
    TIM8_BRK_IRQHandler                      0x080065d3   Thumb Code     0  startup_stm32f10x_hd.o(.text)
    TIM8_CC_IRQHandler                       0x080065d3   Thumb Code     0  startup_stm32f10x_hd.o(.text)
    TIM8_TRG_COM_IRQHandler                  0x080065d3   Thumb Code     0  startup_stm32f10x_hd.o(.text)
    TIM8_UP_IRQHandler                       0x080065d3   Thumb Code     0  startup_stm32f10x_hd.o(.text)
    UART4_IRQHandler                         0x080065d3   Thumb Code     0  startup_stm32f10x_hd.o(.text)
    UART5_IRQHandler                         0x080065d3   Thumb Code     0  startup_stm32f10x_hd.o(.text)
    USART2_IRQHandler                        0x080065d3   Thumb Code     0  startup_stm32f10x_hd.o(.text)
    USART3_IRQHandler                        0x080065d3   Thumb Code     0  startup_stm32f10x_hd.o(.text)
    USBWakeUp_IRQHandler                     0x080065d3   Thumb Code     0  startup_stm32f10x_hd.o(.text)
    USB_HP_CAN1_TX_IRQHandler                0x080065d3   Thumb Code     0  startup_stm32f10x_hd.o(.text)
    USB_LP_CAN1_RX0_IRQHandler               0x080065d3   Thumb Code     0  startup_stm32f10x_hd.o(.text)
    WWDG_IRQHandler                          0x080065d3   Thumb Code     0  startup_stm32f10x_hd.o(.text)
    __user_initial_stackheap                 0x080065d5   Thumb Code     0  startup_stm32f10x_hd.o(.text)
    NVIC_PriorityGroupConfig                 0x080065f9   Thumb Code    10  misc.o(.text)
    NVIC_Init                                0x08006603   Thumb Code   100  misc.o(.text)
    NVIC_SetVectorTable                      0x08006667   Thumb Code    14  misc.o(.text)
    NVIC_SystemLPConfig                      0x08006675   Thumb Code    34  misc.o(.text)
    SysTick_CLKSourceConfig                  0x08006697   Thumb Code    40  misc.o(.text)
    GPIO_DeInit                              0x080066d5   Thumb Code   172  stm32f10x_gpio.o(.text)
    GPIO_AFIODeInit                          0x08006781   Thumb Code    20  stm32f10x_gpio.o(.text)
    GPIO_Init                                0x08006795   Thumb Code   278  stm32f10x_gpio.o(.text)
    GPIO_StructInit                          0x080068ab   Thumb Code    16  stm32f10x_gpio.o(.text)
    GPIO_ReadInputDataBit                    0x080068bb   Thumb Code    18  stm32f10x_gpio.o(.text)
    GPIO_ReadInputData                       0x080068cd   Thumb Code     8  stm32f10x_gpio.o(.text)
    GPIO_ReadOutputDataBit                   0x080068d5   Thumb Code    18  stm32f10x_gpio.o(.text)
    GPIO_ReadOutputData                      0x080068e7   Thumb Code     8  stm32f10x_gpio.o(.text)
    GPIO_SetBits                             0x080068ef   Thumb Code     4  stm32f10x_gpio.o(.text)
    GPIO_ResetBits                           0x080068f3   Thumb Code     4  stm32f10x_gpio.o(.text)
    GPIO_WriteBit                            0x080068f7   Thumb Code    10  stm32f10x_gpio.o(.text)
    GPIO_Write                               0x08006901   Thumb Code     4  stm32f10x_gpio.o(.text)
    GPIO_PinLockConfig                       0x08006905   Thumb Code    18  stm32f10x_gpio.o(.text)
    GPIO_EventOutputConfig                   0x08006917   Thumb Code    26  stm32f10x_gpio.o(.text)
    GPIO_EventOutputCmd                      0x08006931   Thumb Code     6  stm32f10x_gpio.o(.text)
    GPIO_PinRemapConfig                      0x08006937   Thumb Code   138  stm32f10x_gpio.o(.text)
    GPIO_EXTILineConfig                      0x080069c1   Thumb Code    66  stm32f10x_gpio.o(.text)
    GPIO_ETH_MediaInterfaceConfig            0x08006a03   Thumb Code     8  stm32f10x_gpio.o(.text)
    USART_DeInit                             0x08006a31   Thumb Code   134  stm32f10x_usart.o(.text)
    USART_Init                               0x08006ab7   Thumb Code   210  stm32f10x_usart.o(.text)
    USART_StructInit                         0x08006b89   Thumb Code    24  stm32f10x_usart.o(.text)
    USART_ClockInit                          0x08006ba1   Thumb Code    34  stm32f10x_usart.o(.text)
    USART_ClockStructInit                    0x08006bc3   Thumb Code    12  stm32f10x_usart.o(.text)
    USART_Cmd                                0x08006bcf   Thumb Code    24  stm32f10x_usart.o(.text)
    USART_ITConfig                           0x08006be7   Thumb Code    74  stm32f10x_usart.o(.text)
    USART_DMACmd                             0x08006c31   Thumb Code    18  stm32f10x_usart.o(.text)
    USART_SetAddress                         0x08006c43   Thumb Code    18  stm32f10x_usart.o(.text)
    USART_WakeUpConfig                       0x08006c55   Thumb Code    18  stm32f10x_usart.o(.text)
    USART_ReceiverWakeUpCmd                  0x08006c67   Thumb Code    24  stm32f10x_usart.o(.text)
    USART_LINBreakDetectLengthConfig         0x08006c7f   Thumb Code    18  stm32f10x_usart.o(.text)
    USART_LINCmd                             0x08006c91   Thumb Code    24  stm32f10x_usart.o(.text)
    USART_SendData                           0x08006ca9   Thumb Code     8  stm32f10x_usart.o(.text)
    USART_ReceiveData                        0x08006cb1   Thumb Code    10  stm32f10x_usart.o(.text)
    USART_SendBreak                          0x08006cbb   Thumb Code    10  stm32f10x_usart.o(.text)
    USART_SetGuardTime                       0x08006cc5   Thumb Code    16  stm32f10x_usart.o(.text)
    USART_SetPrescaler                       0x08006cd5   Thumb Code    16  stm32f10x_usart.o(.text)
    USART_SmartCardCmd                       0x08006ce5   Thumb Code    24  stm32f10x_usart.o(.text)
    USART_SmartCardNACKCmd                   0x08006cfd   Thumb Code    24  stm32f10x_usart.o(.text)
    USART_HalfDuplexCmd                      0x08006d15   Thumb Code    24  stm32f10x_usart.o(.text)
    USART_OverSampling8Cmd                   0x08006d2d   Thumb Code    22  stm32f10x_usart.o(.text)
    USART_OneBitMethodCmd                    0x08006d43   Thumb Code    24  stm32f10x_usart.o(.text)
    USART_IrDAConfig                         0x08006d5b   Thumb Code    18  stm32f10x_usart.o(.text)
    USART_IrDACmd                            0x08006d6d   Thumb Code    24  stm32f10x_usart.o(.text)
    USART_GetFlagStatus                      0x08006d85   Thumb Code    26  stm32f10x_usart.o(.text)
    USART_ClearFlag                          0x08006d9f   Thumb Code    18  stm32f10x_usart.o(.text)
    USART_GetITStatus                        0x08006db1   Thumb Code    84  stm32f10x_usart.o(.text)
    USART_ClearITPendingBit                  0x08006e05   Thumb Code    52  stm32f10x_usart.o(.text)
    RCC_DeInit                               0x08006e39   Thumb Code    64  stm32f10x_rcc.o(.text)
    RCC_HSEConfig                            0x08006e79   Thumb Code    70  stm32f10x_rcc.o(.text)
    RCC_GetFlagStatus                        0x08006ebf   Thumb Code    56  stm32f10x_rcc.o(.text)
    RCC_WaitForHSEStartUp                    0x08006ef7   Thumb Code    56  stm32f10x_rcc.o(.text)
    RCC_AdjustHSICalibrationValue            0x08006f2f   Thumb Code    20  stm32f10x_rcc.o(.text)
    RCC_HSICmd                               0x08006f43   Thumb Code     6  stm32f10x_rcc.o(.text)
    RCC_PLLConfig                            0x08006f49   Thumb Code    24  stm32f10x_rcc.o(.text)
    RCC_PLLCmd                               0x08006f61   Thumb Code     6  stm32f10x_rcc.o(.text)
    RCC_SYSCLKConfig                         0x08006f67   Thumb Code    18  stm32f10x_rcc.o(.text)
    RCC_GetSYSCLKSource                      0x08006f79   Thumb Code    10  stm32f10x_rcc.o(.text)
    RCC_HCLKConfig                           0x08006f83   Thumb Code    18  stm32f10x_rcc.o(.text)
    RCC_PCLK1Config                          0x08006f95   Thumb Code    18  stm32f10x_rcc.o(.text)
    RCC_PCLK2Config                          0x08006fa7   Thumb Code    20  stm32f10x_rcc.o(.text)
    RCC_ITConfig                             0x08006fbb   Thumb Code    26  stm32f10x_rcc.o(.text)
    RCC_USBCLKConfig                         0x08006fd5   Thumb Code     8  stm32f10x_rcc.o(.text)
    RCC_ADCCLKConfig                         0x08006fdd   Thumb Code    18  stm32f10x_rcc.o(.text)
    RCC_LSEConfig                            0x08006fef   Thumb Code    50  stm32f10x_rcc.o(.text)
    RCC_LSICmd                               0x08007021   Thumb Code     6  stm32f10x_rcc.o(.text)
    RCC_RTCCLKConfig                         0x08007027   Thumb Code    12  stm32f10x_rcc.o(.text)
    RCC_RTCCLKCmd                            0x08007033   Thumb Code     8  stm32f10x_rcc.o(.text)
    RCC_GetClocksFreq                        0x0800703b   Thumb Code   192  stm32f10x_rcc.o(.text)
    RCC_AHBPeriphClockCmd                    0x080070fb   Thumb Code    26  stm32f10x_rcc.o(.text)
    RCC_APB2PeriphClockCmd                   0x08007115   Thumb Code    26  stm32f10x_rcc.o(.text)
    RCC_APB1PeriphClockCmd                   0x0800712f   Thumb Code    26  stm32f10x_rcc.o(.text)
    RCC_APB2PeriphResetCmd                   0x08007149   Thumb Code    26  stm32f10x_rcc.o(.text)
    RCC_APB1PeriphResetCmd                   0x08007163   Thumb Code    26  stm32f10x_rcc.o(.text)
    RCC_BackupResetCmd                       0x0800717d   Thumb Code     8  stm32f10x_rcc.o(.text)
    RCC_ClockSecuritySystemCmd               0x08007185   Thumb Code     6  stm32f10x_rcc.o(.text)
    RCC_MCOConfig                            0x0800718b   Thumb Code     6  stm32f10x_rcc.o(.text)
    RCC_ClearFlag                            0x08007191   Thumb Code    14  stm32f10x_rcc.o(.text)
    RCC_GetITStatus                          0x0800719f   Thumb Code    20  stm32f10x_rcc.o(.text)
    RCC_ClearITPendingBit                    0x080071b3   Thumb Code     6  stm32f10x_rcc.o(.text)
    BSP_CPU_ClkFreq                          0x080071dd   Thumb Code    16  bsp.o(.text)
    CPU_TS_TmrInit                           0x080071ed   Thumb Code    44  bsp.o(.text)
    CPU_TS_TmrRd                             0x08007219   Thumb Code     6  bsp.o(.text)
    CPU_TS32_to_uSec                         0x0800721f   Thumb Code    54  bsp.o(.text)
    CPU_NameClr                              0x08007261   Thumb Code    42  cpu_core.o(.text)
    CPU_Init                                 0x080072a1   Thumb Code    12  cpu_core.o(.text)
    CPU_SW_Exception                         0x080072ad   Thumb Code     4  cpu_core.o(.text)
    CPU_NameGet                              0x080072b1   Thumb Code    70  cpu_core.o(.text)
    CPU_NameSet                              0x080072f7   Thumb Code    96  cpu_core.o(.text)
    CPU_TS_Get32                             0x08007357   Thumb Code    12  cpu_core.o(.text)
    CPU_TS_Update                            0x08007363   Thumb Code     2  cpu_core.o(.text)
    CPU_TS_TmrFreqGet                        0x08007365   Thumb Code    30  cpu_core.o(.text)
    CPU_TS_TmrFreqSet                        0x08007383   Thumb Code     6  cpu_core.o(.text)
    CPU_CntLeadZeros08                       0x08007389   Thumb Code    18  cpu_core.o(.text)
    CPU_CntLeadZeros16                       0x0800739b   Thumb Code    18  cpu_core.o(.text)
    CPU_CntLeadZeros32                       0x080073ad   Thumb Code    18  cpu_core.o(.text)
    CPU_CntLeadZeros64                       0x080073bf   Thumb Code   188  cpu_core.o(.text)
    CPU_CntTrailZeros08                      0x0800747b   Thumb Code    22  cpu_core.o(.text)
    CPU_CntTrailZeros16                      0x08007491   Thumb Code    22  cpu_core.o(.text)
    CPU_CntTrailZeros32                      0x080074a7   Thumb Code    22  cpu_core.o(.text)
    CPU_CntTrailZeros64                      0x080074bd   Thumb Code    62  cpu_core.o(.text)
    CPU_IntDis                               0x08007509   Thumb Code     0  cpu_a.o(.text)
    CPU_IntEn                                0x0800750d   Thumb Code     0  cpu_a.o(.text)
    CPU_SR_Save                              0x08007511   Thumb Code     0  cpu_a.o(.text)
    CPU_SR_Restore                           0x08007519   Thumb Code     0  cpu_a.o(.text)
    CPU_WaitForInt                           0x0800751f   Thumb Code     0  cpu_a.o(.text)
    CPU_WaitForExcept                        0x08007523   Thumb Code     0  cpu_a.o(.text)
    CPU_CntLeadZeros                         0x08007527   Thumb Code     0  cpu_a.o(.text)
    CPU_CntTrailZeros                        0x0800752d   Thumb Code     0  cpu_a.o(.text)
    CPU_RevBits                              0x08007537   Thumb Code     0  cpu_a.o(.text)
    ASCII_IsAlpha                            0x0800753d   Thumb Code    48  lib_ascii.o(.text)
    ASCII_IsAlphaNum                         0x0800756d   Thumb Code    76  lib_ascii.o(.text)
    ASCII_IsLower                            0x080075b9   Thumb Code    20  lib_ascii.o(.text)
    ASCII_IsUpper                            0x080075cd   Thumb Code    20  lib_ascii.o(.text)
    ASCII_IsDig                              0x080075e1   Thumb Code    20  lib_ascii.o(.text)
    ASCII_IsDigOct                           0x080075f5   Thumb Code    20  lib_ascii.o(.text)
    ASCII_IsDigHex                           0x08007609   Thumb Code    36  lib_ascii.o(.text)
    ASCII_IsBlank                            0x0800762d   Thumb Code    20  lib_ascii.o(.text)
    ASCII_IsSpace                            0x08007641   Thumb Code    36  lib_ascii.o(.text)
    ASCII_IsPrint                            0x08007665   Thumb Code    20  lib_ascii.o(.text)
    ASCII_IsGraph                            0x08007679   Thumb Code    20  lib_ascii.o(.text)
    ASCII_IsPunct                            0x0800768d   Thumb Code   134  lib_ascii.o(.text)
    ASCII_IsCtrl                             0x08007713   Thumb Code    26  lib_ascii.o(.text)
    ASCII_ToLower                            0x0800772d   Thumb Code    32  lib_ascii.o(.text)
    ASCII_ToUpper                            0x0800774d   Thumb Code    32  lib_ascii.o(.text)
    ASCII_Cmp                                0x0800776d   Thumb Code    38  lib_ascii.o(.text)
    Mem_Init                                 0x08007795   Thumb Code    54  lib_mem.o(.text)
    Mem_Set                                  0x080077cb   Thumb Code    84  lib_mem.o(.text)
    Mem_Clr                                  0x0800781f   Thumb Code    18  lib_mem.o(.text)
    Mem_Move                                 0x08007831   Thumb Code   186  lib_mem.o(.text)
    Mem_Cmp                                  0x080078eb   Thumb Code   192  lib_mem.o(.text)
    Mem_HeapAlloc                            0x08007a23   Thumb Code   168  lib_mem.o(.text)
    Mem_SegGetSizeRem                        0x08007acb   Thumb Code   108  lib_mem.o(.text)
    Mem_HeapGetSizeRem                       0x08007b37   Thumb Code    22  lib_mem.o(.text)
    Mem_PoolClr                              0x08007b4d   Thumb Code    80  lib_mem.o(.text)
    Mem_PoolCreate                           0x08007b9d   Thumb Code   838  lib_mem.o(.text)
    Mem_PoolBlkGetNbrAvail                   0x08007ee3   Thumb Code    52  lib_mem.o(.text)
    Mem_PoolBlkGet                           0x08007f17   Thumb Code   126  lib_mem.o(.text)
    Mem_PoolBlkGetUsedAtIx                   0x08007f95   Thumb Code   140  lib_mem.o(.text)
    Mem_PoolBlkFree                          0x08008021   Thumb Code   152  lib_mem.o(.text)
    Mem_PoolBlkIxGet                         0x080080b9   Thumb Code   162  lib_mem.o(.text)
    Str_Len_N                                0x0800815d   Thumb Code    28  lib_str.o(.text)
    Str_Len                                  0x08008179   Thumb Code    20  lib_str.o(.text)
    Str_Copy_N                               0x0800818d   Thumb Code    70  lib_str.o(.text)
    Str_Copy                                 0x080081d3   Thumb Code    24  lib_str.o(.text)
    Str_Cat_N                                0x080081eb   Thumb Code    90  lib_str.o(.text)
    Str_Cat                                  0x08008245   Thumb Code    24  lib_str.o(.text)
    Str_Cmp_N                                0x0800825d   Thumb Code   156  lib_str.o(.text)
    Str_Cmp                                  0x080082f9   Thumb Code    24  lib_str.o(.text)
    Str_CmpIgnoreCase_N                      0x08008311   Thumb Code   264  lib_str.o(.text)
    Str_CmpIgnoreCase                        0x08008419   Thumb Code    24  lib_str.o(.text)
    Str_Char_N                               0x08008431   Thumb Code    74  lib_str.o(.text)
    Str_Char                                 0x0800847b   Thumb Code    24  lib_str.o(.text)
    Str_Char_Last_N                          0x08008493   Thumb Code    76  lib_str.o(.text)
    Str_Char_Last                            0x080084df   Thumb Code    24  lib_str.o(.text)
    Str_Char_Replace_N                       0x080084f7   Thumb Code    52  lib_str.o(.text)
    Str_Char_Replace                         0x0800852b   Thumb Code    28  lib_str.o(.text)
    Str_Str_N                                0x08008547   Thumb Code   182  lib_str.o(.text)
    Str_Str                                  0x080085fd   Thumb Code    24  lib_str.o(.text)
    Str_FmtNbr_Int32U                        0x080087f1   Thumb Code    46  lib_str.o(.text)
    Str_FmtNbr_Int32S                        0x0800881f   Thumb Code    62  lib_str.o(.text)
    Str_ParseNbr_Int32U                      0x08008a1b   Thumb Code    30  lib_str.o(.text)
    Str_ParseNbr_Int32S                      0x08008a39   Thumb Code    74  lib_str.o(.text)
    Mem_Copy                                 0x08008a89   Thumb Code     0  lib_mem_a.o(.text)
    OSCfg_Init                               0x08008ca9   Thumb Code    86  os_cfg_app.o(.text)
    OS_IdleTask                              0x08008da5   Thumb Code    60  os_core.o(.text)
    OS_IdleTaskInit                          0x08008de1   Thumb Code    68  os_core.o(.text)
    OS_RdyListInit                           0x08008e25   Thumb Code    32  os_core.o(.text)
    OSInit                                   0x08008e45   Thumb Code   300  os_core.o(.text)
    OSIntEnter                               0x08008f71   Thumb Code    34  os_core.o(.text)
    OSIntExit                                0x08008f93   Thumb Code   192  os_core.o(.text)
    OSSched                                  0x08009053   Thumb Code   134  os_core.o(.text)
    OS_SchedLockTimeMeasStart                0x080090d9   Thumb Code    20  os_core.o(.text)
    OSSchedLock                              0x080090ed   Thumb Code   104  os_core.o(.text)
    OS_SchedLockTimeMeasStop                 0x08009155   Thumb Code    44  os_core.o(.text)
    OSSchedUnlock                            0x08009181   Thumb Code   290  os_core.o(.text)
    OSSchedRoundRobinCfg                     0x080092a3   Thumb Code    88  os_core.o(.text)
    OS_RdyListMoveHeadToTail                 0x080092fb   Thumb Code    68  os_core.o(.text)
    OSSchedRoundRobinYield                   0x0800933f   Thumb Code   164  os_core.o(.text)
    OSStart                                  0x080093e3   Thumb Code    78  os_core.o(.text)
    OSVersion                                0x08009431   Thumb Code    12  os_core.o(.text)
    OS_PendDbgNameAdd                        0x0800943d   Thumb Code    66  os_core.o(.text)
    OS_PendListInsertPrio                    0x0800947f   Thumb Code   102  os_core.o(.text)
    OS_PendDataInit                          0x080094e5   Thumb Code    38  os_core.o(.text)
    OS_RdyListRemove                         0x0800950b   Thumb Code    86  os_core.o(.text)
    OS_TaskBlock                             0x08009561   Thumb Code    56  os_core.o(.text)
    OS_Pend                                  0x08009599   Thumb Code    98  os_core.o(.text)
    OS_PendListRemove1                       0x080095fb   Thumb Code   134  os_core.o(.text)
    OS_PendListRemove                        0x08009681   Thumb Code    48  os_core.o(.text)
    OS_PendAbort1                            0x080096b1   Thumb Code    36  os_core.o(.text)
    OS_RdyListInsertHead                     0x080096d5   Thumb Code    58  os_core.o(.text)
    OS_RdyListInsertTail                     0x0800970f   Thumb Code    56  os_core.o(.text)
    OS_RdyListInsert                         0x08009747   Thumb Code    40  os_core.o(.text)
    OS_TaskRdy                               0x0800976f   Thumb Code    28  os_core.o(.text)
    OS_PendAbort                             0x0800978b   Thumb Code   166  os_core.o(.text)
    OS_PendDbgNameRemove                     0x08009831   Thumb Code    34  os_core.o(.text)
    OS_PendListChangePrio                    0x08009853   Thumb Code    70  os_core.o(.text)
    OS_PendListInit                          0x08009899   Thumb Code    10  os_core.o(.text)
    OS_PendListInsertHead                    0x080098a3   Thumb Code    32  os_core.o(.text)
    OS_PendObjDel1                           0x080098c3   Thumb Code    36  os_core.o(.text)
    OS_PendObjDel                            0x080098e7   Thumb Code   162  os_core.o(.text)
    OS_Post1                                 0x08009989   Thumb Code    42  os_core.o(.text)
    OS_Post                                  0x080099b3   Thumb Code   192  os_core.o(.text)
    OS_Sched0                                0x08009a73   Thumb Code   102  os_core.o(.text)
    OS_SchedRoundRobin                       0x08009ad9   Thumb Code   190  os_core.o(.text)
    OS_Dbg_Init                              0x08009ba9   Thumb Code   146  os_dbg.o(.text)
    OS_FlagDbgListAdd                        0x08009d59   Thumb Code    38  os_flag.o(.text)
    OSFlagCreate                             0x08009d7f   Thumb Code   172  os_flag.o(.text)
    OS_FlagClr                               0x08009e2b   Thumb Code    28  os_flag.o(.text)
    OS_FlagDbgListRemove                     0x08009e47   Thumb Code    44  os_flag.o(.text)
    OSFlagDel                                0x08009e73   Thumb Code   594  os_flag.o(.text)
    OS_FlagBlock                             0x0800a0c5   Thumb Code    58  os_flag.o(.text)
    OSFlagPend                               0x0800a0ff   Thumb Code  1488  os_flag.o(.text)
    OSFlagPendAbort                          0x0800a6cf   Thumb Code   292  os_flag.o(.text)
    OSFlagPendGetFlagsRdy                    0x0800a7f3   Thumb Code    68  os_flag.o(.text)
    OS_FlagTaskRdy                           0x0800a837   Thumb Code    86  os_flag.o(.text)
    OS_FlagPost                              0x0800a88d   Thumb Code   570  os_flag.o(.text)
    OSFlagPost                               0x0800aac7   Thumb Code   146  os_flag.o(.text)
    OS_FlagInit                              0x0800ab59   Thumb Code    14  os_flag.o(.text)
    OS_IntQPost                              0x0800ab81   Thumb Code   216  os_int.o(.text)
    OS_IntQRePost                            0x0800ac59   Thumb Code   360  os_int.o(.text)
    OS_IntQTask                              0x0800adc1   Thumb Code   162  os_int.o(.text)
    OS_IntQTaskInit                          0x0800ae63   Thumb Code   208  os_int.o(.text)
    OS_MemDbgListAdd                         0x0800afc5   Thumb Code    34  os_mem.o(.text)
    OSMemCreate                              0x0800afe7   Thumb Code   288  os_mem.o(.text)
    OSMemGet                                 0x0800b107   Thumb Code   100  os_mem.o(.text)
    OSMemPut                                 0x0800b16b   Thumb Code   112  os_mem.o(.text)
    OS_MemInit                               0x0800b1db   Thumb Code    14  os_mem.o(.text)
    OS_MsgPoolCreate                         0x0800b1fd   Thumb Code    54  os_msg.o(.text)
    OS_MsgPoolInit                           0x0800b233   Thumb Code    70  os_msg.o(.text)
    OS_MsgQFreeAll                           0x0800b279   Thumb Code    62  os_msg.o(.text)
    OS_MsgQInit                              0x0800b2b7   Thumb Code    14  os_msg.o(.text)
    OS_MsgQGet                               0x0800b2c5   Thumb Code    98  os_msg.o(.text)
    OS_MsgQPut                               0x0800b327   Thumb Code   246  os_msg.o(.text)
    OS_MutexDbgListAdd                       0x0800b429   Thumb Code    38  os_mutex.o(.text)
    OSMutexCreate                            0x0800b44f   Thumb Code   178  os_mutex.o(.text)
    OS_MutexClr                              0x0800b501   Thumb Code    38  os_mutex.o(.text)
    OS_MutexDbgListRemove                    0x0800b527   Thumb Code    44  os_mutex.o(.text)
    OSMutexDel                               0x0800b553   Thumb Code   842  os_mutex.o(.text)
    OSMutexPend                              0x0800b89d   Thumb Code   706  os_mutex.o(.text)
    OSMutexPendAbort                         0x0800bb5f   Thumb Code   314  os_mutex.o(.text)
    OSMutexPost                              0x0800bc99   Thumb Code   564  os_mutex.o(.text)
    OS_MutexInit                             0x0800becd   Thumb Code    14  os_mutex.o(.text)
    OS_PrioInit                              0x0800befd   Thumb Code    20  os_prio.o(.text)
    OS_PrioGetHighest                        0x0800bf11   Thumb Code    36  os_prio.o(.text)
    OS_PrioInsert                            0x0800bf35   Thumb Code    32  os_prio.o(.text)
    OS_PrioRemove                            0x0800bf55   Thumb Code    32  os_prio.o(.text)
    OS_QDbgListAdd                           0x0800bf79   Thumb Code    38  os_q.o(.text)
    OSQCreate                                0x0800bf9f   Thumb Code   186  os_q.o(.text)
    OS_QClr                                  0x0800c059   Thumb Code    40  os_q.o(.text)
    OS_QDbgListRemove                        0x0800c081   Thumb Code    44  os_q.o(.text)
    OSQDel                                   0x0800c0ad   Thumb Code   362  os_q.o(.text)
    OSQFlush                                 0x0800c217   Thumb Code   210  os_q.o(.text)
    OSQPend                                  0x0800c2e9   Thumb Code   538  os_q.o(.text)
    OSQPendAbort                             0x0800c503   Thumb Code   292  os_q.o(.text)
    OS_QPost                                 0x0800c627   Thumb Code   324  os_q.o(.text)
    OSQPost                                  0x0800c76b   Thumb Code   198  os_q.o(.text)
    OS_QInit                                 0x0800c831   Thumb Code    14  os_q.o(.text)
    OS_SemDbgListAdd                         0x0800c851   Thumb Code    38  os_sem.o(.text)
    OSSemCreate                              0x0800c877   Thumb Code   172  os_sem.o(.text)
    OS_SemClr                                0x0800c923   Thumb Code    28  os_sem.o(.text)
    OS_SemDbgListRemove                      0x0800c93f   Thumb Code    44  os_sem.o(.text)
    OSSemDel                                 0x0800c96b   Thumb Code   362  os_sem.o(.text)
    OSSemPend                                0x0800cad5   Thumb Code   504  os_sem.o(.text)
    OSSemPendAbort                           0x0800cccd   Thumb Code   292  os_sem.o(.text)
    OS_SemPost                               0x0800cdf1   Thumb Code   350  os_sem.o(.text)
    OSSemPost                                0x0800cf4f   Thumb Code   144  os_sem.o(.text)
    OSSemSet                                 0x0800cfdf   Thumb Code   138  os_sem.o(.text)
    OS_SemInit                               0x0800d069   Thumb Code    14  os_sem.o(.text)
    OSStatReset                              0x0800d081   Thumb Code   270  os_stat.o(.text)
    OSStatTaskCPUUsageInit                   0x0800d18f   Thumb Code   212  os_stat.o(.text)
    OS_StatTask                              0x0800d263   Thumb Code   888  os_stat.o(.text)
    OS_StatTaskInit                          0x0800d5db   Thumb Code   138  os_stat.o(.text)
    OSTaskChangePrio                         0x0800d6b9   Thumb Code   416  os_task.o(.text)
    OS_TaskDbgListAdd                        0x0800d859   Thumb Code    42  os_task.o(.text)
    OS_TaskInitTCB                           0x0800d883   Thumb Code   186  os_task.o(.text)
    OSTaskCreate                             0x0800d93d   Thumb Code   616  os_task.o(.text)
    OS_TaskDbgListRemove                     0x0800dba5   Thumb Code    64  os_task.o(.text)
    OSTaskDel                                0x0800dbe5   Thumb Code   424  os_task.o(.text)
    OSTaskQFlush                             0x0800dd8d   Thumb Code   214  os_task.o(.text)
    OSTaskQPend                              0x0800de63   Thumb Code   554  os_task.o(.text)
    OSTaskQPendAbort                         0x0800e08d   Thumb Code   242  os_task.o(.text)
    OS_TaskQPost                             0x0800e17f   Thumb Code   526  os_task.o(.text)
    OSTaskQPost                              0x0800e38d   Thumb Code   114  os_task.o(.text)
    OSTaskRegGet                             0x0800e3ff   Thumb Code    78  os_task.o(.text)
    OSTaskRegGetID                           0x0800e44d   Thumb Code    84  os_task.o(.text)
    OSTaskRegSet                             0x0800e4a1   Thumb Code    78  os_task.o(.text)
    OS_TaskResume                            0x0800e4ef   Thumb Code   314  os_task.o(.text)
    OSTaskResume                             0x0800e629   Thumb Code   112  os_task.o(.text)
    OSTaskSemPend                            0x0800e699   Thumb Code   550  os_task.o(.text)
    OSTaskSemPendAbort                       0x0800e8bf   Thumb Code   270  os_task.o(.text)
    OS_TaskSemPost                           0x0800e9cd   Thumb Code  1224  os_task.o(.text)
    OSTaskSemPost                            0x0800ee95   Thumb Code    98  os_task.o(.text)
    OSTaskSemSet                             0x0800eef7   Thumb Code    80  os_task.o(.text)
    OSTaskStkChk                             0x0800ef47   Thumb Code   224  os_task.o(.text)
    OS_TaskSuspend                           0x0800f027   Thumb Code   328  os_task.o(.text)
    OSTaskSuspend                            0x0800f16f   Thumb Code    78  os_task.o(.text)
    OSTaskTimeQuantaSet                      0x0800f1bd   Thumb Code    96  os_task.o(.text)
    OS_TaskInit                              0x0800f21d   Thumb Code    18  os_task.o(.text)
    OS_TaskReturn                            0x0800f22f   Thumb Code    20  os_task.o(.text)
    OS_TickListRemove                        0x0800f26d   Thumb Code    56  os_tick.o(.text)
    OS_TickListUpdate                        0x0800f2a5   Thumb Code   480  os_tick.o(.text)
    OS_TickTask                              0x0800f485   Thumb Code    38  os_tick.o(.text)
    OS_TickListInit                          0x0800f4ab   Thumb Code    32  os_tick.o(.text)
    OS_TickTaskInit                          0x0800f4cb   Thumb Code   130  os_tick.o(.text)
    OS_TickListInsert                        0x0800f54d   Thumb Code   502  os_tick.o(.text)
    OS_TickListResetPeak                     0x0800f743   Thumb Code    28  os_tick.o(.text)
    OSTimeDly                                0x0800f769   Thumb Code   266  os_time.o(.text)
    OSTimeDlyHMSM                            0x0800f873   Thumb Code   480  os_time.o(.text)
    OSTimeDlyResume                          0x0800fa53   Thumb Code   466  os_time.o(.text)
    OSTimeGet                                0x0800fc25   Thumb Code    46  os_time.o(.text)
    OSTimeSet                                0x0800fc53   Thumb Code    46  os_time.o(.text)
    OSTimeTick                               0x0800fc81   Thumb Code    54  os_time.o(.text)
    OS_TmrDbgListAdd                         0x0800fccd   Thumb Code    34  os_tmr.o(.text)
    OSTmrCreate                              0x0800fcef   Thumb Code   248  os_tmr.o(.text)
    OS_TmrClr                                0x0800fde7   Thumb Code    36  os_tmr.o(.text)
    OS_TmrUnlink                             0x0800fe0b   Thumb Code    72  os_tmr.o(.text)
    OS_TmrDbgListRemove                      0x0800fe53   Thumb Code    44  os_tmr.o(.text)
    OSTmrDel                                 0x0800fe7f   Thumb Code   176  os_tmr.o(.text)
    OSTmrRemainGet                           0x0800ff2f   Thumb Code   184  os_tmr.o(.text)
    OS_TmrLink                               0x0800ffe7   Thumb Code   196  os_tmr.o(.text)
    OSTmrStart                               0x080100ab   Thumb Code   210  os_tmr.o(.text)
    OSTmrStateGet                            0x0801017d   Thumb Code   134  os_tmr.o(.text)
    OSTmrStop                                0x08010203   Thumb Code   232  os_tmr.o(.text)
    OS_TmrTask                               0x080102eb   Thumb Code   176  os_tmr.o(.text)
    OS_TmrInit                               0x0801039b   Thumb Code   208  os_tmr.o(.text)
    OS_TmrResetPeak                          0x0801046b   Thumb Code    28  os_tmr.o(.text)
    OSIdleTaskHook                           0x080104e5   Thumb Code    16  os_cpu_c.o(.text)
    OSInitHook                               0x080104f5   Thumb Code    42  os_cpu_c.o(.text)
    OSStatTaskHook                           0x0801051f   Thumb Code    16  os_cpu_c.o(.text)
    OSTaskCreateHook                         0x0801052f   Thumb Code    20  os_cpu_c.o(.text)
    OSTaskDelHook                            0x08010543   Thumb Code    20  os_cpu_c.o(.text)
    OSTaskReturnHook                         0x08010557   Thumb Code    20  os_cpu_c.o(.text)
    OSTaskStkInit                            0x0801056b   Thumb Code   188  os_cpu_c.o(.text)
    OSTaskSwHook                             0x08010627   Thumb Code   120  os_cpu_c.o(.text)
    OSTimeTickHook                           0x0801069f   Thumb Code    16  os_cpu_c.o(.text)
    OS_CPU_SysTickHandler                    0x080106af   Thumb Code    52  os_cpu_c.o(.text)
    OS_CPU_SysTickInit                       0x080106e3   Thumb Code    44  os_cpu_c.o(.text)
    __use_no_semihosting                     0x08010751   Thumb Code     2  use_no_semi_2.o(.text)
    __aeabi_uldivmod                         0x08010753   Thumb Code     0  lludivv7m.o(.text)
    _ll_udiv                                 0x08010753   Thumb Code   238  lludivv7m.o(.text)
    __2printf                                0x08010841   Thumb Code    20  noretval__2printf.o(.text)
    __printf                                 0x08010859   Thumb Code   104  __printf.o(.text)
    _printf_int_dec                          0x080108c1   Thumb Code   104  _printf_dec.o(.text)
    _printf_int_hex                          0x08010939   Thumb Code    84  _printf_hex_int.o(.text)
    _printf_longlong_hex                     0x08010939   Thumb Code     0  _printf_hex_int.o(.text)
    __use_two_region_memory                  0x08010991   Thumb Code     2  heapauxi.o(.text)
    __rt_heap_escrow$2region                 0x08010993   Thumb Code     2  heapauxi.o(.text)
    __rt_heap_expand$2region                 0x08010995   Thumb Code     2  heapauxi.o(.text)
    __I$use$semihosting                      0x08010997   Thumb Code     0  use_no_semi.o(.text)
    __use_no_semihosting_swi                 0x08010997   Thumb Code     2  use_no_semi.o(.text)
    _printf_int_common                       0x08010999   Thumb Code   178  _printf_intcommon.o(.text)
    _printf_char_file                        0x08010a4d   Thumb Code    32  _printf_char_file.o(.text)
    _printf_char_common                      0x08010a7b   Thumb Code    32  _printf_char_common.o(.text)
    ferror                                   0x08010aa1   Thumb Code     8  ferror.o(.text)
    __user_setup_stackheap                   0x08010aa9   Thumb Code    74  sys_stackheap_outer.o(.text)
    exit                                     0x08010af3   Thumb Code    18  exit.o(.text)
    __user_libspace                          0x08010b05   Thumb Code     8  libspace.o(.text)
    __user_perproc_libspace                  0x08010b05   Thumb Code     0  libspace.o(.text)
    __user_perthread_libspace                0x08010b05   Thumb Code     0  libspace.o(.text)
    OSStartHighRdy                           0x08010b0d   Thumb Code     0  os_cpu_a.o(CODE)
    PendSV_Handler                           0x08010b43   Thumb Code     0  os_cpu_a.o(CODE)
    asc2_1206                                0x08010ba4   Data        1140  lcd.o(.constdata)
    asc2_1608                                0x08011018   Data        1520  lcd.o(.constdata)
    asc2_2412                                0x08011608   Data        3420  lcd.o(.constdata)
    CPU_EndiannessTest                       0x08012464   Data           4  cpu_core.o(.constdata)
    OSCfg_IdleTaskStkBasePtr                 0x080124fc   Data           4  os_cfg_app.o(.constdata)
    OSCfg_IdleTaskStkLimit                   0x08012500   Data           4  os_cfg_app.o(.constdata)
    OSCfg_IdleTaskStkSize                    0x08012504   Data           4  os_cfg_app.o(.constdata)
    OSCfg_IdleTaskStkSizeRAM                 0x08012508   Data           4  os_cfg_app.o(.constdata)
    OSCfg_IntQBasePtr                        0x0801250c   Data           4  os_cfg_app.o(.constdata)
    OSCfg_IntQSize                           0x08012510   Data           2  os_cfg_app.o(.constdata)
    OSCfg_IntQSizeRAM                        0x08012514   Data           4  os_cfg_app.o(.constdata)
    OSCfg_IntQTaskStkBasePtr                 0x08012518   Data           4  os_cfg_app.o(.constdata)
    OSCfg_IntQTaskStkLimit                   0x0801251c   Data           4  os_cfg_app.o(.constdata)
    OSCfg_IntQTaskStkSize                    0x08012520   Data           4  os_cfg_app.o(.constdata)
    OSCfg_IntQTaskStkSizeRAM                 0x08012524   Data           4  os_cfg_app.o(.constdata)
    OSCfg_ISRStkBasePtr                      0x08012528   Data           4  os_cfg_app.o(.constdata)
    OSCfg_ISRStkSize                         0x0801252c   Data           4  os_cfg_app.o(.constdata)
    OSCfg_ISRStkSizeRAM                      0x08012530   Data           4  os_cfg_app.o(.constdata)
    OSCfg_MsgPoolSize                        0x08012534   Data           2  os_cfg_app.o(.constdata)
    OSCfg_MsgPoolSizeRAM                     0x08012538   Data           4  os_cfg_app.o(.constdata)
    OSCfg_MsgPoolBasePtr                     0x0801253c   Data           4  os_cfg_app.o(.constdata)
    OSCfg_StatTaskPrio                       0x08012540   Data           1  os_cfg_app.o(.constdata)
    OSCfg_StatTaskRate_Hz                    0x08012544   Data           4  os_cfg_app.o(.constdata)
    OSCfg_StatTaskStkBasePtr                 0x08012548   Data           4  os_cfg_app.o(.constdata)
    OSCfg_StatTaskStkLimit                   0x0801254c   Data           4  os_cfg_app.o(.constdata)
    OSCfg_StatTaskStkSize                    0x08012550   Data           4  os_cfg_app.o(.constdata)
    OSCfg_StatTaskStkSizeRAM                 0x08012554   Data           4  os_cfg_app.o(.constdata)
    OSCfg_StkSizeMin                         0x08012558   Data           4  os_cfg_app.o(.constdata)
    OSCfg_TickRate_Hz                        0x0801255c   Data           4  os_cfg_app.o(.constdata)
    OSCfg_TickTaskPrio                       0x08012560   Data           1  os_cfg_app.o(.constdata)
    OSCfg_TickTaskStkBasePtr                 0x08012564   Data           4  os_cfg_app.o(.constdata)
    OSCfg_TickTaskStkLimit                   0x08012568   Data           4  os_cfg_app.o(.constdata)
    OSCfg_TickTaskStkSize                    0x0801256c   Data           4  os_cfg_app.o(.constdata)
    OSCfg_TickTaskStkSizeRAM                 0x08012570   Data           4  os_cfg_app.o(.constdata)
    OSCfg_TickWheelSize                      0x08012574   Data           2  os_cfg_app.o(.constdata)
    OSCfg_TickWheelSizeRAM                   0x08012578   Data           4  os_cfg_app.o(.constdata)
    OSCfg_TmrTaskPrio                        0x0801257c   Data           1  os_cfg_app.o(.constdata)
    OSCfg_TmrTaskRate_Hz                     0x08012580   Data           4  os_cfg_app.o(.constdata)
    OSCfg_TmrTaskStkBasePtr                  0x08012584   Data           4  os_cfg_app.o(.constdata)
    OSCfg_TmrTaskStkLimit                    0x08012588   Data           4  os_cfg_app.o(.constdata)
    OSCfg_TmrTaskStkSize                     0x0801258c   Data           4  os_cfg_app.o(.constdata)
    OSCfg_TmrTaskStkSizeRAM                  0x08012590   Data           4  os_cfg_app.o(.constdata)
    OSCfg_TmrWheelSize                       0x08012594   Data           2  os_cfg_app.o(.constdata)
    OSCfg_TmrWheelSizeRAM                    0x08012598   Data           4  os_cfg_app.o(.constdata)
    OSCfg_DataSizeRAM                        0x0801259c   Data           4  os_cfg_app.o(.constdata)
    OSDbg_DbgEn                              0x080125a0   Data           2  os_dbg.o(.constdata)
    OSDbg_ArgChkEn                           0x080125a2   Data           1  os_dbg.o(.constdata)
    OSDbg_AppHooksEn                         0x080125a3   Data           1  os_dbg.o(.constdata)
    OSDbg_EndiannessTest                     0x080125a4   Data           4  os_dbg.o(.constdata)
    OSDbg_CalledFromISRChkEn                 0x080125a8   Data           1  os_dbg.o(.constdata)
    OSDbg_FlagEn                             0x080125a9   Data           1  os_dbg.o(.constdata)
    OSDbg_FlagGrp                            0x080125ac   Data          40  os_dbg.o(.constdata)
    OSDbg_FlagDelEn                          0x080125d4   Data           1  os_dbg.o(.constdata)
    OSDbg_FlagModeClrEn                      0x080125d5   Data           1  os_dbg.o(.constdata)
    OSDbg_FlagPendAbortEn                    0x080125d6   Data           1  os_dbg.o(.constdata)
    OSDbg_FlagGrpSize                        0x080125d8   Data           2  os_dbg.o(.constdata)
    OSDbg_FlagWidth                          0x080125da   Data           2  os_dbg.o(.constdata)
    OSDbg_IntQ                               0x080125dc   Data           2  os_dbg.o(.constdata)
    OSDbg_ISRPostDeferredEn                  0x080125de   Data           1  os_dbg.o(.constdata)
    OSDbg_Mem                                0x080125e0   Data          32  os_dbg.o(.constdata)
    OSDbg_MemEn                              0x08012600   Data           1  os_dbg.o(.constdata)
    OSDbg_MemSize                            0x08012602   Data           2  os_dbg.o(.constdata)
    OSDbg_MsgEn                              0x08012604   Data           1  os_dbg.o(.constdata)
    OSDbg_MsgSize                            0x08012606   Data           2  os_dbg.o(.constdata)
    OSDbg_MsgPoolSize                        0x08012608   Data           2  os_dbg.o(.constdata)
    OSDbg_MsgQSize                           0x0801260a   Data           2  os_dbg.o(.constdata)
    OSDbg_Mutex                              0x0801260c   Data          44  os_dbg.o(.constdata)
    OSDbg_MutexEn                            0x08012638   Data           1  os_dbg.o(.constdata)
    OSDbg_MutexDelEn                         0x08012639   Data           1  os_dbg.o(.constdata)
    OSDbg_MutexPendAbortEn                   0x0801263a   Data           1  os_dbg.o(.constdata)
    OSDbg_MutexSize                          0x0801263c   Data           2  os_dbg.o(.constdata)
    OSDbg_ObjTypeChkEn                       0x0801263e   Data           1  os_dbg.o(.constdata)
    OSDbg_PendMultiEn                        0x0801263f   Data           1  os_dbg.o(.constdata)
    OSDbg_PendDataSize                       0x08012640   Data           2  os_dbg.o(.constdata)
    OSDbg_PendListSize                       0x08012642   Data           2  os_dbg.o(.constdata)
    OSDbg_PendObjSize                        0x08012644   Data           2  os_dbg.o(.constdata)
    OSDbg_PrioMax                            0x08012646   Data           2  os_dbg.o(.constdata)
    OSDbg_PrioTblSize                        0x08012648   Data           2  os_dbg.o(.constdata)
    OSDbg_PtrSize                            0x0801264a   Data           2  os_dbg.o(.constdata)
    OSDbg_Q                                  0x0801264c   Data          48  os_dbg.o(.constdata)
    OSDbg_QEn                                0x0801267c   Data           1  os_dbg.o(.constdata)
    OSDbg_QDelEn                             0x0801267d   Data           1  os_dbg.o(.constdata)
    OSDbg_QFlushEn                           0x0801267e   Data           1  os_dbg.o(.constdata)
    OSDbg_QPendAbortEn                       0x0801267f   Data           1  os_dbg.o(.constdata)
    OSDbg_QSize                              0x08012680   Data           2  os_dbg.o(.constdata)
    OSDbg_SchedRoundRobinEn                  0x08012682   Data           1  os_dbg.o(.constdata)
    OSDbg_Sem                                0x08012684   Data          40  os_dbg.o(.constdata)
    OSDbg_SemEn                              0x080126ac   Data           1  os_dbg.o(.constdata)
    OSDbg_SemDelEn                           0x080126ad   Data           1  os_dbg.o(.constdata)
    OSDbg_SemPendAbortEn                     0x080126ae   Data           1  os_dbg.o(.constdata)
    OSDbg_SemSetEn                           0x080126af   Data           1  os_dbg.o(.constdata)
    OSDbg_SemSize                            0x080126b0   Data           2  os_dbg.o(.constdata)
    OSDbg_RdyList                            0x080126b2   Data           2  os_dbg.o(.constdata)
    OSDbg_RdyListSize                        0x080126b4   Data           4  os_dbg.o(.constdata)
    OSDbg_StkWidth                           0x080126b8   Data           1  os_dbg.o(.constdata)
    OSDbg_StatTaskEn                         0x080126b9   Data           1  os_dbg.o(.constdata)
    OSDbg_StatTaskStkChkEn                   0x080126ba   Data           1  os_dbg.o(.constdata)
    OSDbg_TaskChangePrioEn                   0x080126bb   Data           1  os_dbg.o(.constdata)
    OSDbg_TaskDelEn                          0x080126bc   Data           1  os_dbg.o(.constdata)
    OSDbg_TaskQEn                            0x080126bd   Data           1  os_dbg.o(.constdata)
    OSDbg_TaskQPendAbortEn                   0x080126be   Data           1  os_dbg.o(.constdata)
    OSDbg_TaskProfileEn                      0x080126bf   Data           1  os_dbg.o(.constdata)
    OSDbg_TaskRegTblSize                     0x080126c0   Data           2  os_dbg.o(.constdata)
    OSDbg_TaskSemPendAbortEn                 0x080126c2   Data           1  os_dbg.o(.constdata)
    OSDbg_TaskSuspendEn                      0x080126c3   Data           1  os_dbg.o(.constdata)
    OSDbg_TCBSize                            0x080126c4   Data           2  os_dbg.o(.constdata)
    OSDbg_TickSpokeSize                      0x080126c6   Data           2  os_dbg.o(.constdata)
    OSDbg_TimeDlyHMSMEn                      0x080126c8   Data           1  os_dbg.o(.constdata)
    OSDbg_TimeDlyResumeEn                    0x080126c9   Data           1  os_dbg.o(.constdata)
    OSDbg_TLS_TblSize                        0x080126ca   Data           2  os_dbg.o(.constdata)
    OSDbg_Tmr                                0x080126cc   Data          52  os_dbg.o(.constdata)
    OSDbg_TmrEn                              0x08012700   Data           1  os_dbg.o(.constdata)
    OSDbg_TmrDelEn                           0x08012701   Data           1  os_dbg.o(.constdata)
    OSDbg_TmrSize                            0x08012702   Data           2  os_dbg.o(.constdata)
    OSDbg_TmrSpokeSize                       0x08012704   Data           2  os_dbg.o(.constdata)
    OSDbg_VersionNbr                         0x08012706   Data           2  os_dbg.o(.constdata)
    OSDbg_DataSize                           0x08012708   Data           4  os_dbg.o(.constdata)
    Region$$Table$$Base                      0x08012734   Number         0  anon$$obj.o(Region$$Table)
    Region$$Table$$Limit                     0x08012754   Number         0  anon$$obj.o(Region$$Table)
    lcd_discolor                             0x20000000   Data          56  main.o(.data)
    SystemCoreClock                          0x20000038   Data           4  system_stm32f10x.o(.data)
    AHBPrescTable                            0x2000003c   Data          16  system_stm32f10x.o(.data)
    POINT_COLOR                              0x2000004c   Data           2  lcd.o(.data)
    BACK_COLOR                               0x2000004e   Data           2  lcd.o(.data)
    __stdout                                 0x20000054   Data           4  usart.o(.data)
    USART_RX_STA                             0x20000058   Data           2  usart.o(.data)
    CPU_TS_TmrFreq_Hz                        0x20000070   Data           4  cpu_core.o(.data)
    Mem_PoolTbl                              0x20000074   Data           4  lib_mem.o(.data)
    OSPrioTbl                                0x20000078   Data           8  os_prio.o(.data)
    OS_AppTaskCreateHookPtr                  0x20000080   Data           4  os_var.o(.data)
    OS_AppTaskDelHookPtr                     0x20000084   Data           4  os_var.o(.data)
    OS_AppTaskReturnHookPtr                  0x20000088   Data           4  os_var.o(.data)
    OS_AppIdleTaskHookPtr                    0x2000008c   Data           4  os_var.o(.data)
    OS_AppStatTaskHookPtr                    0x20000090   Data           4  os_var.o(.data)
    OS_AppTaskSwHookPtr                      0x20000094   Data           4  os_var.o(.data)
    OS_AppTimeTickHookPtr                    0x20000098   Data           4  os_var.o(.data)
    OSIdleTaskCtr                            0x2000009c   Data           4  os_var.o(.data)
    OSIntNestingCtr                          0x200000a0   Data           1  os_var.o(.data)
    OSRunning                                0x200000a1   Data           1  os_var.o(.data)
    OSIntQInPtr                              0x200000a4   Data           4  os_var.o(.data)
    OSIntQOutPtr                             0x200000a8   Data           4  os_var.o(.data)
    OSIntQNbrEntries                         0x200000ac   Data           2  os_var.o(.data)
    OSIntQNbrEntriesMax                      0x200000ae   Data           2  os_var.o(.data)
    OSIntQOvfCtr                             0x200000b0   Data           2  os_var.o(.data)
    OSIntQTaskTimeMax                        0x200000b4   Data           4  os_var.o(.data)
    OSFlagDbgListPtr                         0x200000b8   Data           4  os_var.o(.data)
    OSFlagQty                                0x200000bc   Data           2  os_var.o(.data)
    OSMemDbgListPtr                          0x200000c0   Data           4  os_var.o(.data)
    OSMemQty                                 0x200000c4   Data           2  os_var.o(.data)
    OSMutexDbgListPtr                        0x200000c8   Data           4  os_var.o(.data)
    OSMutexQty                               0x200000cc   Data           2  os_var.o(.data)
    OSPrioCur                                0x200000ce   Data           1  os_var.o(.data)
    OSPrioHighRdy                            0x200000cf   Data           1  os_var.o(.data)
    OSPrioSaved                              0x200000d0   Data           1  os_var.o(.data)
    OSQDbgListPtr                            0x200000d4   Data           4  os_var.o(.data)
    OSQQty                                   0x200000d8   Data           2  os_var.o(.data)
    OSSchedLockTimeBegin                     0x200000dc   Data           4  os_var.o(.data)
    OSSchedLockTimeMax                       0x200000e0   Data           4  os_var.o(.data)
    OSSchedLockTimeMaxCur                    0x200000e4   Data           4  os_var.o(.data)
    OSSchedLockNestingCtr                    0x200000e8   Data           1  os_var.o(.data)
    OSSchedRoundRobinDfltTimeQuanta          0x200000ec   Data           4  os_var.o(.data)
    OSSchedRoundRobinEn                      0x200000f0   Data           1  os_var.o(.data)
    OSSemDbgListPtr                          0x200000f4   Data           4  os_var.o(.data)
    OSSemQty                                 0x200000f8   Data           2  os_var.o(.data)
    OSStatResetFlag                          0x200000fa   Data           1  os_var.o(.data)
    OSStatTaskCPUUsage                       0x200000fc   Data           2  os_var.o(.data)
    OSStatTaskCPUUsageMax                    0x200000fe   Data           2  os_var.o(.data)
    OSStatTaskCtr                            0x20000100   Data           4  os_var.o(.data)
    OSStatTaskCtrMax                         0x20000104   Data           4  os_var.o(.data)
    OSStatTaskCtrRun                         0x20000108   Data           4  os_var.o(.data)
    OSStatTaskRdy                            0x2000010c   Data           1  os_var.o(.data)
    OSStatTaskTimeMax                        0x20000110   Data           4  os_var.o(.data)
    OSTaskCtxSwCtr                           0x20000114   Data           4  os_var.o(.data)
    OSTaskDbgListPtr                         0x20000118   Data           4  os_var.o(.data)
    OSTaskQty                                0x2000011c   Data           2  os_var.o(.data)
    OSTaskRegNextAvailID                     0x2000011e   Data           1  os_var.o(.data)
    OSTickCtr                                0x20000120   Data           4  os_var.o(.data)
    OSTickTaskTimeMax                        0x20000124   Data           4  os_var.o(.data)
    OSTmrDbgListPtr                          0x20000128   Data           4  os_var.o(.data)
    OSTmrQty                                 0x2000012c   Data           2  os_var.o(.data)
    OSTmrTaskTimeMax                         0x20000130   Data           4  os_var.o(.data)
    OSTmrTickCtr                             0x20000134   Data           4  os_var.o(.data)
    OSTmrUpdateCnt                           0x20000138   Data           4  os_var.o(.data)
    OSTmrUpdateCtr                           0x2000013c   Data           4  os_var.o(.data)
    OSTCBCurPtr                              0x20000140   Data           4  os_var.o(.data)
    OSTCBHighRdyPtr                          0x20000144   Data           4  os_var.o(.data)
    OS_CPU_ExceptStkBase                     0x20000148   Data           4  os_cpu_c.o(.data)
    StartTaskTCB                             0x2000014c   Data         196  main.o(.bss)
    START_TASK_STK                           0x20000210   Data         512  main.o(.bss)
    Task1_TaskTCB                            0x20000410   Data         196  main.o(.bss)
    TASK1_TASK_STK                           0x200004d4   Data         512  main.o(.bss)
    Task2_TaskTCB                            0x200006d4   Data         196  main.o(.bss)
    TASK2_TASK_STK                           0x20000798   Data         512  main.o(.bss)
    lcddev                                   0x20000998   Data          14  lcd.o(.bss)
    USART_RX_BUF                             0x200009a6   Data         200  usart.o(.bss)
    CPU_Name                                 0x20000a6e   Data          16  cpu_core.o(.bss)
    Mem_PoolHeap                             0x20000a80   Data          72  lib_mem.o(.bss)
    Mem_Heap                                 0x20000ac8   Data        1024  lib_mem.o(.bss)
    OSCfg_IdleTaskStk                        0x20000ec8   Data         512  os_cfg_app.o(.bss)
    OSCfg_IntQ                               0x200010c8   Data         320  os_cfg_app.o(.bss)
    OSCfg_IntQTaskStk                        0x20001208   Data         512  os_cfg_app.o(.bss)
    OSCfg_ISRStk                             0x20001408   Data         512  os_cfg_app.o(.bss)
    OSCfg_MsgPool                            0x20001608   Data        1600  os_cfg_app.o(.bss)
    OSCfg_StatTaskStk                        0x20001c48   Data         512  os_cfg_app.o(.bss)
    OSCfg_TickTaskStk                        0x20001e48   Data         512  os_cfg_app.o(.bss)
    OSCfg_TickWheel                          0x20002048   Data         136  os_cfg_app.o(.bss)
    OSCfg_TmrTaskStk                         0x200020d0   Data         512  os_cfg_app.o(.bss)
    OSCfg_TmrWheel                           0x200022d0   Data         136  os_cfg_app.o(.bss)
    OSIdleTaskTCB                            0x20002358   Data         196  os_var.o(.bss)
    OSIntQTaskTCB                            0x2000241c   Data         196  os_var.o(.bss)
    OSMsgPool                                0x200024e0   Data          12  os_var.o(.bss)
    OSRdyList                                0x200024ec   Data         768  os_var.o(.bss)
    OSStatTaskTCB                            0x200027ec   Data         196  os_var.o(.bss)
    OSTickTaskTCB                            0x200028b0   Data         196  os_var.o(.bss)
    OSTmrTaskTCB                             0x20002974   Data         196  os_var.o(.bss)
    __libspace_start                         0x20002a38   Data          96  libspace.o(.bss)
    __temporary_stack_top$libspace           0x20002a98   Data           0  libspace.o(.bss)



==============================================================================

Memory Map of the image

  Image Entry point : 0x08000131

  Load Region LR_IROM1 (Base: 0x08000000, Size: 0x000128a0, Max: 0x00040000, ABSOLUTE, COMPRESSED[0x00012790])

    Execution Region ER_IROM1 (Exec base: 0x08000000, Load base: 0x08000000, Size: 0x00012754, Max: 0x00040000, ABSOLUTE)

    Exec Addr    Load Addr    Size         Type   Attr      Idx    E Section Name        Object

    0x08000000   0x08000000   0x00000130   Data   RO          307    RESET               startup_stm32f10x_hd.o
    0x08000130   0x08000130   0x00000008   Code   RO          819  * !!!main             c_w.l(__main.o)
    0x08000138   0x08000138   0x00000034   Code   RO         1001    !!!scatter          c_w.l(__scatter.o)
    0x0800016c   0x0800016c   0x0000005a   Code   RO          999    !!dczerorl2         c_w.l(__dczerorl2.o)
    0x080001c6   0x080001c6   0x00000002   PAD
    0x080001c8   0x080001c8   0x0000001c   Code   RO         1003    !!handler_zi        c_w.l(__scatter_zi.o)
    0x080001e4   0x080001e4   0x00000000   Code   RO          816    .ARM.Collect$$_printf_percent$$00000000  c_w.l(_printf_percent.o)
    0x080001e4   0x080001e4   0x00000006   Code   RO          815    .ARM.Collect$$_printf_percent$$00000009  c_w.l(_printf_d.o)
    0x080001ea   0x080001ea   0x00000006   Code   RO          814    .ARM.Collect$$_printf_percent$$0000000C  c_w.l(_printf_x.o)
    0x080001f0   0x080001f0   0x00000004   Code   RO          832    .ARM.Collect$$_printf_percent$$00000017  c_w.l(_printf_percent_end.o)
    0x080001f4   0x080001f4   0x00000002   Code   RO          871    .ARM.Collect$$libinit$$00000000  c_w.l(libinit.o)
    0x080001f6   0x080001f6   0x00000000   Code   RO          884    .ARM.Collect$$libinit$$00000002  c_w.l(libinit2.o)
    0x080001f6   0x080001f6   0x00000000   Code   RO          886    .ARM.Collect$$libinit$$00000004  c_w.l(libinit2.o)
    0x080001f6   0x080001f6   0x00000000   Code   RO          889    .ARM.Collect$$libinit$$0000000A  c_w.l(libinit2.o)
    0x080001f6   0x080001f6   0x00000000   Code   RO          891    .ARM.Collect$$libinit$$0000000C  c_w.l(libinit2.o)
    0x080001f6   0x080001f6   0x00000000   Code   RO          893    .ARM.Collect$$libinit$$0000000E  c_w.l(libinit2.o)
    0x080001f6   0x080001f6   0x00000000   Code   RO          896    .ARM.Collect$$libinit$$00000011  c_w.l(libinit2.o)
    0x080001f6   0x080001f6   0x00000000   Code   RO          898    .ARM.Collect$$libinit$$00000013  c_w.l(libinit2.o)
    0x080001f6   0x080001f6   0x00000000   Code   RO          900    .ARM.Collect$$libinit$$00000015  c_w.l(libinit2.o)
    0x080001f6   0x080001f6   0x00000000   Code   RO          902    .ARM.Collect$$libinit$$00000017  c_w.l(libinit2.o)
    0x080001f6   0x080001f6   0x00000000   Code   RO          904    .ARM.Collect$$libinit$$00000019  c_w.l(libinit2.o)
    0x080001f6   0x080001f6   0x00000000   Code   RO          906    .ARM.Collect$$libinit$$0000001B  c_w.l(libinit2.o)
    0x080001f6   0x080001f6   0x00000000   Code   RO          908    .ARM.Collect$$libinit$$0000001D  c_w.l(libinit2.o)
    0x080001f6   0x080001f6   0x00000000   Code   RO          910    .ARM.Collect$$libinit$$0000001F  c_w.l(libinit2.o)
    0x080001f6   0x080001f6   0x00000000   Code   RO          912    .ARM.Collect$$libinit$$00000021  c_w.l(libinit2.o)
    0x080001f6   0x080001f6   0x00000000   Code   RO          914    .ARM.Collect$$libinit$$00000023  c_w.l(libinit2.o)
    0x080001f6   0x080001f6   0x00000000   Code   RO          916    .ARM.Collect$$libinit$$00000025  c_w.l(libinit2.o)
    0x080001f6   0x080001f6   0x00000000   Code   RO          920    .ARM.Collect$$libinit$$0000002C  c_w.l(libinit2.o)
    0x080001f6   0x080001f6   0x00000000   Code   RO          922    .ARM.Collect$$libinit$$0000002E  c_w.l(libinit2.o)
    0x080001f6   0x080001f6   0x00000000   Code   RO          924    .ARM.Collect$$libinit$$00000030  c_w.l(libinit2.o)
    0x080001f6   0x080001f6   0x00000000   Code   RO          926    .ARM.Collect$$libinit$$00000032  c_w.l(libinit2.o)
    0x080001f6   0x080001f6   0x00000002   Code   RO          927    .ARM.Collect$$libinit$$00000033  c_w.l(libinit2.o)
    0x080001f8   0x080001f8   0x00000002   Code   RO          953    .ARM.Collect$$libshutdown$$00000000  c_w.l(libshutdown.o)
    0x080001fa   0x080001fa   0x00000000   Code   RO          980    .ARM.Collect$$libshutdown$$00000002  c_w.l(libshutdown2.o)
    0x080001fa   0x080001fa   0x00000000   Code   RO          982    .ARM.Collect$$libshutdown$$00000004  c_w.l(libshutdown2.o)
    0x080001fa   0x080001fa   0x00000000   Code   RO          984    .ARM.Collect$$libshutdown$$00000006  c_w.l(libshutdown2.o)
    0x080001fa   0x080001fa   0x00000000   Code   RO          987    .ARM.Collect$$libshutdown$$00000009  c_w.l(libshutdown2.o)
    0x080001fa   0x080001fa   0x00000000   Code   RO          990    .ARM.Collect$$libshutdown$$0000000C  c_w.l(libshutdown2.o)
    0x080001fa   0x080001fa   0x00000000   Code   RO          992    .ARM.Collect$$libshutdown$$0000000E  c_w.l(libshutdown2.o)
    0x080001fa   0x080001fa   0x00000000   Code   RO          995    .ARM.Collect$$libshutdown$$00000011  c_w.l(libshutdown2.o)
    0x080001fa   0x080001fa   0x00000002   Code   RO          996    .ARM.Collect$$libshutdown$$00000012  c_w.l(libshutdown2.o)
    0x080001fc   0x080001fc   0x00000000   Code   RO          823    .ARM.Collect$$rtentry$$00000000  c_w.l(__rtentry.o)
    0x080001fc   0x080001fc   0x00000000   Code   RO          834    .ARM.Collect$$rtentry$$00000002  c_w.l(__rtentry2.o)
    0x080001fc   0x080001fc   0x00000006   Code   RO          846    .ARM.Collect$$rtentry$$00000004  c_w.l(__rtentry4.o)
    0x08000202   0x08000202   0x00000000   Code   RO          836    .ARM.Collect$$rtentry$$00000009  c_w.l(__rtentry2.o)
    0x08000202   0x08000202   0x00000004   Code   RO          837    .ARM.Collect$$rtentry$$0000000A  c_w.l(__rtentry2.o)
    0x08000206   0x08000206   0x00000000   Code   RO          839    .ARM.Collect$$rtentry$$0000000C  c_w.l(__rtentry2.o)
    0x08000206   0x08000206   0x00000008   Code   RO          840    .ARM.Collect$$rtentry$$0000000D  c_w.l(__rtentry2.o)
    0x0800020e   0x0800020e   0x00000002   Code   RO          875    .ARM.Collect$$rtexit$$00000000  c_w.l(rtexit.o)
    0x08000210   0x08000210   0x00000000   Code   RO          929    .ARM.Collect$$rtexit$$00000002  c_w.l(rtexit2.o)
    0x08000210   0x08000210   0x00000004   Code   RO          930    .ARM.Collect$$rtexit$$00000003  c_w.l(rtexit2.o)
    0x08000214   0x08000214   0x00000006   Code   RO          931    .ARM.Collect$$rtexit$$00000004  c_w.l(rtexit2.o)
    0x0800021a   0x0800021a   0x00000002   PAD
    0x0800021c   0x0800021c   0x00000618   Code   RO            1    .text               main.o
    0x08000834   0x08000834   0x00000016   Code   RO          149    .text               stm32f10x_it.o
    0x0800084a   0x0800084a   0x00000002   PAD
    0x0800084c   0x0800084c   0x000001e0   Code   RO          181    .text               system_stm32f10x.o
    0x08000a2c   0x08000a2c   0x00000050   Code   RO          199    .text               led.o
    0x08000a7c   0x08000a7c   0x000058a4   Code   RO          211    .text               lcd.o
    0x08006320   0x08006320   0x0000014c   Code   RO          241    .text               delay.o
    0x0800646c   0x0800646c   0x0000014c   Code   RO          272    .text               usart.o
    0x080065b8   0x080065b8   0x00000040   Code   RO          308    .text               startup_stm32f10x_hd.o
    0x080065f8   0x080065f8   0x000000dc   Code   RO          312    .text               misc.o
    0x080066d4   0x080066d4   0x0000035c   Code   RO          324    .text               stm32f10x_gpio.o
    0x08006a30   0x08006a30   0x00000408   Code   RO          336    .text               stm32f10x_usart.o
    0x08006e38   0x08006e38   0x000003a4   Code   RO          348    .text               stm32f10x_rcc.o
    0x080071dc   0x080071dc   0x00000084   Code   RO          362    .text               bsp.o
    0x08007260   0x08007260   0x000002a8   Code   RO          377    .text               cpu_core.o
    0x08007508   0x08007508   0x00000034   Code   RO          415    .text               cpu_a.o
    0x0800753c   0x0800753c   0x00000256   Code   RO          418    .text               lib_ascii.o
    0x08007792   0x08007792   0x00000002   PAD
    0x08007794   0x08007794   0x000009c6   Code   RO          451    .text               lib_mem.o
    0x0800815a   0x0800815a   0x00000002   PAD
    0x0800815c   0x0800815c   0x0000092c   Code   RO          470    .text               lib_str.o
    0x08008a88   0x08008a88   0x00000220   Code   RO          487    .text               lib_mem_a.o
    0x08008ca8   0x08008ca8   0x000000fc   Code   RO          490    .text               os_cfg_app.o
    0x08008da4   0x08008da4   0x00000e04   Code   RO          513    .text               os_core.o
    0x08009ba8   0x08009ba8   0x000001b0   Code   RO          525    .text               os_dbg.o
    0x08009d58   0x08009d58   0x00000e28   Code   RO          540    .text               os_flag.o
    0x0800ab80   0x0800ab80   0x00000444   Code   RO          552    .text               os_int.o
    0x0800afc4   0x0800afc4   0x00000238   Code   RO          564    .text               os_mem.o
    0x0800b1fc   0x0800b1fc   0x0000022c   Code   RO          576    .text               os_msg.o
    0x0800b428   0x0800b428   0x00000ad4   Code   RO          588    .text               os_mutex.o
    0x0800befc   0x0800befc   0x0000007c   Code   RO          606    .text               os_prio.o
    0x0800bf78   0x0800bf78   0x000008d8   Code   RO          625    .text               os_q.o
    0x0800c850   0x0800c850   0x00000830   Code   RO          637    .text               os_sem.o
    0x0800d080   0x0800d080   0x00000638   Code   RO          649    .text               os_stat.o
    0x0800d6b8   0x0800d6b8   0x00001bb4   Code   RO          661    .text               os_task.o
    0x0800f26c   0x0800f26c   0x000004fc   Code   RO          673    .text               os_tick.o
    0x0800f768   0x0800f768   0x00000564   Code   RO          685    .text               os_time.o
    0x0800fccc   0x0800fccc   0x00000818   Code   RO          697    .text               os_tmr.o
    0x080104e4   0x080104e4   0x0000026c   Code   RO          726    .text               os_cpu_c.o
    0x08010750   0x08010750   0x00000002   Code   RO          761    .text               c_w.l(use_no_semi_2.o)
    0x08010752   0x08010752   0x000000ee   Code   RO          763    .text               c_w.l(lludivv7m.o)
    0x08010840   0x08010840   0x00000018   Code   RO          767    .text               c_w.l(noretval__2printf.o)
    0x08010858   0x08010858   0x00000068   Code   RO          769    .text               c_w.l(__printf.o)
    0x080108c0   0x080108c0   0x00000078   Code   RO          771    .text               c_w.l(_printf_dec.o)
    0x08010938   0x08010938   0x00000058   Code   RO          776    .text               c_w.l(_printf_hex_int.o)
    0x08010990   0x08010990   0x00000006   Code   RO          817    .text               c_w.l(heapauxi.o)
    0x08010996   0x08010996   0x00000002   Code   RO          821    .text               c_w.l(use_no_semi.o)
    0x08010998   0x08010998   0x000000b2   Code   RO          828    .text               c_w.l(_printf_intcommon.o)
    0x08010a4a   0x08010a4a   0x00000002   PAD
    0x08010a4c   0x08010a4c   0x00000024   Code   RO          830    .text               c_w.l(_printf_char_file.o)
    0x08010a70   0x08010a70   0x00000030   Code   RO          850    .text               c_w.l(_printf_char_common.o)
    0x08010aa0   0x08010aa0   0x00000008   Code   RO          852    .text               c_w.l(ferror.o)
    0x08010aa8   0x08010aa8   0x0000004a   Code   RO          856    .text               c_w.l(sys_stackheap_outer.o)
    0x08010af2   0x08010af2   0x00000012   Code   RO          860    .text               c_w.l(exit.o)
    0x08010b04   0x08010b04   0x00000008   Code   RO          872    .text               c_w.l(libspace.o)
    0x08010b0c   0x08010b0c   0x00000098   Code   RO          723    CODE                os_cpu_a.o
    0x08010ba4   0x08010ba4   0x000017c0   Data   RO          213    .constdata          lcd.o
    0x08012364   0x08012364   0x00000104   Data   RO          379    .constdata          cpu_core.o
    0x08012468   0x08012468   0x00000094   Data   RO          471    .constdata          lib_str.o
    0x080124fc   0x080124fc   0x000000a4   Data   RO          492    .constdata          os_cfg_app.o
    0x080125a0   0x080125a0   0x0000016c   Data   RO          526    .constdata          os_dbg.o
    0x0801270c   0x0801270c   0x00000028   Data   RO          777    .constdata          c_w.l(_printf_hex_int.o)
    0x08012734   0x08012734   0x00000020   Data   RO          997    Region$$Table       anon$$obj.o


    Execution Region RW_IRAM1 (Exec base: 0x20000000, Load base: 0x08012754, Size: 0x00003498, Max: 0x0000c000, ABSOLUTE, COMPRESSED[0x0000003c])

    Exec Addr    Load Addr    Size         Type   Attr      Idx    E Section Name        Object

    0x20000000   COMPRESSED   0x00000038   Data   RW            3    .data               main.o
    0x20000038   COMPRESSED   0x00000014   Data   RW          182    .data               system_stm32f10x.o
    0x2000004c   COMPRESSED   0x00000004   Data   RW          214    .data               lcd.o
    0x20000050   COMPRESSED   0x00000004   Data   RW          242    .data               delay.o
    0x20000054   COMPRESSED   0x00000006   Data   RW          274    .data               usart.o
    0x2000005a   COMPRESSED   0x00000014   Data   RW          349    .data               stm32f10x_rcc.o
    0x2000006e   COMPRESSED   0x00000002   PAD
    0x20000070   COMPRESSED   0x00000004   Data   RW          380    .data               cpu_core.o
    0x20000074   COMPRESSED   0x00000004   Data   RW          453    .data               lib_mem.o
    0x20000078   COMPRESSED   0x00000008   Data   RW          607    .data               os_prio.o
    0x20000080   COMPRESSED   0x000000c8   Data   RW          710    .data               os_var.o
    0x20000148   COMPRESSED   0x00000004   Data   RW          727    .data               os_cpu_c.o
    0x2000014c        -       0x0000084c   Zero   RW            2    .bss                main.o
    0x20000998        -       0x0000000e   Zero   RW          212    .bss                lcd.o
    0x200009a6        -       0x000000c8   Zero   RW          273    .bss                usart.o
    0x20000a6e        -       0x00000010   Zero   RW          378    .bss                cpu_core.o
    0x20000a7e   COMPRESSED   0x00000002   PAD
    0x20000a80        -       0x00000448   Zero   RW          452    .bss                lib_mem.o
    0x20000ec8        -       0x00001490   Zero   RW          491    .bss                os_cfg_app.o
    0x20002358        -       0x000006e0   Zero   RW          709    .bss                os_var.o
    0x20002a38        -       0x00000060   Zero   RW          873    .bss                c_w.l(libspace.o)
    0x20002a98        -       0x00000200   Zero   RW          306    HEAP                startup_stm32f10x_hd.o
    0x20002c98        -       0x00000800   Zero   RW          305    STACK               startup_stm32f10x_hd.o


==============================================================================

Image component sizes


      Code (inc. data)   RO Data    RW Data    ZI Data      Debug   Object Name

       132         12          0          0          0       1147   bsp.o
        52          0          0          0          0        336   cpu_a.o
       680         14        260          4         16      14391   cpu_core.o
       332         28          0          4          0       1809   delay.o
     22692        204       6080          4         14      24348   lcd.o
        80          8          0          0          0        495   led.o
       598          0          0          0          0       3884   lib_ascii.o
      2502         32          0          4       1096      22212   lib_mem.o
       544          0          0          0          0        480   lib_mem_a.o
      2348          6        148          0          0      13782   lib_str.o
      1560        312          0         56       2124     274913   main.o
       220         22          0          0          0       1821   misc.o
       252        166        164          0       5264      20898   os_cfg_app.o
      3588        294          0          0          0      12457   os_core.o
       152         32          0          0          0        392   os_cpu_a.o
       620         66          0          4          0       3805   os_cpu_c.o
       432        286        364          0          0       4749   os_dbg.o
      3624        110          0          0          0       8039   os_flag.o
      1092        146          0          0          0       2344   os_int.o
       568         20          0          0          0       2768   os_mem.o
       556         12          0          0          0       2803   os_msg.o
      2772        114          0          0          0       5574   os_mutex.o
       124          4          0          8          0       1744   os_prio.o
      2264         76          0          0          0       6336   os_q.o
      2096         70          0          0          0       6356   os_sem.o
      1592        180          0          0          0       2825   os_stat.o
      7092        270          0          0          0      14182   os_task.o
      1276         90          0          0          0       3293   os_tick.o
      1380         46          0          0          0       3297   os_time.o
      2072        140          0          0          0       6482   os_tmr.o
         0          0          0        200       1760      19357   os_var.o
        64         26        304          0       2560        792   startup_stm32f10x_hd.o
       860         38          0          0          0       5757   stm32f10x_gpio.o
        22          0          0          0          0        995   stm32f10x_it.o
       932         36          0         20          0       8940   stm32f10x_rcc.o
      1032         22          0          0          0       8480   stm32f10x_usart.o
         0          0          0          0          0         32   sys.o
       480         38          0         20          0       1731   system_stm32f10x.o
       332         16          0          6        200       3154   usart.o

    ----------------------------------------------------------------------
     67020       2936       7352        332      13036     517200   Object Totals
         0          0         32          0          0          0   (incl. Generated)
         6          0          0          2          2          0   (incl. Padding)

    ----------------------------------------------------------------------

      Code (inc. data)   RO Data    RW Data    ZI Data      Debug   Library Member Name

        90          0          0          0          0          0   __dczerorl2.o
         8          0          0          0          0         68   __main.o
       104          0          0          0          0         84   __printf.o
         0          0          0          0          0          0   __rtentry.o
        12          0          0          0          0          0   __rtentry2.o
         6          0          0          0          0          0   __rtentry4.o
        52          8          0          0          0          0   __scatter.o
        28          0          0          0          0          0   __scatter_zi.o
        48          6          0          0          0         96   _printf_char_common.o
        36          4          0          0          0         80   _printf_char_file.o
         6          0          0          0          0          0   _printf_d.o
       120         16          0          0          0         92   _printf_dec.o
        88          4         40          0          0         88   _printf_hex_int.o
       178          0          0          0          0         88   _printf_intcommon.o
         0          0          0          0          0          0   _printf_percent.o
         4          0          0          0          0          0   _printf_percent_end.o
         6          0          0          0          0          0   _printf_x.o
        18          0          0          0          0         80   exit.o
         8          0          0          0          0         68   ferror.o
         6          0          0          0          0        152   heapauxi.o
         2          0          0          0          0          0   libinit.o
         2          0          0          0          0          0   libinit2.o
         2          0          0          0          0          0   libshutdown.o
         2          0          0          0          0          0   libshutdown2.o
         8          4          0          0         96         68   libspace.o
       238          0          0          0          0        100   lludivv7m.o
        24          4          0          0          0         84   noretval__2printf.o
         2          0          0          0          0          0   rtexit.o
        10          0          0          0          0          0   rtexit2.o
        74          0          0          0          0         80   sys_stackheap_outer.o
         2          0          0          0          0         68   use_no_semi.o
         2          0          0          0          0         68   use_no_semi_2.o

    ----------------------------------------------------------------------
      1192         46         40          0         96       1364   Library Totals
         6          0          0          0          0          0   (incl. Padding)

    ----------------------------------------------------------------------

      Code (inc. data)   RO Data    RW Data    ZI Data      Debug   Library Name

      1186         46         40          0         96       1364   c_w.l

    ----------------------------------------------------------------------
      1192         46         40          0         96       1364   Library Totals

    ----------------------------------------------------------------------

==============================================================================


      Code (inc. data)   RO Data    RW Data    ZI Data      Debug   

     68212       2982       7392        332      13132     514764   Grand Totals
     68212       2982       7392         60      13132     514764   ELF Image Totals (compressed)
     68212       2982       7392         60          0          0   ROM Totals

==============================================================================

    Total RO  Size (Code + RO Data)                75604 (  73.83kB)
    Total RW  Size (RW Data + ZI Data)             13464 (  13.15kB)
    Total ROM Size (Code + RO Data + RW Data)      75664 (  73.89kB)

==============================================================================

